Component: ARM Compiler 6.14.1 Tool: armlink [5db06d00]

==============================================================================

Section Cross References

    main.o(.text.main) refers to stm32_f103c6_usart_driver.o(.text.MCAL_UART_Init) for MCAL_UART_Init
    main.o(.text.main) refers to stm32_f103c6_usart_driver.o(.text.MCAL_UART_GPIO_Set_Pins) for MCAL_UART_GPIO_Set_Pins
    main.o(.text.main) refers to main.o(.bss.ch) for ch
    main.o(.text.main) refers to stm32_f103c6_usart_driver.o(.text.MCAL_UART_ReceiveData) for MCAL_UART_ReceiveData
    main.o(.text.main) refers to stm32_f103c6_usart_driver.o(.text.MCAL_UART_SendData) for MCAL_UART_SendData
    main.o(.ARM.exidx.text.main) refers to main.o(.text.main) for [Anonymous Symbol]
    keypad.o(.ARM.exidx.text.delay_mss) refers to keypad.o(.text.delay_mss) for [Anonymous Symbol]
    keypad.o(.text.Keypad_init) refers to stm32_f103c6_gpio_driver.o(.bss.PinCfg) for PinCfg
    keypad.o(.text.Keypad_init) refers to stm32_f103c6_gpio_driver.o(.text.MCAL_GPIO_Init) for MCAL_GPIO_Init
    keypad.o(.text.Keypad_init) refers to stm32_f103c6_gpio_driver.o(.text.MCAL_GPIO_WritePort) for MCAL_GPIO_WritePort
    keypad.o(.ARM.exidx.text.Keypad_init) refers to keypad.o(.text.Keypad_init) for [Anonymous Symbol]
    keypad.o(.text.Keypad_getkey) refers to stm32_f103c6_gpio_driver.o(.text.MCAL_GPIO_WritePin) for MCAL_GPIO_WritePin
    keypad.o(.text.Keypad_getkey) refers to stm32_f103c6_gpio_driver.o(.text.MCAL_GPIO_ReadPin) for MCAL_GPIO_ReadPin
    keypad.o(.ARM.exidx.text.Keypad_getkey) refers to keypad.o(.text.Keypad_getkey) for [Anonymous Symbol]
    lcd.o(.ARM.exidx.text.delay_ms) refers to lcd.o(.text.delay_ms) for [Anonymous Symbol]
    lcd.o(.text.LCD_GPIO_init) refers to stm32_f103c6_gpio_driver.o(.bss.PinCfg) for PinCfg
    lcd.o(.text.LCD_GPIO_init) refers to stm32_f103c6_gpio_driver.o(.text.MCAL_GPIO_Init) for MCAL_GPIO_Init
    lcd.o(.text.LCD_GPIO_init) refers to stm32_f103c6_gpio_driver.o(.text.MCAL_GPIO_WritePin) for MCAL_GPIO_WritePin
    lcd.o(.ARM.exidx.text.LCD_GPIO_init) refers to lcd.o(.text.LCD_GPIO_init) for [Anonymous Symbol]
    lcd.o(.text.LCD_clear_screen) refers to lcd.o(.text.LCD_WRITE_COMMAND) for LCD_WRITE_COMMAND
    lcd.o(.ARM.exidx.text.LCD_clear_screen) refers to lcd.o(.text.LCD_clear_screen) for [Anonymous Symbol]
    lcd.o(.text.LCD_WRITE_COMMAND) refers to stm32_f103c6_gpio_driver.o(.text.MCAL_GPIO_WritePort) for MCAL_GPIO_WritePort
    lcd.o(.text.LCD_WRITE_COMMAND) refers to stm32_f103c6_gpio_driver.o(.text.MCAL_GPIO_WritePin) for MCAL_GPIO_WritePin
    lcd.o(.text.LCD_WRITE_COMMAND) refers to lcd.o(.text.delay_ms) for delay_ms
    lcd.o(.text.LCD_WRITE_COMMAND) refers to lcd.o(.text.LCD_lcd_kick) for LCD_lcd_kick
    lcd.o(.ARM.exidx.text.LCD_WRITE_COMMAND) refers to lcd.o(.text.LCD_WRITE_COMMAND) for [Anonymous Symbol]
    lcd.o(.text.LCD_lcd_kick) refers to stm32_f103c6_gpio_driver.o(.text.MCAL_GPIO_WritePin) for MCAL_GPIO_WritePin
    lcd.o(.text.LCD_lcd_kick) refers to lcd.o(.text.delay_ms) for delay_ms
    lcd.o(.ARM.exidx.text.LCD_lcd_kick) refers to lcd.o(.text.LCD_lcd_kick) for [Anonymous Symbol]
    lcd.o(.text.LCD_GOTO_XY) refers to lcd.o(.text.LCD_WRITE_COMMAND) for LCD_WRITE_COMMAND
    lcd.o(.ARM.exidx.text.LCD_GOTO_XY) refers to lcd.o(.text.LCD_GOTO_XY) for [Anonymous Symbol]
    lcd.o(.text.LCD_INIT) refers to lcd.o(.text.delay_ms) for delay_ms
    lcd.o(.text.LCD_INIT) refers to lcd.o(.text.LCD_GPIO_init) for LCD_GPIO_init
    lcd.o(.text.LCD_INIT) refers to lcd.o(.text.LCD_clear_screen) for LCD_clear_screen
    lcd.o(.text.LCD_INIT) refers to lcd.o(.text.LCD_WRITE_COMMAND) for LCD_WRITE_COMMAND
    lcd.o(.ARM.exidx.text.LCD_INIT) refers to lcd.o(.text.LCD_INIT) for [Anonymous Symbol]
    lcd.o(.text.LCD_check_lcd_isbusy) refers to stm32_f103c6_gpio_driver.o(.bss.PinCfg) for PinCfg
    lcd.o(.text.LCD_check_lcd_isbusy) refers to stm32_f103c6_gpio_driver.o(.text.MCAL_GPIO_Init) for MCAL_GPIO_Init
    lcd.o(.text.LCD_check_lcd_isbusy) refers to stm32_f103c6_gpio_driver.o(.text.MCAL_GPIO_WritePin) for MCAL_GPIO_WritePin
    lcd.o(.text.LCD_check_lcd_isbusy) refers to lcd.o(.text.LCD_lcd_kick) for LCD_lcd_kick
    lcd.o(.ARM.exidx.text.LCD_check_lcd_isbusy) refers to lcd.o(.text.LCD_check_lcd_isbusy) for [Anonymous Symbol]
    lcd.o(.text.LCD_WRITE_CHAR) refers to stm32_f103c6_gpio_driver.o(.text.MCAL_GPIO_WritePort) for MCAL_GPIO_WritePort
    lcd.o(.text.LCD_WRITE_CHAR) refers to stm32_f103c6_gpio_driver.o(.text.MCAL_GPIO_WritePin) for MCAL_GPIO_WritePin
    lcd.o(.text.LCD_WRITE_CHAR) refers to lcd.o(.text.delay_ms) for delay_ms
    lcd.o(.text.LCD_WRITE_CHAR) refers to lcd.o(.text.LCD_lcd_kick) for LCD_lcd_kick
    lcd.o(.ARM.exidx.text.LCD_WRITE_CHAR) refers to lcd.o(.text.LCD_WRITE_CHAR) for [Anonymous Symbol]
    lcd.o(.text.LCD_WRITE_STRING) refers to lcd.o(.text.LCD_GOTO_XY) for LCD_GOTO_XY
    lcd.o(.text.LCD_WRITE_STRING) refers to lcd.o(.text.LCD_WRITE_CHAR) for LCD_WRITE_CHAR
    lcd.o(.text.LCD_WRITE_STRING) refers to lcd.o(.text.LCD_clear_screen) for LCD_clear_screen
    lcd.o(.ARM.exidx.text.LCD_WRITE_STRING) refers to lcd.o(.text.LCD_WRITE_STRING) for [Anonymous Symbol]
    stm32_f103c6_gpio_driver.o(.ARM.exidx.text.Get_CRLH_Position) refers to stm32_f103c6_gpio_driver.o(.text.Get_CRLH_Position) for [Anonymous Symbol]
    stm32_f103c6_gpio_driver.o(.text.MCAL_GPIO_Init) refers to stm32_f103c6_gpio_driver.o(.text.Get_CRLH_Position) for Get_CRLH_Position
    stm32_f103c6_gpio_driver.o(.ARM.exidx.text.MCAL_GPIO_Init) refers to stm32_f103c6_gpio_driver.o(.text.MCAL_GPIO_Init) for [Anonymous Symbol]
    stm32_f103c6_gpio_driver.o(.ARM.exidx.text.MCAL_GPIO_DeInit) refers to stm32_f103c6_gpio_driver.o(.text.MCAL_GPIO_DeInit) for [Anonymous Symbol]
    stm32_f103c6_gpio_driver.o(.ARM.exidx.text.MCAL_GPIO_ReadPin) refers to stm32_f103c6_gpio_driver.o(.text.MCAL_GPIO_ReadPin) for [Anonymous Symbol]
    stm32_f103c6_gpio_driver.o(.ARM.exidx.text.MCAL_GPIO_ReadPort) refers to stm32_f103c6_gpio_driver.o(.text.MCAL_GPIO_ReadPort) for [Anonymous Symbol]
    stm32_f103c6_gpio_driver.o(.ARM.exidx.text.MCAL_GPIO_WritePin) refers to stm32_f103c6_gpio_driver.o(.text.MCAL_GPIO_WritePin) for [Anonymous Symbol]
    stm32_f103c6_gpio_driver.o(.ARM.exidx.text.MCAL_GPIO_WritePort) refers to stm32_f103c6_gpio_driver.o(.text.MCAL_GPIO_WritePort) for [Anonymous Symbol]
    stm32_f103c6_gpio_driver.o(.ARM.exidx.text.MCAL_GPIO_TogglePin) refers to stm32_f103c6_gpio_driver.o(.text.MCAL_GPIO_TogglePin) for [Anonymous Symbol]
    stm32_f103c6_gpio_driver.o(.ARM.exidx.text.MCAL_GPIO_LockPin) refers to stm32_f103c6_gpio_driver.o(.text.MCAL_GPIO_LockPin) for [Anonymous Symbol]
    stm32_f103c6_exti_driver.o(.ARM.exidx.text.Enable_NVIC) refers to stm32_f103c6_exti_driver.o(.text.Enable_NVIC) for [Anonymous Symbol]
    stm32_f103c6_exti_driver.o(.ARM.exidx.text.Disable_NVIC) refers to stm32_f103c6_exti_driver.o(.text.Disable_NVIC) for [Anonymous Symbol]
    stm32_f103c6_exti_driver.o(.text.Update_EXTI) refers to stm32_f103c6_gpio_driver.o(.text.MCAL_GPIO_Init) for MCAL_GPIO_Init
    stm32_f103c6_exti_driver.o(.text.Update_EXTI) refers to stm32_f103c6_exti_driver.o(.bss.GP_IRQ_Callback) for GP_IRQ_Callback
    stm32_f103c6_exti_driver.o(.text.Update_EXTI) refers to stm32_f103c6_exti_driver.o(.text.Enable_NVIC) for Enable_NVIC
    stm32_f103c6_exti_driver.o(.text.Update_EXTI) refers to stm32_f103c6_exti_driver.o(.text.Disable_NVIC) for Disable_NVIC
    stm32_f103c6_exti_driver.o(.ARM.exidx.text.Update_EXTI) refers to stm32_f103c6_exti_driver.o(.text.Update_EXTI) for [Anonymous Symbol]
    stm32_f103c6_exti_driver.o(.text.MCAL_EXTI_GPIO_Init) refers to stm32_f103c6_exti_driver.o(.text.Update_EXTI) for Update_EXTI
    stm32_f103c6_exti_driver.o(.ARM.exidx.text.MCAL_EXTI_GPIO_Init) refers to stm32_f103c6_exti_driver.o(.text.MCAL_EXTI_GPIO_Init) for [Anonymous Symbol]
    stm32_f103c6_exti_driver.o(.ARM.exidx.text.MCAL_EXTI_GPIO_DeInit) refers to stm32_f103c6_exti_driver.o(.text.MCAL_EXTI_GPIO_DeInit) for [Anonymous Symbol]
    stm32_f103c6_exti_driver.o(.text.MCAL_EXTI_GPIO_Update) refers to stm32_f103c6_exti_driver.o(.text.Update_EXTI) for Update_EXTI
    stm32_f103c6_exti_driver.o(.ARM.exidx.text.MCAL_EXTI_GPIO_Update) refers to stm32_f103c6_exti_driver.o(.text.MCAL_EXTI_GPIO_Update) for [Anonymous Symbol]
    stm32_f103c6_exti_driver.o(.text.EXTI0_IRQHandler) refers to stm32_f103c6_exti_driver.o(.bss.GP_IRQ_Callback) for GP_IRQ_Callback
    stm32_f103c6_exti_driver.o(.ARM.exidx.text.EXTI0_IRQHandler) refers to stm32_f103c6_exti_driver.o(.text.EXTI0_IRQHandler) for [Anonymous Symbol]
    stm32_f103c6_exti_driver.o(.text.EXTI1_IRQHandler) refers to stm32_f103c6_exti_driver.o(.bss.GP_IRQ_Callback) for GP_IRQ_Callback
    stm32_f103c6_exti_driver.o(.ARM.exidx.text.EXTI1_IRQHandler) refers to stm32_f103c6_exti_driver.o(.text.EXTI1_IRQHandler) for [Anonymous Symbol]
    stm32_f103c6_exti_driver.o(.text.EXTI2_IRQHandler) refers to stm32_f103c6_exti_driver.o(.bss.GP_IRQ_Callback) for GP_IRQ_Callback
    stm32_f103c6_exti_driver.o(.ARM.exidx.text.EXTI2_IRQHandler) refers to stm32_f103c6_exti_driver.o(.text.EXTI2_IRQHandler) for [Anonymous Symbol]
    stm32_f103c6_exti_driver.o(.text.EXTI3_IRQHandler) refers to stm32_f103c6_exti_driver.o(.bss.GP_IRQ_Callback) for GP_IRQ_Callback
    stm32_f103c6_exti_driver.o(.ARM.exidx.text.EXTI3_IRQHandler) refers to stm32_f103c6_exti_driver.o(.text.EXTI3_IRQHandler) for [Anonymous Symbol]
    stm32_f103c6_exti_driver.o(.text.EXTI4_IRQHandler) refers to stm32_f103c6_exti_driver.o(.bss.GP_IRQ_Callback) for GP_IRQ_Callback
    stm32_f103c6_exti_driver.o(.ARM.exidx.text.EXTI4_IRQHandler) refers to stm32_f103c6_exti_driver.o(.text.EXTI4_IRQHandler) for [Anonymous Symbol]
    stm32_f103c6_exti_driver.o(.text.EXTI9_5_IRQHandler) refers to stm32_f103c6_exti_driver.o(.bss.GP_IRQ_Callback) for GP_IRQ_Callback
    stm32_f103c6_exti_driver.o(.ARM.exidx.text.EXTI9_5_IRQHandler) refers to stm32_f103c6_exti_driver.o(.text.EXTI9_5_IRQHandler) for [Anonymous Symbol]
    stm32_f103c6_exti_driver.o(.text.EXTI10_15_IRQHandler) refers to stm32_f103c6_exti_driver.o(.bss.GP_IRQ_Callback) for GP_IRQ_Callback
    stm32_f103c6_exti_driver.o(.ARM.exidx.text.EXTI10_15_IRQHandler) refers to stm32_f103c6_exti_driver.o(.text.EXTI10_15_IRQHandler) for [Anonymous Symbol]
    stm32_f103c6_rcc_driver.o(.ARM.exidx.text.MCAL_RCC_GetSYS_CKKFreq) refers to stm32_f103c6_rcc_driver.o(.text.MCAL_RCC_GetSYS_CKKFreq) for [Anonymous Symbol]
    stm32_f103c6_rcc_driver.o(.text.MCAL_RCC_GetHCLKFreq) refers to stm32_f103c6_rcc_driver.o(.text.MCAL_RCC_GetSYS_CKKFreq) for MCAL_RCC_GetSYS_CKKFreq
    stm32_f103c6_rcc_driver.o(.text.MCAL_RCC_GetHCLKFreq) refers to stm32_f103c6_rcc_driver.o(.rodata.myAHBPrescTable) for myAHBPrescTable
    stm32_f103c6_rcc_driver.o(.ARM.exidx.text.MCAL_RCC_GetHCLKFreq) refers to stm32_f103c6_rcc_driver.o(.text.MCAL_RCC_GetHCLKFreq) for [Anonymous Symbol]
    stm32_f103c6_rcc_driver.o(.text.MCAL_RCC_GetPCLK1Freq) refers to stm32_f103c6_rcc_driver.o(.text.MCAL_RCC_GetHCLKFreq) for MCAL_RCC_GetHCLKFreq
    stm32_f103c6_rcc_driver.o(.text.MCAL_RCC_GetPCLK1Freq) refers to stm32_f103c6_rcc_driver.o(.rodata.myAPBPrescTable) for myAPBPrescTable
    stm32_f103c6_rcc_driver.o(.ARM.exidx.text.MCAL_RCC_GetPCLK1Freq) refers to stm32_f103c6_rcc_driver.o(.text.MCAL_RCC_GetPCLK1Freq) for [Anonymous Symbol]
    stm32_f103c6_rcc_driver.o(.text.MCAL_RCC_GetPCLK2Freq) refers to stm32_f103c6_rcc_driver.o(.text.MCAL_RCC_GetHCLKFreq) for MCAL_RCC_GetHCLKFreq
    stm32_f103c6_rcc_driver.o(.text.MCAL_RCC_GetPCLK2Freq) refers to stm32_f103c6_rcc_driver.o(.rodata.myAPBPrescTable) for myAPBPrescTable
    stm32_f103c6_rcc_driver.o(.ARM.exidx.text.MCAL_RCC_GetPCLK2Freq) refers to stm32_f103c6_rcc_driver.o(.text.MCAL_RCC_GetPCLK2Freq) for [Anonymous Symbol]
    stm32_f103c6_usart_driver.o(.text.MCAL_UART_Init) refers to stm32_f103c6_usart_driver.o(.bss.Global_UART_Config) for Global_UART_Config
    stm32_f103c6_usart_driver.o(.text.MCAL_UART_Init) refers to stm32_f103c6_rcc_driver.o(.text.MCAL_RCC_GetPCLK1Freq) for MCAL_RCC_GetPCLK1Freq
    stm32_f103c6_usart_driver.o(.text.MCAL_UART_Init) refers to stm32_f103c6_rcc_driver.o(.text.MCAL_RCC_GetPCLK2Freq) for MCAL_RCC_GetPCLK2Freq
    stm32_f103c6_usart_driver.o(.ARM.exidx.text.MCAL_UART_Init) refers to stm32_f103c6_usart_driver.o(.text.MCAL_UART_Init) for [Anonymous Symbol]
    stm32_f103c6_usart_driver.o(.ARM.exidx.text.MCAL_UART_DeInit) refers to stm32_f103c6_usart_driver.o(.text.MCAL_UART_DeInit) for [Anonymous Symbol]
    stm32_f103c6_usart_driver.o(.ARM.exidx.text.MCAL_UART_SendData) refers to stm32_f103c6_usart_driver.o(.text.MCAL_UART_SendData) for [Anonymous Symbol]
    stm32_f103c6_usart_driver.o(.ARM.exidx.text.MCAL_UART_WAIT_TC) refers to stm32_f103c6_usart_driver.o(.text.MCAL_UART_WAIT_TC) for [Anonymous Symbol]
    stm32_f103c6_usart_driver.o(.text.MCAL_UART_ReceiveData) refers to stm32_f103c6_usart_driver.o(.bss.Global_UART_Config) for Global_UART_Config
    stm32_f103c6_usart_driver.o(.ARM.exidx.text.MCAL_UART_ReceiveData) refers to stm32_f103c6_usart_driver.o(.text.MCAL_UART_ReceiveData) for [Anonymous Symbol]
    stm32_f103c6_usart_driver.o(.text.MCAL_UART_GPIO_Set_Pins) refers to stm32_f103c6_gpio_driver.o(.text.MCAL_GPIO_Init) for MCAL_GPIO_Init
    stm32_f103c6_usart_driver.o(.ARM.exidx.text.MCAL_UART_GPIO_Set_Pins) refers to stm32_f103c6_usart_driver.o(.text.MCAL_UART_GPIO_Set_Pins) for [Anonymous Symbol]
    stm32_f103c6_usart_driver.o(.text.USART1_IRQHandler) refers to stm32_f103c6_usart_driver.o(.bss.Global_UART_Config) for Global_UART_Config
    stm32_f103c6_usart_driver.o(.ARM.exidx.text.USART1_IRQHandler) refers to stm32_f103c6_usart_driver.o(.text.USART1_IRQHandler) for [Anonymous Symbol]
    stm32_f103c6_usart_driver.o(.text.USART2_IRQHandler) refers to stm32_f103c6_usart_driver.o(.bss.Global_UART_Config) for Global_UART_Config
    stm32_f103c6_usart_driver.o(.ARM.exidx.text.USART2_IRQHandler) refers to stm32_f103c6_usart_driver.o(.text.USART2_IRQHandler) for [Anonymous Symbol]
    stm32_f103c6_usart_driver.o(.text.USART3_IRQHandler) refers to stm32_f103c6_usart_driver.o(.bss.Global_UART_Config) for Global_UART_Config
    stm32_f103c6_usart_driver.o(.ARM.exidx.text.USART3_IRQHandler) refers to stm32_f103c6_usart_driver.o(.text.USART3_IRQHandler) for [Anonymous Symbol]
    startup_stm32f10x_md.o(STACK) refers (Special) to heapauxi.o(.text) for __use_two_region_memory
    startup_stm32f10x_md.o(HEAP) refers (Special) to heapauxi.o(.text) for __use_two_region_memory
    startup_stm32f10x_md.o(RESET) refers (Special) to heapauxi.o(.text) for __use_two_region_memory
    startup_stm32f10x_md.o(RESET) refers to startup_stm32f10x_md.o(STACK) for __initial_sp
    startup_stm32f10x_md.o(RESET) refers to startup_stm32f10x_md.o(.text) for Reset_Handler
    startup_stm32f10x_md.o(RESET) refers to stm32_f103c6_exti_driver.o(.text.EXTI0_IRQHandler) for EXTI0_IRQHandler
    startup_stm32f10x_md.o(RESET) refers to stm32_f103c6_exti_driver.o(.text.EXTI1_IRQHandler) for EXTI1_IRQHandler
    startup_stm32f10x_md.o(RESET) refers to stm32_f103c6_exti_driver.o(.text.EXTI2_IRQHandler) for EXTI2_IRQHandler
    startup_stm32f10x_md.o(RESET) refers to stm32_f103c6_exti_driver.o(.text.EXTI3_IRQHandler) for EXTI3_IRQHandler
    startup_stm32f10x_md.o(RESET) refers to stm32_f103c6_exti_driver.o(.text.EXTI4_IRQHandler) for EXTI4_IRQHandler
    startup_stm32f10x_md.o(RESET) refers to stm32_f103c6_exti_driver.o(.text.EXTI9_5_IRQHandler) for EXTI9_5_IRQHandler
    startup_stm32f10x_md.o(RESET) refers to stm32_f103c6_usart_driver.o(.text.USART1_IRQHandler) for USART1_IRQHandler
    startup_stm32f10x_md.o(RESET) refers to stm32_f103c6_usart_driver.o(.text.USART2_IRQHandler) for USART2_IRQHandler
    startup_stm32f10x_md.o(RESET) refers to stm32_f103c6_usart_driver.o(.text.USART3_IRQHandler) for USART3_IRQHandler
    startup_stm32f10x_md.o(.text) refers (Special) to heapauxi.o(.text) for __use_two_region_memory
    startup_stm32f10x_md.o(.text) refers to system_stm32f10x.o(.text.SystemInit) for SystemInit
    startup_stm32f10x_md.o(.text) refers to __main.o(!!!main) for __main
    startup_stm32f10x_md.o(.text) refers to startup_stm32f10x_md.o(HEAP) for Heap_Mem
    startup_stm32f10x_md.o(.text) refers to startup_stm32f10x_md.o(STACK) for Stack_Mem
    system_stm32f10x.o(.text.SystemInit) refers to system_stm32f10x.o(.text.SetSysClock) for SetSysClock
    system_stm32f10x.o(.ARM.exidx.text.SystemInit) refers to system_stm32f10x.o(.text.SystemInit) for [Anonymous Symbol]
    system_stm32f10x.o(.text.SetSysClock) refers to system_stm32f10x.o(.text.SetSysClockTo72) for SetSysClockTo72
    system_stm32f10x.o(.ARM.exidx.text.SetSysClock) refers to system_stm32f10x.o(.text.SetSysClock) for [Anonymous Symbol]
    system_stm32f10x.o(.text.SystemCoreClockUpdate) refers to system_stm32f10x.o(.data.SystemCoreClock) for SystemCoreClock
    system_stm32f10x.o(.text.SystemCoreClockUpdate) refers to system_stm32f10x.o(.rodata.AHBPrescTable) for AHBPrescTable
    system_stm32f10x.o(.ARM.exidx.text.SystemCoreClockUpdate) refers to system_stm32f10x.o(.text.SystemCoreClockUpdate) for [Anonymous Symbol]
    system_stm32f10x.o(.ARM.exidx.text.SetSysClockTo72) refers to system_stm32f10x.o(.text.SetSysClockTo72) for [Anonymous Symbol]
    __main.o(!!!main) refers to __rtentry.o(.ARM.Collect$$rtentry$$00000000) for __rt_entry
    __rtentry.o(.ARM.Collect$$rtentry$$00000000) refers (Special) to __rtentry2.o(.ARM.Collect$$rtentry$$0000000A) for __rt_entry_li
    __rtentry.o(.ARM.Collect$$rtentry$$00000000) refers (Special) to __rtentry2.o(.ARM.Collect$$rtentry$$0000000D) for __rt_entry_main
    __rtentry.o(.ARM.Collect$$rtentry$$00000000) refers (Special) to __rtentry2.o(.ARM.Collect$$rtentry$$0000000C) for __rt_entry_postli_1
    __rtentry.o(.ARM.Collect$$rtentry$$00000000) refers (Special) to __rtentry2.o(.ARM.Collect$$rtentry$$00000009) for __rt_entry_postsh_1
    __rtentry.o(.ARM.Collect$$rtentry$$00000000) refers (Special) to __rtentry2.o(.ARM.Collect$$rtentry$$00000002) for __rt_entry_presh_1
    __rtentry.o(.ARM.Collect$$rtentry$$00000000) refers (Special) to __rtentry4.o(.ARM.Collect$$rtentry$$00000004) for __rt_entry_sh
    __rtentry2.o(.ARM.Collect$$rtentry$$00000008) refers to boardinit2.o(.text) for _platform_post_stackheap_init
    __rtentry2.o(.ARM.Collect$$rtentry$$0000000A) refers to libinit.o(.ARM.Collect$$libinit$$00000000) for __rt_lib_init
    __rtentry2.o(.ARM.Collect$$rtentry$$0000000B) refers to boardinit3.o(.text) for _platform_post_lib_init
    __rtentry2.o(.ARM.Collect$$rtentry$$0000000D) refers to main.o(.text.main) for main
    __rtentry2.o(.ARM.Collect$$rtentry$$0000000D) refers to exit.o(.text) for exit
    __rtentry2.o(.ARM.exidx) refers to __rtentry2.o(.ARM.Collect$$rtentry$$00000001) for .ARM.Collect$$rtentry$$00000001
    __rtentry2.o(.ARM.exidx) refers to __rtentry2.o(.ARM.Collect$$rtentry$$00000008) for .ARM.Collect$$rtentry$$00000008
    __rtentry2.o(.ARM.exidx) refers to __rtentry2.o(.ARM.Collect$$rtentry$$0000000A) for .ARM.Collect$$rtentry$$0000000A
    __rtentry2.o(.ARM.exidx) refers to __rtentry2.o(.ARM.Collect$$rtentry$$0000000B) for .ARM.Collect$$rtentry$$0000000B
    __rtentry2.o(.ARM.exidx) refers to __rtentry2.o(.ARM.Collect$$rtentry$$0000000D) for .ARM.Collect$$rtentry$$0000000D
    __rtentry4.o(.ARM.Collect$$rtentry$$00000004) refers to sys_stackheap_outer.o(.text) for __user_setup_stackheap
    __rtentry4.o(.ARM.exidx) refers to __rtentry4.o(.ARM.Collect$$rtentry$$00000004) for .ARM.Collect$$rtentry$$00000004
    sys_stackheap_outer.o(.text) refers to libspace.o(.text) for __user_perproc_libspace
    sys_stackheap_outer.o(.text) refers to startup_stm32f10x_md.o(.text) for __user_initial_stackheap
    exit.o(.text) refers to rtexit.o(.ARM.Collect$$rtexit$$00000000) for __rt_exit
    libinit.o(.ARM.Collect$$libinit$$00000000) refers (Special) to libinit2.o(.ARM.Collect$$libinit$$0000002E) for __rt_lib_init_alloca_1
    libinit.o(.ARM.Collect$$libinit$$00000000) refers (Special) to libinit2.o(.ARM.Collect$$libinit$$0000002C) for __rt_lib_init_argv_1
    libinit.o(.ARM.Collect$$libinit$$00000000) refers (Special) to libinit2.o(.ARM.Collect$$libinit$$0000001B) for __rt_lib_init_atexit_1
    libinit.o(.ARM.Collect$$libinit$$00000000) refers (Special) to libinit2.o(.ARM.Collect$$libinit$$00000021) for __rt_lib_init_clock_1
    libinit.o(.ARM.Collect$$libinit$$00000000) refers (Special) to libinit2.o(.ARM.Collect$$libinit$$00000032) for __rt_lib_init_cpp_1
    libinit.o(.ARM.Collect$$libinit$$00000000) refers (Special) to libinit2.o(.ARM.Collect$$libinit$$00000030) for __rt_lib_init_exceptions_1
    libinit.o(.ARM.Collect$$libinit$$00000000) refers (Special) to libinit2.o(.ARM.Collect$$libinit$$00000002) for __rt_lib_init_fp_1
    libinit.o(.ARM.Collect$$libinit$$00000000) refers (Special) to libinit2.o(.ARM.Collect$$libinit$$0000001F) for __rt_lib_init_fp_trap_1
    libinit.o(.ARM.Collect$$libinit$$00000000) refers (Special) to libinit2.o(.ARM.Collect$$libinit$$00000023) for __rt_lib_init_getenv_1
    libinit.o(.ARM.Collect$$libinit$$00000000) refers (Special) to libinit2.o(.ARM.Collect$$libinit$$0000000A) for __rt_lib_init_heap_1
    libinit.o(.ARM.Collect$$libinit$$00000000) refers (Special) to libinit2.o(.ARM.Collect$$libinit$$00000011) for __rt_lib_init_lc_collate_1
    libinit.o(.ARM.Collect$$libinit$$00000000) refers (Special) to libinit2.o(.ARM.Collect$$libinit$$00000013) for __rt_lib_init_lc_ctype_1
    libinit.o(.ARM.Collect$$libinit$$00000000) refers (Special) to libinit2.o(.ARM.Collect$$libinit$$00000015) for __rt_lib_init_lc_monetary_1
    libinit.o(.ARM.Collect$$libinit$$00000000) refers (Special) to libinit2.o(.ARM.Collect$$libinit$$00000017) for __rt_lib_init_lc_numeric_1
    libinit.o(.ARM.Collect$$libinit$$00000000) refers (Special) to libinit2.o(.ARM.Collect$$libinit$$00000019) for __rt_lib_init_lc_time_1
    libinit.o(.ARM.Collect$$libinit$$00000000) refers (Special) to libinit2.o(.ARM.Collect$$libinit$$00000004) for __rt_lib_init_preinit_1
    libinit.o(.ARM.Collect$$libinit$$00000000) refers (Special) to libinit2.o(.ARM.Collect$$libinit$$0000000E) for __rt_lib_init_rand_1
    libinit.o(.ARM.Collect$$libinit$$00000000) refers (Special) to libinit2.o(.ARM.Collect$$libinit$$00000033) for __rt_lib_init_return
    libinit.o(.ARM.Collect$$libinit$$00000000) refers (Special) to libinit2.o(.ARM.Collect$$libinit$$0000001D) for __rt_lib_init_signal_1
    libinit.o(.ARM.Collect$$libinit$$00000000) refers (Special) to libinit2.o(.ARM.Collect$$libinit$$00000025) for __rt_lib_init_stdio_1
    libinit.o(.ARM.Collect$$libinit$$00000000) refers (Special) to libinit2.o(.ARM.Collect$$libinit$$0000000C) for __rt_lib_init_user_alloc_1
    libspace.o(.text) refers to libspace.o(.bss) for __libspace_start
    rtexit.o(.ARM.Collect$$rtexit$$00000000) refers (Special) to rtexit2.o(.ARM.Collect$$rtexit$$00000004) for __rt_exit_exit
    rtexit.o(.ARM.Collect$$rtexit$$00000000) refers (Special) to rtexit2.o(.ARM.Collect$$rtexit$$00000003) for __rt_exit_ls
    rtexit.o(.ARM.Collect$$rtexit$$00000000) refers (Special) to rtexit2.o(.ARM.Collect$$rtexit$$00000002) for __rt_exit_prels_1
    rtexit.o(.ARM.exidx) refers (Special) to rtexit2.o(.ARM.Collect$$rtexit$$00000004) for __rt_exit_exit
    rtexit.o(.ARM.exidx) refers (Special) to rtexit2.o(.ARM.Collect$$rtexit$$00000003) for __rt_exit_ls
    rtexit.o(.ARM.exidx) refers (Special) to rtexit2.o(.ARM.Collect$$rtexit$$00000002) for __rt_exit_prels_1
    rtexit.o(.ARM.exidx) refers to rtexit.o(.ARM.Collect$$rtexit$$00000000) for .ARM.Collect$$rtexit$$00000000
    libinit2.o(.ARM.Collect$$libinit$$00000010) refers to libinit2.o(.ARM.Collect$$libinit$$0000000F) for .ARM.Collect$$libinit$$0000000F
    libinit2.o(.ARM.Collect$$libinit$$00000012) refers to libinit2.o(.ARM.Collect$$libinit$$0000000F) for .ARM.Collect$$libinit$$0000000F
    libinit2.o(.ARM.Collect$$libinit$$00000014) refers to libinit2.o(.ARM.Collect$$libinit$$0000000F) for .ARM.Collect$$libinit$$0000000F
    libinit2.o(.ARM.Collect$$libinit$$00000016) refers to libinit2.o(.ARM.Collect$$libinit$$0000000F) for .ARM.Collect$$libinit$$0000000F
    libinit2.o(.ARM.Collect$$libinit$$00000018) refers to libinit2.o(.ARM.Collect$$libinit$$0000000F) for .ARM.Collect$$libinit$$0000000F
    libinit2.o(.ARM.Collect$$libinit$$00000026) refers to argv_veneer.o(.emb_text) for __ARM_argv_veneer
    libinit2.o(.ARM.Collect$$libinit$$00000027) refers to argv_veneer.o(.emb_text) for __ARM_argv_veneer
    rtexit2.o(.ARM.Collect$$rtexit$$00000003) refers to libshutdown.o(.ARM.Collect$$libshutdown$$00000000) for __rt_lib_shutdown
    rtexit2.o(.ARM.Collect$$rtexit$$00000004) refers to sys_exit.o(.text) for _sys_exit
    rtexit2.o(.ARM.exidx) refers to rtexit2.o(.ARM.Collect$$rtexit$$00000001) for .ARM.Collect$$rtexit$$00000001
    rtexit2.o(.ARM.exidx) refers to rtexit2.o(.ARM.Collect$$rtexit$$00000003) for .ARM.Collect$$rtexit$$00000003
    rtexit2.o(.ARM.exidx) refers to rtexit2.o(.ARM.Collect$$rtexit$$00000004) for .ARM.Collect$$rtexit$$00000004
    argv_veneer.o(.emb_text) refers to no_argv.o(.text) for __ARM_get_argv
    sys_exit.o(.text) refers (Special) to use_no_semi.o(.text) for __I$use$semihosting
    sys_exit.o(.text) refers (Special) to indicate_semi.o(.text) for __semihosting_library_function
    sys_exit_hlt.o(.text) refers (Special) to use_no_semi.o(.text) for __I$use$semihosting
    sys_exit_hlt.o(.text) refers (Special) to indicate_semi.o(.text) for __semihosting_library_function
    _get_argv_nomalloc.o(.text) refers (Special) to hrguard.o(.text) for __heap_region$guard
    _get_argv_nomalloc.o(.text) refers to defsig_rtmem_outer.o(.text) for __rt_SIGRTMEM
    _get_argv_nomalloc.o(.text) refers to sys_command.o(.text) for _sys_command_string
    libshutdown.o(.ARM.Collect$$libshutdown$$00000000) refers (Special) to libshutdown2.o(.ARM.Collect$$libshutdown$$00000002) for __rt_lib_shutdown_cpp_1
    libshutdown.o(.ARM.Collect$$libshutdown$$00000000) refers (Special) to libshutdown2.o(.ARM.Collect$$libshutdown$$00000007) for __rt_lib_shutdown_fp_trap_1
    libshutdown.o(.ARM.Collect$$libshutdown$$00000000) refers (Special) to libshutdown2.o(.ARM.Collect$$libshutdown$$0000000F) for __rt_lib_shutdown_heap_1
    libshutdown.o(.ARM.Collect$$libshutdown$$00000000) refers (Special) to libshutdown2.o(.ARM.Collect$$libshutdown$$00000010) for __rt_lib_shutdown_return
    libshutdown.o(.ARM.Collect$$libshutdown$$00000000) refers (Special) to libshutdown2.o(.ARM.Collect$$libshutdown$$0000000A) for __rt_lib_shutdown_signal_1
    libshutdown.o(.ARM.Collect$$libshutdown$$00000000) refers (Special) to libshutdown2.o(.ARM.Collect$$libshutdown$$00000004) for __rt_lib_shutdown_stdio_1
    libshutdown.o(.ARM.Collect$$libshutdown$$00000000) refers (Special) to libshutdown2.o(.ARM.Collect$$libshutdown$$0000000C) for __rt_lib_shutdown_user_alloc_1
    sys_command.o(.text) refers (Special) to use_no_semi.o(.text) for __I$use$semihosting
    sys_command.o(.text) refers (Special) to indicate_semi.o(.text) for __semihosting_library_function
    sys_command_hlt.o(.text) refers (Special) to use_no_semi.o(.text) for __I$use$semihosting
    sys_command_hlt.o(.text) refers (Special) to indicate_semi.o(.text) for __semihosting_library_function
    defsig_rtmem_outer.o(.text) refers to defsig_rtmem_inner.o(.text) for __rt_SIGRTMEM_inner
    defsig_rtmem_outer.o(.text) refers to defsig_exit.o(.text) for __sig_exit
    defsig_rtmem_formal.o(.text) refers to rt_raise.o(.text) for __rt_raise
    rt_raise.o(.text) refers to __raise.o(.text) for __raise
    rt_raise.o(.text) refers to sys_exit.o(.text) for _sys_exit
    defsig_exit.o(.text) refers to sys_exit.o(.text) for _sys_exit
    defsig_rtmem_inner.o(.text) refers to defsig_general.o(.text) for __default_signal_display
    __raise.o(.text) refers to defsig.o(CL$$defsig) for __default_signal_handler
    defsig_general.o(.text) refers to sys_wrch.o(.text) for _ttywrch
    sys_wrch.o(.text) refers (Special) to use_no_semi.o(.text) for __I$use$semihosting
    sys_wrch.o(.text) refers (Special) to indicate_semi.o(.text) for __semihosting_library_function
    sys_wrch_hlt.o(.text) refers (Special) to use_no_semi.o(.text) for __I$use$semihosting
    sys_wrch_hlt.o(.text) refers (Special) to indicate_semi.o(.text) for __semihosting_library_function
    defsig.o(CL$$defsig) refers to defsig_rtmem_inner.o(.text) for __rt_SIGRTMEM_inner
    defsig_abrt_inner.o(.text) refers to defsig_general.o(.text) for __default_signal_display
    defsig_fpe_inner.o(.text) refers to defsig_general.o(.text) for __default_signal_display
    defsig_rtred_inner.o(.text) refers to defsig_general.o(.text) for __default_signal_display
    defsig_stak_inner.o(.text) refers to defsig_general.o(.text) for __default_signal_display
    defsig_pvfn_inner.o(.text) refers to defsig_general.o(.text) for __default_signal_display
    defsig_cppl_inner.o(.text) refers to defsig_general.o(.text) for __default_signal_display
    defsig_segv_inner.o(.text) refers to defsig_general.o(.text) for __default_signal_display
    defsig_other.o(.text) refers to defsig_general.o(.text) for __default_signal_display


==============================================================================

Removing Unused input sections from the image.

    Removing main.o(.text), (0 bytes).
    Removing main.o(.ARM.exidx.text.main), (8 bytes).
    Removing main.o(.ARM.use_no_argv), (4 bytes).
    Removing keypad.o(.text), (0 bytes).
    Removing keypad.o(.text.delay_mss), (2 bytes).
    Removing keypad.o(.ARM.exidx.text.delay_mss), (8 bytes).
    Removing keypad.o(.text.Keypad_init), (158 bytes).
    Removing keypad.o(.ARM.exidx.text.Keypad_init), (8 bytes).
    Removing keypad.o(.text.Keypad_getkey), (316 bytes).
    Removing keypad.o(.ARM.exidx.text.Keypad_getkey), (8 bytes).
    Removing lcd.o(.text), (0 bytes).
    Removing lcd.o(.text.delay_ms), (46 bytes).
    Removing lcd.o(.ARM.exidx.text.delay_ms), (8 bytes).
    Removing lcd.o(.text.LCD_GPIO_init), (238 bytes).
    Removing lcd.o(.ARM.exidx.text.LCD_GPIO_init), (8 bytes).
    Removing lcd.o(.text.LCD_clear_screen), (10 bytes).
    Removing lcd.o(.ARM.exidx.text.LCD_clear_screen), (8 bytes).
    Removing lcd.o(.text.LCD_WRITE_COMMAND), (54 bytes).
    Removing lcd.o(.ARM.exidx.text.LCD_WRITE_COMMAND), (8 bytes).
    Removing lcd.o(.text.LCD_lcd_kick), (42 bytes).
    Removing lcd.o(.ARM.exidx.text.LCD_lcd_kick), (8 bytes).
    Removing lcd.o(.text.LCD_GOTO_XY), (44 bytes).
    Removing lcd.o(.ARM.exidx.text.LCD_GOTO_XY), (8 bytes).
    Removing lcd.o(.text.LCD_INIT), (48 bytes).
    Removing lcd.o(.ARM.exidx.text.LCD_INIT), (8 bytes).
    Removing lcd.o(.text.LCD_check_lcd_isbusy), (172 bytes).
    Removing lcd.o(.ARM.exidx.text.LCD_check_lcd_isbusy), (8 bytes).
    Removing lcd.o(.text.LCD_WRITE_CHAR), (54 bytes).
    Removing lcd.o(.ARM.exidx.text.LCD_WRITE_CHAR), (8 bytes).
    Removing lcd.o(.text.LCD_WRITE_STRING), (60 bytes).
    Removing lcd.o(.ARM.exidx.text.LCD_WRITE_STRING), (8 bytes).
    Removing stm32_f103c6_gpio_driver.o(.text), (0 bytes).
    Removing stm32_f103c6_gpio_driver.o(.ARM.exidx.text.Get_CRLH_Position), (8 bytes).
    Removing stm32_f103c6_gpio_driver.o(.ARM.exidx.text.MCAL_GPIO_Init), (8 bytes).
    Removing stm32_f103c6_gpio_driver.o(.text.MCAL_GPIO_DeInit), (96 bytes).
    Removing stm32_f103c6_gpio_driver.o(.ARM.exidx.text.MCAL_GPIO_DeInit), (8 bytes).
    Removing stm32_f103c6_gpio_driver.o(.text.MCAL_GPIO_ReadPin), (10 bytes).
    Removing stm32_f103c6_gpio_driver.o(.ARM.exidx.text.MCAL_GPIO_ReadPin), (8 bytes).
    Removing stm32_f103c6_gpio_driver.o(.text.MCAL_GPIO_ReadPort), (6 bytes).
    Removing stm32_f103c6_gpio_driver.o(.ARM.exidx.text.MCAL_GPIO_ReadPort), (8 bytes).
    Removing stm32_f103c6_gpio_driver.o(.text.MCAL_GPIO_WritePin), (12 bytes).
    Removing stm32_f103c6_gpio_driver.o(.ARM.exidx.text.MCAL_GPIO_WritePin), (8 bytes).
    Removing stm32_f103c6_gpio_driver.o(.text.MCAL_GPIO_WritePort), (4 bytes).
    Removing stm32_f103c6_gpio_driver.o(.ARM.exidx.text.MCAL_GPIO_WritePort), (8 bytes).
    Removing stm32_f103c6_gpio_driver.o(.text.MCAL_GPIO_TogglePin), (8 bytes).
    Removing stm32_f103c6_gpio_driver.o(.ARM.exidx.text.MCAL_GPIO_TogglePin), (8 bytes).
    Removing stm32_f103c6_gpio_driver.o(.text.MCAL_GPIO_LockPin), (38 bytes).
    Removing stm32_f103c6_gpio_driver.o(.ARM.exidx.text.MCAL_GPIO_LockPin), (8 bytes).
    Removing stm32_f103c6_gpio_driver.o(.bss.PinCfg), (4 bytes).
    Removing stm32_f103c6_exti_driver.o(.text), (0 bytes).
    Removing stm32_f103c6_exti_driver.o(.text.Enable_NVIC), (152 bytes).
    Removing stm32_f103c6_exti_driver.o(.ARM.exidx.text.Enable_NVIC), (8 bytes).
    Removing stm32_f103c6_exti_driver.o(.text.Disable_NVIC), (152 bytes).
    Removing stm32_f103c6_exti_driver.o(.ARM.exidx.text.Disable_NVIC), (8 bytes).
    Removing stm32_f103c6_exti_driver.o(.text.Update_EXTI), (256 bytes).
    Removing stm32_f103c6_exti_driver.o(.ARM.exidx.text.Update_EXTI), (8 bytes).
    Removing stm32_f103c6_exti_driver.o(.text.MCAL_EXTI_GPIO_Init), (8 bytes).
    Removing stm32_f103c6_exti_driver.o(.ARM.exidx.text.MCAL_EXTI_GPIO_Init), (8 bytes).
    Removing stm32_f103c6_exti_driver.o(.text.MCAL_EXTI_GPIO_DeInit), (28 bytes).
    Removing stm32_f103c6_exti_driver.o(.ARM.exidx.text.MCAL_EXTI_GPIO_DeInit), (8 bytes).
    Removing stm32_f103c6_exti_driver.o(.text.MCAL_EXTI_GPIO_Update), (8 bytes).
    Removing stm32_f103c6_exti_driver.o(.ARM.exidx.text.MCAL_EXTI_GPIO_Update), (8 bytes).
    Removing stm32_f103c6_exti_driver.o(.ARM.exidx.text.EXTI0_IRQHandler), (8 bytes).
    Removing stm32_f103c6_exti_driver.o(.ARM.exidx.text.EXTI1_IRQHandler), (8 bytes).
    Removing stm32_f103c6_exti_driver.o(.ARM.exidx.text.EXTI2_IRQHandler), (8 bytes).
    Removing stm32_f103c6_exti_driver.o(.ARM.exidx.text.EXTI3_IRQHandler), (8 bytes).
    Removing stm32_f103c6_exti_driver.o(.ARM.exidx.text.EXTI4_IRQHandler), (8 bytes).
    Removing stm32_f103c6_exti_driver.o(.ARM.exidx.text.EXTI9_5_IRQHandler), (8 bytes).
    Removing stm32_f103c6_exti_driver.o(.text.EXTI10_15_IRQHandler), (130 bytes).
    Removing stm32_f103c6_exti_driver.o(.ARM.exidx.text.EXTI10_15_IRQHandler), (8 bytes).
    Removing stm32_f103c6_rcc_driver.o(.text), (0 bytes).
    Removing stm32_f103c6_rcc_driver.o(.ARM.exidx.text.MCAL_RCC_GetSYS_CKKFreq), (8 bytes).
    Removing stm32_f103c6_rcc_driver.o(.ARM.exidx.text.MCAL_RCC_GetHCLKFreq), (8 bytes).
    Removing stm32_f103c6_rcc_driver.o(.ARM.exidx.text.MCAL_RCC_GetPCLK1Freq), (8 bytes).
    Removing stm32_f103c6_rcc_driver.o(.ARM.exidx.text.MCAL_RCC_GetPCLK2Freq), (8 bytes).
    Removing stm32_f103c6_usart_driver.o(.text), (0 bytes).
    Removing stm32_f103c6_usart_driver.o(.ARM.exidx.text.MCAL_UART_Init), (8 bytes).
    Removing stm32_f103c6_usart_driver.o(.text.MCAL_UART_DeInit), (116 bytes).
    Removing stm32_f103c6_usart_driver.o(.ARM.exidx.text.MCAL_UART_DeInit), (8 bytes).
    Removing stm32_f103c6_usart_driver.o(.ARM.exidx.text.MCAL_UART_SendData), (8 bytes).
    Removing stm32_f103c6_usart_driver.o(.text.MCAL_UART_WAIT_TC), (8 bytes).
    Removing stm32_f103c6_usart_driver.o(.ARM.exidx.text.MCAL_UART_WAIT_TC), (8 bytes).
    Removing stm32_f103c6_usart_driver.o(.ARM.exidx.text.MCAL_UART_ReceiveData), (8 bytes).
    Removing stm32_f103c6_usart_driver.o(.ARM.exidx.text.MCAL_UART_GPIO_Set_Pins), (8 bytes).
    Removing stm32_f103c6_usart_driver.o(.ARM.exidx.text.USART1_IRQHandler), (8 bytes).
    Removing stm32_f103c6_usart_driver.o(.ARM.exidx.text.USART2_IRQHandler), (8 bytes).
    Removing stm32_f103c6_usart_driver.o(.ARM.exidx.text.USART3_IRQHandler), (8 bytes).
    Removing system_stm32f10x.o(.text), (0 bytes).
    Removing system_stm32f10x.o(.ARM.exidx.text.SystemInit), (8 bytes).
    Removing system_stm32f10x.o(.ARM.exidx.text.SetSysClock), (8 bytes).
    Removing system_stm32f10x.o(.text.SystemCoreClockUpdate), (110 bytes).
    Removing system_stm32f10x.o(.ARM.exidx.text.SystemCoreClockUpdate), (8 bytes).
    Removing system_stm32f10x.o(.ARM.exidx.text.SetSysClockTo72), (8 bytes).
    Removing system_stm32f10x.o(.data.SystemCoreClock), (4 bytes).
    Removing system_stm32f10x.o(.rodata.AHBPrescTable), (16 bytes).

95 unused section(s) (total 2838 bytes) removed from the image.

==============================================================================

Image Symbol Table

    Local Symbols

    Symbol Name                              Value     Ov Type        Size  Object(Section)

    ../clib/angel/boardlib.s                 0x00000000   Number         0  boardinit1.o ABSOLUTE
    ../clib/angel/boardlib.s                 0x00000000   Number         0  boardinit2.o ABSOLUTE
    ../clib/angel/boardlib.s                 0x00000000   Number         0  boardinit3.o ABSOLUTE
    ../clib/angel/boardlib.s                 0x00000000   Number         0  boardshut.o ABSOLUTE
    ../clib/angel/handlers.s                 0x00000000   Number         0  __scatter_zi.o ABSOLUTE
    ../clib/angel/kernel.s                   0x00000000   Number         0  __rtentry.o ABSOLUTE
    ../clib/angel/kernel.s                   0x00000000   Number         0  __rtentry2.o ABSOLUTE
    ../clib/angel/kernel.s                   0x00000000   Number         0  __rtentry4.o ABSOLUTE
    ../clib/angel/kernel.s                   0x00000000   Number         0  rtexit.o ABSOLUTE
    ../clib/angel/kernel.s                   0x00000000   Number         0  rtexit2.o ABSOLUTE
    ../clib/angel/rt.s                       0x00000000   Number         0  rt_raise.o ABSOLUTE
    ../clib/angel/scatter.s                  0x00000000   Number         0  __scatter.o ABSOLUTE
    ../clib/angel/startup.s                  0x00000000   Number         0  __main.o ABSOLUTE
    ../clib/angel/sys.s                      0x00000000   Number         0  sys_stackheap_outer.o ABSOLUTE
    ../clib/angel/sys.s                      0x00000000   Number         0  libspace.o ABSOLUTE
    ../clib/angel/sys.s                      0x00000000   Number         0  use_no_semi.o ABSOLUTE
    ../clib/angel/sys.s                      0x00000000   Number         0  indicate_semi.o ABSOLUTE
    ../clib/angel/sysapp.c                   0x00000000   Number         0  sys_exit.o ABSOLUTE
    ../clib/angel/sysapp.c                   0x00000000   Number         0  sys_exit_hlt.o ABSOLUTE
    ../clib/angel/sysapp.c                   0x00000000   Number         0  sys_command.o ABSOLUTE
    ../clib/angel/sysapp.c                   0x00000000   Number         0  sys_command_hlt.o ABSOLUTE
    ../clib/angel/sysapp.c                   0x00000000   Number         0  sys_wrch.o ABSOLUTE
    ../clib/angel/sysapp.c                   0x00000000   Number         0  sys_wrch_hlt.o ABSOLUTE
    ../clib/armsys.c                         0x00000000   Number         0  argv_veneer.o ABSOLUTE
    ../clib/armsys.c                         0x00000000   Number         0  argv_veneer.o ABSOLUTE
    ../clib/armsys.c                         0x00000000   Number         0  _get_argv_nomalloc.o ABSOLUTE
    ../clib/armsys.c                         0x00000000   Number         0  no_argv.o ABSOLUTE
    ../clib/heapalloc.c                      0x00000000   Number         0  hrguard.o ABSOLUTE
    ../clib/heapaux.c                        0x00000000   Number         0  heapauxi.o ABSOLUTE
    ../clib/libinit.s                        0x00000000   Number         0  libinit.o ABSOLUTE
    ../clib/libinit.s                        0x00000000   Number         0  libinit2.o ABSOLUTE
    ../clib/libinit.s                        0x00000000   Number         0  libshutdown.o ABSOLUTE
    ../clib/libinit.s                        0x00000000   Number         0  libshutdown2.o ABSOLUTE
    ../clib/signal.c                         0x00000000   Number         0  defsig_rtmem_outer.o ABSOLUTE
    ../clib/signal.c                         0x00000000   Number         0  defsig_rtmem_formal.o ABSOLUTE
    ../clib/signal.c                         0x00000000   Number         0  defsig_exit.o ABSOLUTE
    ../clib/signal.c                         0x00000000   Number         0  defsig_rtmem_inner.o ABSOLUTE
    ../clib/signal.c                         0x00000000   Number         0  __raise.o ABSOLUTE
    ../clib/signal.c                         0x00000000   Number         0  defsig_general.o ABSOLUTE
    ../clib/signal.c                         0x00000000   Number         0  defsig_abrt_inner.o ABSOLUTE
    ../clib/signal.c                         0x00000000   Number         0  defsig_fpe_inner.o ABSOLUTE
    ../clib/signal.c                         0x00000000   Number         0  defsig_rtred_inner.o ABSOLUTE
    ../clib/signal.c                         0x00000000   Number         0  defsig_stak_inner.o ABSOLUTE
    ../clib/signal.c                         0x00000000   Number         0  defsig_pvfn_inner.o ABSOLUTE
    ../clib/signal.c                         0x00000000   Number         0  defsig_cppl_inner.o ABSOLUTE
    ../clib/signal.c                         0x00000000   Number         0  defsig_segv_inner.o ABSOLUTE
    ../clib/signal.c                         0x00000000   Number         0  defsig_other.o ABSOLUTE
    ../clib/signal.s                         0x00000000   Number         0  defsig.o ABSOLUTE
    ../clib/stdlib.c                         0x00000000   Number         0  exit.o ABSOLUTE
    ../fplib/fpinit.s                        0x00000000   Number         0  fpinit.o ABSOLUTE
    ../fplib/fpinit_empty.s                  0x00000000   Number         0  fpinit_empty.o ABSOLUTE
    RTE/Device/STM32F103C8/startup_stm32f10x_md.s 0x00000000   Number         0  startup_stm32f10x_md.o ABSOLUTE
    Stm32_F103C6_EXTI_Driver.c               0x00000000   Number         0  stm32_f103c6_exti_driver.o ABSOLUTE
    Stm32_F103C6_RCC_driver.c                0x00000000   Number         0  stm32_f103c6_rcc_driver.o ABSOLUTE
    Stm32_F103C6_USART_driver.c              0x00000000   Number         0  stm32_f103c6_usart_driver.o ABSOLUTE
    Stm32_F103C6_gpio_driver.c               0x00000000   Number         0  stm32_f103c6_gpio_driver.o ABSOLUTE
    dc.s                                     0x00000000   Number         0  dc.o ABSOLUTE
    keypad.c                                 0x00000000   Number         0  keypad.o ABSOLUTE
    lcd.c                                    0x00000000   Number         0  lcd.o ABSOLUTE
    main.c                                   0x00000000   Number         0  main.o ABSOLUTE
    system_stm32f10x.c                       0x00000000   Number         0  system_stm32f10x.o ABSOLUTE
    RESET                                    0x08000000   Section      236  startup_stm32f10x_md.o(RESET)
    !!!main                                  0x080000ec   Section        8  __main.o(!!!main)
    !!!scatter                               0x080000f4   Section       52  __scatter.o(!!!scatter)
    !!handler_zi                             0x08000128   Section       28  __scatter_zi.o(!!handler_zi)
    .ARM.Collect$$libinit$$00000000          0x08000144   Section        2  libinit.o(.ARM.Collect$$libinit$$00000000)
    .ARM.Collect$$libinit$$00000002          0x08000146   Section        0  libinit2.o(.ARM.Collect$$libinit$$00000002)
    .ARM.Collect$$libinit$$00000004          0x08000146   Section        0  libinit2.o(.ARM.Collect$$libinit$$00000004)
    .ARM.Collect$$libinit$$0000000A          0x08000146   Section        0  libinit2.o(.ARM.Collect$$libinit$$0000000A)
    .ARM.Collect$$libinit$$0000000C          0x08000146   Section        0  libinit2.o(.ARM.Collect$$libinit$$0000000C)
    .ARM.Collect$$libinit$$0000000E          0x08000146   Section        0  libinit2.o(.ARM.Collect$$libinit$$0000000E)
    .ARM.Collect$$libinit$$00000011          0x08000146   Section        0  libinit2.o(.ARM.Collect$$libinit$$00000011)
    .ARM.Collect$$libinit$$00000013          0x08000146   Section        0  libinit2.o(.ARM.Collect$$libinit$$00000013)
    .ARM.Collect$$libinit$$00000015          0x08000146   Section        0  libinit2.o(.ARM.Collect$$libinit$$00000015)
    .ARM.Collect$$libinit$$00000017          0x08000146   Section        0  libinit2.o(.ARM.Collect$$libinit$$00000017)
    .ARM.Collect$$libinit$$00000019          0x08000146   Section        0  libinit2.o(.ARM.Collect$$libinit$$00000019)
    .ARM.Collect$$libinit$$0000001B          0x08000146   Section        0  libinit2.o(.ARM.Collect$$libinit$$0000001B)
    .ARM.Collect$$libinit$$0000001D          0x08000146   Section        0  libinit2.o(.ARM.Collect$$libinit$$0000001D)
    .ARM.Collect$$libinit$$0000001F          0x08000146   Section        0  libinit2.o(.ARM.Collect$$libinit$$0000001F)
    .ARM.Collect$$libinit$$00000021          0x08000146   Section        0  libinit2.o(.ARM.Collect$$libinit$$00000021)
    .ARM.Collect$$libinit$$00000023          0x08000146   Section        0  libinit2.o(.ARM.Collect$$libinit$$00000023)
    .ARM.Collect$$libinit$$00000025          0x08000146   Section        0  libinit2.o(.ARM.Collect$$libinit$$00000025)
    .ARM.Collect$$libinit$$0000002C          0x08000146   Section        0  libinit2.o(.ARM.Collect$$libinit$$0000002C)
    .ARM.Collect$$libinit$$0000002E          0x08000146   Section        0  libinit2.o(.ARM.Collect$$libinit$$0000002E)
    .ARM.Collect$$libinit$$00000030          0x08000146   Section        0  libinit2.o(.ARM.Collect$$libinit$$00000030)
    .ARM.Collect$$libinit$$00000032          0x08000146   Section        0  libinit2.o(.ARM.Collect$$libinit$$00000032)
    .ARM.Collect$$libinit$$00000033          0x08000146   Section        2  libinit2.o(.ARM.Collect$$libinit$$00000033)
    .ARM.Collect$$libshutdown$$00000000      0x08000148   Section        2  libshutdown.o(.ARM.Collect$$libshutdown$$00000000)
    .ARM.Collect$$libshutdown$$00000002      0x0800014a   Section        0  libshutdown2.o(.ARM.Collect$$libshutdown$$00000002)
    .ARM.Collect$$libshutdown$$00000004      0x0800014a   Section        0  libshutdown2.o(.ARM.Collect$$libshutdown$$00000004)
    .ARM.Collect$$libshutdown$$00000007      0x0800014a   Section        0  libshutdown2.o(.ARM.Collect$$libshutdown$$00000007)
    .ARM.Collect$$libshutdown$$0000000A      0x0800014a   Section        0  libshutdown2.o(.ARM.Collect$$libshutdown$$0000000A)
    .ARM.Collect$$libshutdown$$0000000C      0x0800014a   Section        0  libshutdown2.o(.ARM.Collect$$libshutdown$$0000000C)
    .ARM.Collect$$libshutdown$$0000000F      0x0800014a   Section        0  libshutdown2.o(.ARM.Collect$$libshutdown$$0000000F)
    .ARM.Collect$$libshutdown$$00000010      0x0800014a   Section        2  libshutdown2.o(.ARM.Collect$$libshutdown$$00000010)
    .ARM.Collect$$rtentry$$00000000          0x0800014c   Section        0  __rtentry.o(.ARM.Collect$$rtentry$$00000000)
    .ARM.Collect$$rtentry$$00000002          0x0800014c   Section        0  __rtentry2.o(.ARM.Collect$$rtentry$$00000002)
    .ARM.Collect$$rtentry$$00000004          0x0800014c   Section        6  __rtentry4.o(.ARM.Collect$$rtentry$$00000004)
    .ARM.Collect$$rtentry$$00000009          0x08000152   Section        0  __rtentry2.o(.ARM.Collect$$rtentry$$00000009)
    .ARM.Collect$$rtentry$$0000000A          0x08000152   Section        4  __rtentry2.o(.ARM.Collect$$rtentry$$0000000A)
    .ARM.Collect$$rtentry$$0000000C          0x08000156   Section        0  __rtentry2.o(.ARM.Collect$$rtentry$$0000000C)
    .ARM.Collect$$rtentry$$0000000D          0x08000156   Section        8  __rtentry2.o(.ARM.Collect$$rtentry$$0000000D)
    .ARM.Collect$$rtexit$$00000000           0x0800015e   Section        2  rtexit.o(.ARM.Collect$$rtexit$$00000000)
    .ARM.Collect$$rtexit$$00000002           0x08000160   Section        0  rtexit2.o(.ARM.Collect$$rtexit$$00000002)
    .ARM.Collect$$rtexit$$00000003           0x08000160   Section        4  rtexit2.o(.ARM.Collect$$rtexit$$00000003)
    .ARM.Collect$$rtexit$$00000004           0x08000164   Section        6  rtexit2.o(.ARM.Collect$$rtexit$$00000004)
    .text                                    0x0800016c   Section       64  startup_stm32f10x_md.o(.text)
    .text                                    0x080001ac   Section        0  heapauxi.o(.text)
    .text                                    0x080001b2   Section       74  sys_stackheap_outer.o(.text)
    .text                                    0x080001fc   Section        0  exit.o(.text)
    .text                                    0x08000210   Section        8  libspace.o(.text)
    .text                                    0x08000218   Section        0  sys_exit.o(.text)
    .text                                    0x08000224   Section        2  use_no_semi.o(.text)
    .text                                    0x08000226   Section        0  indicate_semi.o(.text)
    [Anonymous Symbol]                       0x08000228   Section        0  stm32_f103c6_exti_driver.o(.text.EXTI0_IRQHandler)
    [Anonymous Symbol]                       0x08000248   Section        0  stm32_f103c6_exti_driver.o(.text.EXTI1_IRQHandler)
    [Anonymous Symbol]                       0x08000268   Section        0  stm32_f103c6_exti_driver.o(.text.EXTI2_IRQHandler)
    [Anonymous Symbol]                       0x08000288   Section        0  stm32_f103c6_exti_driver.o(.text.EXTI3_IRQHandler)
    [Anonymous Symbol]                       0x080002a8   Section        0  stm32_f103c6_exti_driver.o(.text.EXTI4_IRQHandler)
    [Anonymous Symbol]                       0x080002c8   Section        0  stm32_f103c6_exti_driver.o(.text.EXTI9_5_IRQHandler)
    [Anonymous Symbol]                       0x08000338   Section        0  stm32_f103c6_gpio_driver.o(.text.Get_CRLH_Position)
    [Anonymous Symbol]                       0x080003e8   Section        0  stm32_f103c6_gpio_driver.o(.text.MCAL_GPIO_Init)
    [Anonymous Symbol]                       0x0800045c   Section        0  stm32_f103c6_rcc_driver.o(.text.MCAL_RCC_GetHCLKFreq)
    [Anonymous Symbol]                       0x08000480   Section        0  stm32_f103c6_rcc_driver.o(.text.MCAL_RCC_GetPCLK1Freq)
    [Anonymous Symbol]                       0x080004a4   Section        0  stm32_f103c6_rcc_driver.o(.text.MCAL_RCC_GetPCLK2Freq)
    [Anonymous Symbol]                       0x080004c8   Section        0  stm32_f103c6_rcc_driver.o(.text.MCAL_RCC_GetSYS_CKKFreq)
    [Anonymous Symbol]                       0x080004f0   Section        0  stm32_f103c6_usart_driver.o(.text.MCAL_UART_GPIO_Set_Pins)
    [Anonymous Symbol]                       0x0800058c   Section        0  stm32_f103c6_usart_driver.o(.text.MCAL_UART_Init)
    [Anonymous Symbol]                       0x080006d4   Section        0  stm32_f103c6_usart_driver.o(.text.MCAL_UART_ReceiveData)
    [Anonymous Symbol]                       0x08000708   Section        0  stm32_f103c6_usart_driver.o(.text.MCAL_UART_SendData)
    SetSysClock                              0x08000719   Thumb Code     8  system_stm32f10x.o(.text.SetSysClock)
    [Anonymous Symbol]                       0x08000718   Section        0  system_stm32f10x.o(.text.SetSysClock)
    SetSysClockTo72                          0x08000721   Thumb Code   190  system_stm32f10x.o(.text.SetSysClockTo72)
    [Anonymous Symbol]                       0x08000720   Section        0  system_stm32f10x.o(.text.SetSysClockTo72)
    [Anonymous Symbol]                       0x080007e0   Section        0  system_stm32f10x.o(.text.SystemInit)
    [Anonymous Symbol]                       0x08000838   Section        0  stm32_f103c6_usart_driver.o(.text.USART1_IRQHandler)
    [Anonymous Symbol]                       0x0800084c   Section        0  stm32_f103c6_usart_driver.o(.text.USART2_IRQHandler)
    [Anonymous Symbol]                       0x08000860   Section        0  stm32_f103c6_usart_driver.o(.text.USART3_IRQHandler)
    [Anonymous Symbol]                       0x08000874   Section        0  main.o(.text.main)
    .bss                                     0x20000000   Section       96  libspace.o(.bss)
    Heap_Mem                                 0x200000a8   Data         512  startup_stm32f10x_md.o(HEAP)
    HEAP                                     0x200000a8   Section      512  startup_stm32f10x_md.o(HEAP)
    Stack_Mem                                0x200002a8   Data        1024  startup_stm32f10x_md.o(STACK)
    STACK                                    0x200002a8   Section     1024  startup_stm32f10x_md.o(STACK)
    __initial_sp                             0x200006a8   Data           0  startup_stm32f10x_md.o(STACK)

    Global Symbols

    Symbol Name                              Value     Ov Type        Size  Object(Section)

    BuildAttributes$$THM_ISAv4$P$D$K$B$S$PE$A:L22UL41UL21$X:L11$S22US41US21$IEEE1$IW$~IW$USESV6$~STKCKD$USESV7$~SHL$OTIME$ROPI$EBA8$UX$STANDARDLIB$REQ8$PRES8$EABIv2 0x00000000   Number         0  anon$$obj.o ABSOLUTE
    __fp_init_empty                          0x00000000   Number         0  fpinit_empty.o ABSOLUTE
    __ARM_exceptions_init                     - Undefined Weak Reference
    __alloca_initialize                       - Undefined Weak Reference
    __arm_preinit_                            - Undefined Weak Reference
    __cpp_initialize__aeabi_                  - Undefined Weak Reference
    __cxa_finalize                            - Undefined Weak Reference
    __rt_locale                               - Undefined Weak Reference
    __sigvec_lookup                           - Undefined Weak Reference
    _atexit_init                              - Undefined Weak Reference
    _call_atexit_fns                          - Undefined Weak Reference
    _clock_init                               - Undefined Weak Reference
    _fp_trap_init                             - Undefined Weak Reference
    _fp_trap_shutdown                         - Undefined Weak Reference
    _get_lc_collate                           - Undefined Weak Reference
    _get_lc_ctype                             - Undefined Weak Reference
    _get_lc_monetary                          - Undefined Weak Reference
    _get_lc_numeric                           - Undefined Weak Reference
    _get_lc_time                              - Undefined Weak Reference
    _getenv_init                              - Undefined Weak Reference
    _handle_redirection                       - Undefined Weak Reference
    _init_alloc                               - Undefined Weak Reference
    _init_user_alloc                          - Undefined Weak Reference
    _initio                                   - Undefined Weak Reference
    _rand_init                                - Undefined Weak Reference
    _signal_finish                            - Undefined Weak Reference
    _signal_init                              - Undefined Weak Reference
    _terminate_alloc                          - Undefined Weak Reference
    _terminate_user_alloc                     - Undefined Weak Reference
    _terminateio                              - Undefined Weak Reference
    __Vectors_Size                           0x000000ec   Number         0  startup_stm32f10x_md.o ABSOLUTE
    __Vectors                                0x08000000   Data           4  startup_stm32f10x_md.o(RESET)
    __Vectors_End                            0x080000ec   Data           0  startup_stm32f10x_md.o(RESET)
    __main                                   0x080000ed   Thumb Code     8  __main.o(!!!main)
    __scatterload                            0x080000f5   Thumb Code     0  __scatter.o(!!!scatter)
    __scatterload_rt2                        0x080000f5   Thumb Code    44  __scatter.o(!!!scatter)
    __scatterload_rt2_thumb_only             0x080000f5   Thumb Code     0  __scatter.o(!!!scatter)
    __scatterload_null                       0x08000103   Thumb Code     0  __scatter.o(!!!scatter)
    __scatterload_zeroinit                   0x08000129   Thumb Code    28  __scatter_zi.o(!!handler_zi)
    __rt_lib_init                            0x08000145   Thumb Code     0  libinit.o(.ARM.Collect$$libinit$$00000000)
    __rt_lib_init_alloca_1                   0x08000147   Thumb Code     0  libinit2.o(.ARM.Collect$$libinit$$0000002E)
    __rt_lib_init_argv_1                     0x08000147   Thumb Code     0  libinit2.o(.ARM.Collect$$libinit$$0000002C)
    __rt_lib_init_atexit_1                   0x08000147   Thumb Code     0  libinit2.o(.ARM.Collect$$libinit$$0000001B)
    __rt_lib_init_clock_1                    0x08000147   Thumb Code     0  libinit2.o(.ARM.Collect$$libinit$$00000021)
    __rt_lib_init_cpp_1                      0x08000147   Thumb Code     0  libinit2.o(.ARM.Collect$$libinit$$00000032)
    __rt_lib_init_exceptions_1               0x08000147   Thumb Code     0  libinit2.o(.ARM.Collect$$libinit$$00000030)
    __rt_lib_init_fp_1                       0x08000147   Thumb Code     0  libinit2.o(.ARM.Collect$$libinit$$00000002)
    __rt_lib_init_fp_trap_1                  0x08000147   Thumb Code     0  libinit2.o(.ARM.Collect$$libinit$$0000001F)
    __rt_lib_init_getenv_1                   0x08000147   Thumb Code     0  libinit2.o(.ARM.Collect$$libinit$$00000023)
    __rt_lib_init_heap_1                     0x08000147   Thumb Code     0  libinit2.o(.ARM.Collect$$libinit$$0000000A)
    __rt_lib_init_lc_collate_1               0x08000147   Thumb Code     0  libinit2.o(.ARM.Collect$$libinit$$00000011)
    __rt_lib_init_lc_ctype_1                 0x08000147   Thumb Code     0  libinit2.o(.ARM.Collect$$libinit$$00000013)
    __rt_lib_init_lc_monetary_1              0x08000147   Thumb Code     0  libinit2.o(.ARM.Collect$$libinit$$00000015)
    __rt_lib_init_lc_numeric_1               0x08000147   Thumb Code     0  libinit2.o(.ARM.Collect$$libinit$$00000017)
    __rt_lib_init_lc_time_1                  0x08000147   Thumb Code     0  libinit2.o(.ARM.Collect$$libinit$$00000019)
    __rt_lib_init_preinit_1                  0x08000147   Thumb Code     0  libinit2.o(.ARM.Collect$$libinit$$00000004)
    __rt_lib_init_rand_1                     0x08000147   Thumb Code     0  libinit2.o(.ARM.Collect$$libinit$$0000000E)
    __rt_lib_init_return                     0x08000147   Thumb Code     0  libinit2.o(.ARM.Collect$$libinit$$00000033)
    __rt_lib_init_signal_1                   0x08000147   Thumb Code     0  libinit2.o(.ARM.Collect$$libinit$$0000001D)
    __rt_lib_init_stdio_1                    0x08000147   Thumb Code     0  libinit2.o(.ARM.Collect$$libinit$$00000025)
    __rt_lib_init_user_alloc_1               0x08000147   Thumb Code     0  libinit2.o(.ARM.Collect$$libinit$$0000000C)
    __rt_lib_shutdown                        0x08000149   Thumb Code     0  libshutdown.o(.ARM.Collect$$libshutdown$$00000000)
    __rt_lib_shutdown_cpp_1                  0x0800014b   Thumb Code     0  libshutdown2.o(.ARM.Collect$$libshutdown$$00000002)
    __rt_lib_shutdown_fp_trap_1              0x0800014b   Thumb Code     0  libshutdown2.o(.ARM.Collect$$libshutdown$$00000007)
    __rt_lib_shutdown_heap_1                 0x0800014b   Thumb Code     0  libshutdown2.o(.ARM.Collect$$libshutdown$$0000000F)
    __rt_lib_shutdown_return                 0x0800014b   Thumb Code     0  libshutdown2.o(.ARM.Collect$$libshutdown$$00000010)
    __rt_lib_shutdown_signal_1               0x0800014b   Thumb Code     0  libshutdown2.o(.ARM.Collect$$libshutdown$$0000000A)
    __rt_lib_shutdown_stdio_1                0x0800014b   Thumb Code     0  libshutdown2.o(.ARM.Collect$$libshutdown$$00000004)
    __rt_lib_shutdown_user_alloc_1           0x0800014b   Thumb Code     0  libshutdown2.o(.ARM.Collect$$libshutdown$$0000000C)
    __rt_entry                               0x0800014d   Thumb Code     0  __rtentry.o(.ARM.Collect$$rtentry$$00000000)
    __rt_entry_presh_1                       0x0800014d   Thumb Code     0  __rtentry2.o(.ARM.Collect$$rtentry$$00000002)
    __rt_entry_sh                            0x0800014d   Thumb Code     0  __rtentry4.o(.ARM.Collect$$rtentry$$00000004)
    __rt_entry_li                            0x08000153   Thumb Code     0  __rtentry2.o(.ARM.Collect$$rtentry$$0000000A)
    __rt_entry_postsh_1                      0x08000153   Thumb Code     0  __rtentry2.o(.ARM.Collect$$rtentry$$00000009)
    __rt_entry_main                          0x08000157   Thumb Code     0  __rtentry2.o(.ARM.Collect$$rtentry$$0000000D)
    __rt_entry_postli_1                      0x08000157   Thumb Code     0  __rtentry2.o(.ARM.Collect$$rtentry$$0000000C)
    __rt_exit                                0x0800015f   Thumb Code     0  rtexit.o(.ARM.Collect$$rtexit$$00000000)
    __rt_exit_ls                             0x08000161   Thumb Code     0  rtexit2.o(.ARM.Collect$$rtexit$$00000003)
    __rt_exit_prels_1                        0x08000161   Thumb Code     0  rtexit2.o(.ARM.Collect$$rtexit$$00000002)
    __rt_exit_exit                           0x08000165   Thumb Code     0  rtexit2.o(.ARM.Collect$$rtexit$$00000004)
    Reset_Handler                            0x0800016d   Thumb Code     8  startup_stm32f10x_md.o(.text)
    NMI_Handler                              0x08000175   Thumb Code     2  startup_stm32f10x_md.o(.text)
    HardFault_Handler                        0x08000177   Thumb Code     2  startup_stm32f10x_md.o(.text)
    MemManage_Handler                        0x08000179   Thumb Code     2  startup_stm32f10x_md.o(.text)
    BusFault_Handler                         0x0800017b   Thumb Code     2  startup_stm32f10x_md.o(.text)
    UsageFault_Handler                       0x0800017d   Thumb Code     2  startup_stm32f10x_md.o(.text)
    SVC_Handler                              0x0800017f   Thumb Code     2  startup_stm32f10x_md.o(.text)
    DebugMon_Handler                         0x08000181   Thumb Code     2  startup_stm32f10x_md.o(.text)
    PendSV_Handler                           0x08000183   Thumb Code     2  startup_stm32f10x_md.o(.text)
    SysTick_Handler                          0x08000185   Thumb Code     2  startup_stm32f10x_md.o(.text)
    ADC1_2_IRQHandler                        0x08000187   Thumb Code     0  startup_stm32f10x_md.o(.text)
    CAN1_RX1_IRQHandler                      0x08000187   Thumb Code     0  startup_stm32f10x_md.o(.text)
    CAN1_SCE_IRQHandler                      0x08000187   Thumb Code     0  startup_stm32f10x_md.o(.text)
    DMA1_Channel1_IRQHandler                 0x08000187   Thumb Code     0  startup_stm32f10x_md.o(.text)
    DMA1_Channel2_IRQHandler                 0x08000187   Thumb Code     0  startup_stm32f10x_md.o(.text)
    DMA1_Channel3_IRQHandler                 0x08000187   Thumb Code     0  startup_stm32f10x_md.o(.text)
    DMA1_Channel4_IRQHandler                 0x08000187   Thumb Code     0  startup_stm32f10x_md.o(.text)
    DMA1_Channel5_IRQHandler                 0x08000187   Thumb Code     0  startup_stm32f10x_md.o(.text)
    DMA1_Channel6_IRQHandler                 0x08000187   Thumb Code     0  startup_stm32f10x_md.o(.text)
    DMA1_Channel7_IRQHandler                 0x08000187   Thumb Code     0  startup_stm32f10x_md.o(.text)
    EXTI15_10_IRQHandler                     0x08000187   Thumb Code     0  startup_stm32f10x_md.o(.text)
    FLASH_IRQHandler                         0x08000187   Thumb Code     0  startup_stm32f10x_md.o(.text)
    I2C1_ER_IRQHandler                       0x08000187   Thumb Code     0  startup_stm32f10x_md.o(.text)
    I2C1_EV_IRQHandler                       0x08000187   Thumb Code     0  startup_stm32f10x_md.o(.text)
    I2C2_ER_IRQHandler                       0x08000187   Thumb Code     0  startup_stm32f10x_md.o(.text)
    I2C2_EV_IRQHandler                       0x08000187   Thumb Code     0  startup_stm32f10x_md.o(.text)
    PVD_IRQHandler                           0x08000187   Thumb Code     0  startup_stm32f10x_md.o(.text)
    RCC_IRQHandler                           0x08000187   Thumb Code     0  startup_stm32f10x_md.o(.text)
    RTCAlarm_IRQHandler                      0x08000187   Thumb Code     0  startup_stm32f10x_md.o(.text)
    RTC_IRQHandler                           0x08000187   Thumb Code     0  startup_stm32f10x_md.o(.text)
    SPI1_IRQHandler                          0x08000187   Thumb Code     0  startup_stm32f10x_md.o(.text)
    SPI2_IRQHandler                          0x08000187   Thumb Code     0  startup_stm32f10x_md.o(.text)
    TAMPER_IRQHandler                        0x08000187   Thumb Code     0  startup_stm32f10x_md.o(.text)
    TIM1_BRK_IRQHandler                      0x08000187   Thumb Code     0  startup_stm32f10x_md.o(.text)
    TIM1_CC_IRQHandler                       0x08000187   Thumb Code     0  startup_stm32f10x_md.o(.text)
    TIM1_TRG_COM_IRQHandler                  0x08000187   Thumb Code     0  startup_stm32f10x_md.o(.text)
    TIM1_UP_IRQHandler                       0x08000187   Thumb Code     0  startup_stm32f10x_md.o(.text)
    TIM2_IRQHandler                          0x08000187   Thumb Code     0  startup_stm32f10x_md.o(.text)
    TIM3_IRQHandler                          0x08000187   Thumb Code     0  startup_stm32f10x_md.o(.text)
    TIM4_IRQHandler                          0x08000187   Thumb Code     0  startup_stm32f10x_md.o(.text)
    USBWakeUp_IRQHandler                     0x08000187   Thumb Code     0  startup_stm32f10x_md.o(.text)
    USB_HP_CAN1_TX_IRQHandler                0x08000187   Thumb Code     0  startup_stm32f10x_md.o(.text)
    USB_LP_CAN1_RX0_IRQHandler               0x08000187   Thumb Code     0  startup_stm32f10x_md.o(.text)
    WWDG_IRQHandler                          0x08000187   Thumb Code     0  startup_stm32f10x_md.o(.text)
    __user_initial_stackheap                 0x08000189   Thumb Code     0  startup_stm32f10x_md.o(.text)
    __use_two_region_memory                  0x080001ad   Thumb Code     2  heapauxi.o(.text)
    __rt_heap_escrow$2region                 0x080001af   Thumb Code     2  heapauxi.o(.text)
    __rt_heap_expand$2region                 0x080001b1   Thumb Code     2  heapauxi.o(.text)
    __user_setup_stackheap                   0x080001b3   Thumb Code    74  sys_stackheap_outer.o(.text)
    exit                                     0x080001fd   Thumb Code    18  exit.o(.text)
    __user_libspace                          0x08000211   Thumb Code     8  libspace.o(.text)
    __user_perproc_libspace                  0x08000211   Thumb Code     0  libspace.o(.text)
    __user_perthread_libspace                0x08000211   Thumb Code     0  libspace.o(.text)
    _sys_exit                                0x08000219   Thumb Code     8  sys_exit.o(.text)
    __I$use$semihosting                      0x08000225   Thumb Code     0  use_no_semi.o(.text)
    __use_no_semihosting_swi                 0x08000225   Thumb Code     2  use_no_semi.o(.text)
    __semihosting_library_function           0x08000227   Thumb Code     0  indicate_semi.o(.text)
    EXTI0_IRQHandler                         0x08000229   Thumb Code    32  stm32_f103c6_exti_driver.o(.text.EXTI0_IRQHandler)
    EXTI1_IRQHandler                         0x08000249   Thumb Code    32  stm32_f103c6_exti_driver.o(.text.EXTI1_IRQHandler)
    EXTI2_IRQHandler                         0x08000269   Thumb Code    32  stm32_f103c6_exti_driver.o(.text.EXTI2_IRQHandler)
    EXTI3_IRQHandler                         0x08000289   Thumb Code    32  stm32_f103c6_exti_driver.o(.text.EXTI3_IRQHandler)
    EXTI4_IRQHandler                         0x080002a9   Thumb Code    32  stm32_f103c6_exti_driver.o(.text.EXTI4_IRQHandler)
    EXTI9_5_IRQHandler                       0x080002c9   Thumb Code   112  stm32_f103c6_exti_driver.o(.text.EXTI9_5_IRQHandler)
    Get_CRLH_Position                        0x08000339   Thumb Code   176  stm32_f103c6_gpio_driver.o(.text.Get_CRLH_Position)
    MCAL_GPIO_Init                           0x080003e9   Thumb Code   116  stm32_f103c6_gpio_driver.o(.text.MCAL_GPIO_Init)
    MCAL_RCC_GetHCLKFreq                     0x0800045d   Thumb Code    34  stm32_f103c6_rcc_driver.o(.text.MCAL_RCC_GetHCLKFreq)
    MCAL_RCC_GetPCLK1Freq                    0x08000481   Thumb Code    34  stm32_f103c6_rcc_driver.o(.text.MCAL_RCC_GetPCLK1Freq)
    MCAL_RCC_GetPCLK2Freq                    0x080004a5   Thumb Code    34  stm32_f103c6_rcc_driver.o(.text.MCAL_RCC_GetPCLK2Freq)
    MCAL_RCC_GetSYS_CKKFreq                  0x080004c9   Thumb Code    40  stm32_f103c6_rcc_driver.o(.text.MCAL_RCC_GetSYS_CKKFreq)
    MCAL_UART_GPIO_Set_Pins                  0x080004f1   Thumb Code   156  stm32_f103c6_usart_driver.o(.text.MCAL_UART_GPIO_Set_Pins)
    MCAL_UART_Init                           0x0800058d   Thumb Code   326  stm32_f103c6_usart_driver.o(.text.MCAL_UART_Init)
    MCAL_UART_ReceiveData                    0x080006d5   Thumb Code    52  stm32_f103c6_usart_driver.o(.text.MCAL_UART_ReceiveData)
    MCAL_UART_SendData                       0x08000709   Thumb Code    16  stm32_f103c6_usart_driver.o(.text.MCAL_UART_SendData)
    SystemInit                               0x080007e1   Thumb Code    86  system_stm32f10x.o(.text.SystemInit)
    USART1_IRQHandler                        0x08000839   Thumb Code    18  stm32_f103c6_usart_driver.o(.text.USART1_IRQHandler)
    USART2_IRQHandler                        0x0800084d   Thumb Code    18  stm32_f103c6_usart_driver.o(.text.USART2_IRQHandler)
    USART3_IRQHandler                        0x08000861   Thumb Code    18  stm32_f103c6_usart_driver.o(.text.USART3_IRQHandler)
    main                                     0x08000875   Thumb Code    82  main.o(.text.main)
    myAHBPrescTable                          0x080008c6   Data          16  stm32_f103c6_rcc_driver.o(.rodata.myAHBPrescTable)
    myAPBPrescTable                          0x080008d6   Data           8  stm32_f103c6_rcc_driver.o(.rodata.myAPBPrescTable)
    Region$$Table$$Base                      0x080008e0   Number         0  anon$$obj.o(Region$$Table)
    Region$$Table$$Limit                     0x080008f0   Number         0  anon$$obj.o(Region$$Table)
    __libspace_start                         0x20000000   Data          96  libspace.o(.bss)
    GP_IRQ_Callback                          0x20000060   Data          60  stm32_f103c6_exti_driver.o(.bss.GP_IRQ_Callback)
    __temporary_stack_top$libspace           0x20000060   Data           0  libspace.o(.bss)
    Global_UART_Config                       0x2000009c   Data           4  stm32_f103c6_usart_driver.o(.bss.Global_UART_Config)
    ch                                       0x200000a0   Data           2  main.o(.bss.ch)



==============================================================================

Memory Map of the image

  Image Entry point : 0x0800016d

  Load Region LR_1 (Base: 0x08000000, Size: 0x000008f0, Max: 0xffffffff, ABSOLUTE)

    Execution Region ER_RO (Exec base: 0x08000000, Load base: 0x08000000, Size: 0x000008f0, Max: 0xffffffff, ABSOLUTE)

    Exec Addr    Load Addr    Size         Type   Attr      Idx    E Section Name        Object

    0x08000000   0x08000000   0x000000ec   Data   RO          161    RESET               startup_stm32f10x_md.o
    0x080000ec   0x080000ec   0x00000008   Code   RO          190  * !!!main             c_w.l(__main.o)
    0x080000f4   0x080000f4   0x00000034   Code   RO          353    !!!scatter          c_w.l(__scatter.o)
    0x08000128   0x08000128   0x0000001c   Code   RO          355    !!handler_zi        c_w.l(__scatter_zi.o)
    0x08000144   0x08000144   0x00000002   Code   RO          217    .ARM.Collect$$libinit$$00000000  c_w.l(libinit.o)
    0x08000146   0x08000146   0x00000000   Code   RO          224    .ARM.Collect$$libinit$$00000002  c_w.l(libinit2.o)
    0x08000146   0x08000146   0x00000000   Code   RO          226    .ARM.Collect$$libinit$$00000004  c_w.l(libinit2.o)
    0x08000146   0x08000146   0x00000000   Code   RO          229    .ARM.Collect$$libinit$$0000000A  c_w.l(libinit2.o)
    0x08000146   0x08000146   0x00000000   Code   RO          231    .ARM.Collect$$libinit$$0000000C  c_w.l(libinit2.o)
    0x08000146   0x08000146   0x00000000   Code   RO          233    .ARM.Collect$$libinit$$0000000E  c_w.l(libinit2.o)
    0x08000146   0x08000146   0x00000000   Code   RO          236    .ARM.Collect$$libinit$$00000011  c_w.l(libinit2.o)
    0x08000146   0x08000146   0x00000000   Code   RO          238    .ARM.Collect$$libinit$$00000013  c_w.l(libinit2.o)
    0x08000146   0x08000146   0x00000000   Code   RO          240    .ARM.Collect$$libinit$$00000015  c_w.l(libinit2.o)
    0x08000146   0x08000146   0x00000000   Code   RO          242    .ARM.Collect$$libinit$$00000017  c_w.l(libinit2.o)
    0x08000146   0x08000146   0x00000000   Code   RO          244    .ARM.Collect$$libinit$$00000019  c_w.l(libinit2.o)
    0x08000146   0x08000146   0x00000000   Code   RO          246    .ARM.Collect$$libinit$$0000001B  c_w.l(libinit2.o)
    0x08000146   0x08000146   0x00000000   Code   RO          248    .ARM.Collect$$libinit$$0000001D  c_w.l(libinit2.o)
    0x08000146   0x08000146   0x00000000   Code   RO          250    .ARM.Collect$$libinit$$0000001F  c_w.l(libinit2.o)
    0x08000146   0x08000146   0x00000000   Code   RO          252    .ARM.Collect$$libinit$$00000021  c_w.l(libinit2.o)
    0x08000146   0x08000146   0x00000000   Code   RO          254    .ARM.Collect$$libinit$$00000023  c_w.l(libinit2.o)
    0x08000146   0x08000146   0x00000000   Code   RO          256    .ARM.Collect$$libinit$$00000025  c_w.l(libinit2.o)
    0x08000146   0x08000146   0x00000000   Code   RO          260    .ARM.Collect$$libinit$$0000002C  c_w.l(libinit2.o)
    0x08000146   0x08000146   0x00000000   Code   RO          262    .ARM.Collect$$libinit$$0000002E  c_w.l(libinit2.o)
    0x08000146   0x08000146   0x00000000   Code   RO          264    .ARM.Collect$$libinit$$00000030  c_w.l(libinit2.o)
    0x08000146   0x08000146   0x00000000   Code   RO          266    .ARM.Collect$$libinit$$00000032  c_w.l(libinit2.o)
    0x08000146   0x08000146   0x00000002   Code   RO          267    .ARM.Collect$$libinit$$00000033  c_w.l(libinit2.o)
    0x08000148   0x08000148   0x00000002   Code   RO          289    .ARM.Collect$$libshutdown$$00000000  c_w.l(libshutdown.o)
    0x0800014a   0x0800014a   0x00000000   Code   RO          304    .ARM.Collect$$libshutdown$$00000002  c_w.l(libshutdown2.o)
    0x0800014a   0x0800014a   0x00000000   Code   RO          306    .ARM.Collect$$libshutdown$$00000004  c_w.l(libshutdown2.o)
    0x0800014a   0x0800014a   0x00000000   Code   RO          309    .ARM.Collect$$libshutdown$$00000007  c_w.l(libshutdown2.o)
    0x0800014a   0x0800014a   0x00000000   Code   RO          312    .ARM.Collect$$libshutdown$$0000000A  c_w.l(libshutdown2.o)
    0x0800014a   0x0800014a   0x00000000   Code   RO          314    .ARM.Collect$$libshutdown$$0000000C  c_w.l(libshutdown2.o)
    0x0800014a   0x0800014a   0x00000000   Code   RO          317    .ARM.Collect$$libshutdown$$0000000F  c_w.l(libshutdown2.o)
    0x0800014a   0x0800014a   0x00000002   Code   RO          318    .ARM.Collect$$libshutdown$$00000010  c_w.l(libshutdown2.o)
    0x0800014c   0x0800014c   0x00000000   Code   RO          192    .ARM.Collect$$rtentry$$00000000  c_w.l(__rtentry.o)
    0x0800014c   0x0800014c   0x00000000   Code   RO          194    .ARM.Collect$$rtentry$$00000002  c_w.l(__rtentry2.o)
    0x0800014c   0x0800014c   0x00000006   Code   RO          206    .ARM.Collect$$rtentry$$00000004  c_w.l(__rtentry4.o)
    0x08000152   0x08000152   0x00000000   Code   RO          196    .ARM.Collect$$rtentry$$00000009  c_w.l(__rtentry2.o)
    0x08000152   0x08000152   0x00000004   Code   RO          197    .ARM.Collect$$rtentry$$0000000A  c_w.l(__rtentry2.o)
    0x08000156   0x08000156   0x00000000   Code   RO          199    .ARM.Collect$$rtentry$$0000000C  c_w.l(__rtentry2.o)
    0x08000156   0x08000156   0x00000008   Code   RO          200    .ARM.Collect$$rtentry$$0000000D  c_w.l(__rtentry2.o)
    0x0800015e   0x0800015e   0x00000002   Code   RO          221    .ARM.Collect$$rtexit$$00000000  c_w.l(rtexit.o)
    0x08000160   0x08000160   0x00000000   Code   RO          269    .ARM.Collect$$rtexit$$00000002  c_w.l(rtexit2.o)
    0x08000160   0x08000160   0x00000004   Code   RO          270    .ARM.Collect$$rtexit$$00000003  c_w.l(rtexit2.o)
    0x08000164   0x08000164   0x00000006   Code   RO          271    .ARM.Collect$$rtexit$$00000004  c_w.l(rtexit2.o)
    0x0800016a   0x0800016a   0x00000002   PAD
    0x0800016c   0x0800016c   0x00000040   Code   RO          162  * .text               startup_stm32f10x_md.o
    0x080001ac   0x080001ac   0x00000006   Code   RO          188    .text               c_w.l(heapauxi.o)
    0x080001b2   0x080001b2   0x0000004a   Code   RO          208    .text               c_w.l(sys_stackheap_outer.o)
    0x080001fc   0x080001fc   0x00000012   Code   RO          210    .text               c_w.l(exit.o)
    0x0800020e   0x0800020e   0x00000002   PAD
    0x08000210   0x08000210   0x00000008   Code   RO          218    .text               c_w.l(libspace.o)
    0x08000218   0x08000218   0x0000000c   Code   RO          279    .text               c_w.l(sys_exit.o)
    0x08000224   0x08000224   0x00000002   Code   RO          294    .text               c_w.l(use_no_semi.o)
    0x08000226   0x08000226   0x00000000   Code   RO          296    .text               c_w.l(indicate_semi.o)
    0x08000226   0x08000226   0x00000002   PAD
    0x08000228   0x08000228   0x00000020   Code   RO           93    .text.EXTI0_IRQHandler  stm32_f103c6_exti_driver.o
    0x08000248   0x08000248   0x00000020   Code   RO           95    .text.EXTI1_IRQHandler  stm32_f103c6_exti_driver.o
    0x08000268   0x08000268   0x00000020   Code   RO           97    .text.EXTI2_IRQHandler  stm32_f103c6_exti_driver.o
    0x08000288   0x08000288   0x00000020   Code   RO           99    .text.EXTI3_IRQHandler  stm32_f103c6_exti_driver.o
    0x080002a8   0x080002a8   0x00000020   Code   RO          101    .text.EXTI4_IRQHandler  stm32_f103c6_exti_driver.o
    0x080002c8   0x080002c8   0x00000070   Code   RO          103    .text.EXTI9_5_IRQHandler  stm32_f103c6_exti_driver.o
    0x08000338   0x08000338   0x000000b0   Code   RO           54    .text.Get_CRLH_Position  stm32_f103c6_gpio_driver.o
    0x080003e8   0x080003e8   0x00000074   Code   RO           56    .text.MCAL_GPIO_Init  stm32_f103c6_gpio_driver.o
    0x0800045c   0x0800045c   0x00000022   Code   RO          118    .text.MCAL_RCC_GetHCLKFreq  stm32_f103c6_rcc_driver.o
    0x0800047e   0x0800047e   0x00000002   PAD
    0x08000480   0x08000480   0x00000022   Code   RO          120    .text.MCAL_RCC_GetPCLK1Freq  stm32_f103c6_rcc_driver.o
    0x080004a2   0x080004a2   0x00000002   PAD
    0x080004a4   0x080004a4   0x00000022   Code   RO          122    .text.MCAL_RCC_GetPCLK2Freq  stm32_f103c6_rcc_driver.o
    0x080004c6   0x080004c6   0x00000002   PAD
    0x080004c8   0x080004c8   0x00000028   Code   RO          116    .text.MCAL_RCC_GetSYS_CKKFreq  stm32_f103c6_rcc_driver.o
    0x080004f0   0x080004f0   0x0000009c   Code   RO          143    .text.MCAL_UART_GPIO_Set_Pins  stm32_f103c6_usart_driver.o
    0x0800058c   0x0800058c   0x00000146   Code   RO          133    .text.MCAL_UART_Init  stm32_f103c6_usart_driver.o
    0x080006d2   0x080006d2   0x00000002   PAD
    0x080006d4   0x080006d4   0x00000034   Code   RO          141    .text.MCAL_UART_ReceiveData  stm32_f103c6_usart_driver.o
    0x08000708   0x08000708   0x00000010   Code   RO          137    .text.MCAL_UART_SendData  stm32_f103c6_usart_driver.o
    0x08000718   0x08000718   0x00000008   Code   RO          171    .text.SetSysClock   system_stm32f10x.o
    0x08000720   0x08000720   0x000000be   Code   RO          175    .text.SetSysClockTo72  system_stm32f10x.o
    0x080007de   0x080007de   0x00000002   PAD
    0x080007e0   0x080007e0   0x00000056   Code   RO          169    .text.SystemInit    system_stm32f10x.o
    0x08000836   0x08000836   0x00000002   PAD
    0x08000838   0x08000838   0x00000012   Code   RO          145    .text.USART1_IRQHandler  stm32_f103c6_usart_driver.o
    0x0800084a   0x0800084a   0x00000002   PAD
    0x0800084c   0x0800084c   0x00000012   Code   RO          147    .text.USART2_IRQHandler  stm32_f103c6_usart_driver.o
    0x0800085e   0x0800085e   0x00000002   PAD
    0x08000860   0x08000860   0x00000012   Code   RO          149    .text.USART3_IRQHandler  stm32_f103c6_usart_driver.o
    0x08000872   0x08000872   0x00000002   PAD
    0x08000874   0x08000874   0x00000052   Code   RO            2    .text.main          main.o
    0x080008c6   0x080008c6   0x00000010   Data   RO          125    .rodata.myAHBPrescTable  stm32_f103c6_rcc_driver.o
    0x080008d6   0x080008d6   0x00000008   Data   RO          124    .rodata.myAPBPrescTable  stm32_f103c6_rcc_driver.o
    0x080008de   0x080008de   0x00000002   PAD
    0x080008e0   0x080008e0   0x00000010   Data   RO          352    Region$$Table       anon$$obj.o


    Execution Region ER_RW (Exec base: 0x20000000, Load base: 0x080008f0, Size: 0x00000000, Max: 0xffffffff, ABSOLUTE)

    **** No section assigned to this execution region ****


    Execution Region ER_ZI (Exec base: 0x20000000, Load base: 0x080008f0, Size: 0x000006a8, Max: 0xffffffff, ABSOLUTE)

    Exec Addr    Load Addr    Size         Type   Attr      Idx    E Section Name        Object

    0x20000000        -       0x00000060   Zero   RW          219    .bss                c_w.l(libspace.o)
    0x20000060        -       0x0000003c   Zero   RW          107    .bss.GP_IRQ_Callback  stm32_f103c6_exti_driver.o
    0x2000009c        -       0x00000004   Zero   RW          151    .bss.Global_UART_Config  stm32_f103c6_usart_driver.o
    0x200000a0        -       0x00000002   Zero   RW            4    .bss.ch             main.o
    0x200000a2   0x080008f0   0x00000006   PAD
    0x200000a8        -       0x00000200   Zero   RW          160    HEAP                startup_stm32f10x_md.o
    0x200002a8        -       0x00000400   Zero   RW          159    STACK               startup_stm32f10x_md.o


==============================================================================

Image component sizes


      Code (inc. data)   RO Data    RW Data    ZI Data      Debug   Object Name

        82          0          0          0          2       1215   main.o
        64         26        236          0       1536        872   startup_stm32f10x_md.o
       272          0          0          0         60       4001   stm32_f103c6_exti_driver.o
       292         32          0          0          0       3320   stm32_f103c6_gpio_driver.o
       142         12         24          0          0       1449   stm32_f103c6_rcc_driver.o
       604          0          0          0          4       3719   stm32_f103c6_usart_driver.o
       284          0          0          0          0       2964   system_stm32f10x.o

    ----------------------------------------------------------------------
      1758         70        278          0       1608      17540   Object Totals
         0          0         16          0          0          0   (incl. Generated)
        18          0          2          0          6          0   (incl. Padding)

    ----------------------------------------------------------------------

      Code (inc. data)   RO Data    RW Data    ZI Data      Debug   Library Member Name

         8          0          0          0          0         68   __main.o
         0          0          0          0          0          0   __rtentry.o
        12          0          0          0          0          0   __rtentry2.o
         6          0          0          0          0          0   __rtentry4.o
        52          8          0          0          0          0   __scatter.o
        28          0          0          0          0          0   __scatter_zi.o
        18          0          0          0          0         80   exit.o
         6          0          0          0          0        152   heapauxi.o
         0          0          0          0          0          0   indicate_semi.o
         2          0          0          0          0          0   libinit.o
         2          0          0          0          0          0   libinit2.o
         2          0          0          0          0          0   libshutdown.o
         2          0          0          0          0          0   libshutdown2.o
         8          4          0          0         96         68   libspace.o
         2          0          0          0          0          0   rtexit.o
        10          0          0          0          0          0   rtexit2.o
        12          4          0          0          0         68   sys_exit.o
        74          0          0          0          0         80   sys_stackheap_outer.o
         2          0          0          0          0         68   use_no_semi.o

    ----------------------------------------------------------------------
       252         16          0          0         96        584   Library Totals
         6          0          0          0          0          0   (incl. Padding)

    ----------------------------------------------------------------------

      Code (inc. data)   RO Data    RW Data    ZI Data      Debug   Library Name

       246         16          0          0         96        584   c_w.l

    ----------------------------------------------------------------------
       252         16          0          0         96        584   Library Totals

    ----------------------------------------------------------------------

==============================================================================


      Code (inc. data)   RO Data    RW Data    ZI Data      Debug   

      2010         86        278          0       1704      17868   Grand Totals
      2010         86        278          0       1704      17868   ELF Image Totals
      2010         86        278          0          0          0   ROM Totals

==============================================================================

    Total RO  Size (Code + RO Data)                 2288 (   2.23kB)
    Total RW  Size (RW Data + ZI Data)              1704 (   1.66kB)
    Total ROM Size (Code + RO Data + RW Data)       2288 (   2.23kB)

==============================================================================

