Component: ARM Compiler 6.14.1 Tool: armlink [5db06d00]

==============================================================================

Section Cross References

    main.o(.ARM.exidx.text.my_wait) refers to main.o(.text.my_wait) for [Anonymous Symbol]
    main.o(.text.EXTI9_Callback) refers to main.o(.bss.IRQ_Flag) for IRQ_Flag
    main.o(.text.EXTI9_Callback) refers to main.o(.rodata.str1.1) for .L.str
    main.o(.text.EXTI9_Callback) refers to lcd.o(.text.LCD_WRITE_STRING) for LCD_WRITE_STRING
    main.o(.text.EXTI9_Callback) refers to main.o(.text.my_wait) for my_wait
    main.o(.ARM.exidx.text.EXTI9_Callback) refers to main.o(.text.EXTI9_Callback) for [Anonymous Symbol]
    main.o(.text.main) refers to lcd.o(.text.LCD_INIT) for LCD_INIT
    main.o(.text.main) refers to lcd.o(.text.LCD_clear_screen) for LCD_clear_screen
    main.o(.text.main) refers to main.o(.text.EXTI9_Callback) for EXTI9_Callback
    main.o(.text.main) refers to stm32_f103c6_exti_driver.o(.text.MCAL_EXTI_GPIO_Init) for MCAL_EXTI_GPIO_Init
    main.o(.text.main) refers to main.o(.bss.IRQ_Flag) for IRQ_Flag
    main.o(.text.main) refers to main.o(.text.my_wait) for my_wait
    main.o(.ARM.exidx.text.main) refers to main.o(.text.main) for [Anonymous Symbol]
    stm32_f103c6_gpio_driver.o(.ARM.exidx.text.Get_CRLH_Position) refers to stm32_f103c6_gpio_driver.o(.text.Get_CRLH_Position) for [Anonymous Symbol]
    stm32_f103c6_gpio_driver.o(.text.MCAL_GPIO_Init) refers to stm32_f103c6_gpio_driver.o(.text.Get_CRLH_Position) for Get_CRLH_Position
    stm32_f103c6_gpio_driver.o(.ARM.exidx.text.MCAL_GPIO_Init) refers to stm32_f103c6_gpio_driver.o(.text.MCAL_GPIO_Init) for [Anonymous Symbol]
    stm32_f103c6_gpio_driver.o(.ARM.exidx.text.MCAL_GPIO_DeInit) refers to stm32_f103c6_gpio_driver.o(.text.MCAL_GPIO_DeInit) for [Anonymous Symbol]
    stm32_f103c6_gpio_driver.o(.ARM.exidx.text.MCAL_GPIO_ReadPin) refers to stm32_f103c6_gpio_driver.o(.text.MCAL_GPIO_ReadPin) for [Anonymous Symbol]
    stm32_f103c6_gpio_driver.o(.ARM.exidx.text.MCAL_GPIO_ReadPort) refers to stm32_f103c6_gpio_driver.o(.text.MCAL_GPIO_ReadPort) for [Anonymous Symbol]
    stm32_f103c6_gpio_driver.o(.ARM.exidx.text.MCAL_GPIO_WritePin) refers to stm32_f103c6_gpio_driver.o(.text.MCAL_GPIO_WritePin) for [Anonymous Symbol]
    stm32_f103c6_gpio_driver.o(.ARM.exidx.text.MCAL_GPIO_WritePort) refers to stm32_f103c6_gpio_driver.o(.text.MCAL_GPIO_WritePort) for [Anonymous Symbol]
    stm32_f103c6_gpio_driver.o(.ARM.exidx.text.MCAL_GPIO_TogglePin) refers to stm32_f103c6_gpio_driver.o(.text.MCAL_GPIO_TogglePin) for [Anonymous Symbol]
    stm32_f103c6_gpio_driver.o(.ARM.exidx.text.MCAL_GPIO_LockPin) refers to stm32_f103c6_gpio_driver.o(.text.MCAL_GPIO_LockPin) for [Anonymous Symbol]
    lcd.o(.ARM.exidx.text.delay_ms) refers to lcd.o(.text.delay_ms) for [Anonymous Symbol]
    lcd.o(.text.LCD_GPIO_init) refers to stm32_f103c6_gpio_driver.o(.bss.PinCfg) for PinCfg
    lcd.o(.text.LCD_GPIO_init) refers to stm32_f103c6_gpio_driver.o(.text.MCAL_GPIO_Init) for MCAL_GPIO_Init
    lcd.o(.text.LCD_GPIO_init) refers to stm32_f103c6_gpio_driver.o(.text.MCAL_GPIO_WritePin) for MCAL_GPIO_WritePin
    lcd.o(.ARM.exidx.text.LCD_GPIO_init) refers to lcd.o(.text.LCD_GPIO_init) for [Anonymous Symbol]
    lcd.o(.text.LCD_clear_screen) refers to lcd.o(.text.LCD_WRITE_COMMAND) for LCD_WRITE_COMMAND
    lcd.o(.ARM.exidx.text.LCD_clear_screen) refers to lcd.o(.text.LCD_clear_screen) for [Anonymous Symbol]
    lcd.o(.text.LCD_WRITE_COMMAND) refers to stm32_f103c6_gpio_driver.o(.text.MCAL_GPIO_WritePort) for MCAL_GPIO_WritePort
    lcd.o(.text.LCD_WRITE_COMMAND) refers to stm32_f103c6_gpio_driver.o(.text.MCAL_GPIO_WritePin) for MCAL_GPIO_WritePin
    lcd.o(.text.LCD_WRITE_COMMAND) refers to lcd.o(.text.delay_ms) for delay_ms
    lcd.o(.text.LCD_WRITE_COMMAND) refers to lcd.o(.text.LCD_lcd_kick) for LCD_lcd_kick
    lcd.o(.ARM.exidx.text.LCD_WRITE_COMMAND) refers to lcd.o(.text.LCD_WRITE_COMMAND) for [Anonymous Symbol]
    lcd.o(.text.LCD_lcd_kick) refers to stm32_f103c6_gpio_driver.o(.text.MCAL_GPIO_WritePin) for MCAL_GPIO_WritePin
    lcd.o(.text.LCD_lcd_kick) refers to lcd.o(.text.delay_ms) for delay_ms
    lcd.o(.ARM.exidx.text.LCD_lcd_kick) refers to lcd.o(.text.LCD_lcd_kick) for [Anonymous Symbol]
    lcd.o(.text.LCD_GOTO_XY) refers to lcd.o(.text.LCD_WRITE_COMMAND) for LCD_WRITE_COMMAND
    lcd.o(.ARM.exidx.text.LCD_GOTO_XY) refers to lcd.o(.text.LCD_GOTO_XY) for [Anonymous Symbol]
    lcd.o(.text.LCD_INIT) refers to lcd.o(.text.delay_ms) for delay_ms
    lcd.o(.text.LCD_INIT) refers to lcd.o(.text.LCD_GPIO_init) for LCD_GPIO_init
    lcd.o(.text.LCD_INIT) refers to lcd.o(.text.LCD_clear_screen) for LCD_clear_screen
    lcd.o(.text.LCD_INIT) refers to lcd.o(.text.LCD_WRITE_COMMAND) for LCD_WRITE_COMMAND
    lcd.o(.ARM.exidx.text.LCD_INIT) refers to lcd.o(.text.LCD_INIT) for [Anonymous Symbol]
    lcd.o(.text.LCD_check_lcd_isbusy) refers to stm32_f103c6_gpio_driver.o(.bss.PinCfg) for PinCfg
    lcd.o(.text.LCD_check_lcd_isbusy) refers to stm32_f103c6_gpio_driver.o(.text.MCAL_GPIO_Init) for MCAL_GPIO_Init
    lcd.o(.text.LCD_check_lcd_isbusy) refers to stm32_f103c6_gpio_driver.o(.text.MCAL_GPIO_WritePin) for MCAL_GPIO_WritePin
    lcd.o(.text.LCD_check_lcd_isbusy) refers to lcd.o(.text.LCD_lcd_kick) for LCD_lcd_kick
    lcd.o(.ARM.exidx.text.LCD_check_lcd_isbusy) refers to lcd.o(.text.LCD_check_lcd_isbusy) for [Anonymous Symbol]
    lcd.o(.text.LCD_WRITE_CHAR) refers to stm32_f103c6_gpio_driver.o(.text.MCAL_GPIO_WritePort) for MCAL_GPIO_WritePort
    lcd.o(.text.LCD_WRITE_CHAR) refers to stm32_f103c6_gpio_driver.o(.text.MCAL_GPIO_WritePin) for MCAL_GPIO_WritePin
    lcd.o(.text.LCD_WRITE_CHAR) refers to lcd.o(.text.delay_ms) for delay_ms
    lcd.o(.text.LCD_WRITE_CHAR) refers to lcd.o(.text.LCD_lcd_kick) for LCD_lcd_kick
    lcd.o(.ARM.exidx.text.LCD_WRITE_CHAR) refers to lcd.o(.text.LCD_WRITE_CHAR) for [Anonymous Symbol]
    lcd.o(.text.LCD_WRITE_STRING) refers to lcd.o(.text.LCD_WRITE_CHAR) for LCD_WRITE_CHAR
    lcd.o(.text.LCD_WRITE_STRING) refers to lcd.o(.text.LCD_GOTO_XY) for LCD_GOTO_XY
    lcd.o(.text.LCD_WRITE_STRING) refers to lcd.o(.text.LCD_clear_screen) for LCD_clear_screen
    lcd.o(.ARM.exidx.text.LCD_WRITE_STRING) refers to lcd.o(.text.LCD_WRITE_STRING) for [Anonymous Symbol]
    keypad.o(.ARM.exidx.text.delay_mss) refers to keypad.o(.text.delay_mss) for [Anonymous Symbol]
    keypad.o(.text.Keypad_init) refers to stm32_f103c6_gpio_driver.o(.bss.PinCfg) for PinCfg
    keypad.o(.text.Keypad_init) refers to stm32_f103c6_gpio_driver.o(.text.MCAL_GPIO_Init) for MCAL_GPIO_Init
    keypad.o(.text.Keypad_init) refers to stm32_f103c6_gpio_driver.o(.text.MCAL_GPIO_WritePort) for MCAL_GPIO_WritePort
    keypad.o(.ARM.exidx.text.Keypad_init) refers to keypad.o(.text.Keypad_init) for [Anonymous Symbol]
    keypad.o(.text.Keypad_getkey) refers to keypad.o(.data.Key_padCol) for Key_padCol
    keypad.o(.text.Keypad_getkey) refers to stm32_f103c6_gpio_driver.o(.text.MCAL_GPIO_WritePin) for MCAL_GPIO_WritePin
    keypad.o(.text.Keypad_getkey) refers to keypad.o(.data.Key_padRow) for Key_padRow
    keypad.o(.text.Keypad_getkey) refers to stm32_f103c6_gpio_driver.o(.text.MCAL_GPIO_ReadPin) for MCAL_GPIO_ReadPin
    keypad.o(.ARM.exidx.text.Keypad_getkey) refers to keypad.o(.text.Keypad_getkey) for [Anonymous Symbol]
    stm32_f103c6_exti_driver.o(.ARM.exidx.text.Enable_NVIC) refers to stm32_f103c6_exti_driver.o(.text.Enable_NVIC) for [Anonymous Symbol]
    stm32_f103c6_exti_driver.o(.ARM.exidx.text.Disable_NVIC) refers to stm32_f103c6_exti_driver.o(.text.Disable_NVIC) for [Anonymous Symbol]
    stm32_f103c6_exti_driver.o(.text.Update_EXTI) refers to stm32_f103c6_gpio_driver.o(.text.MCAL_GPIO_Init) for MCAL_GPIO_Init
    stm32_f103c6_exti_driver.o(.text.Update_EXTI) refers to stm32_f103c6_exti_driver.o(.bss.GP_IRQ_Callback) for GP_IRQ_Callback
    stm32_f103c6_exti_driver.o(.text.Update_EXTI) refers to stm32_f103c6_exti_driver.o(.text.Enable_NVIC) for Enable_NVIC
    stm32_f103c6_exti_driver.o(.text.Update_EXTI) refers to stm32_f103c6_exti_driver.o(.text.Disable_NVIC) for Disable_NVIC
    stm32_f103c6_exti_driver.o(.ARM.exidx.text.Update_EXTI) refers to stm32_f103c6_exti_driver.o(.text.Update_EXTI) for [Anonymous Symbol]
    stm32_f103c6_exti_driver.o(.text.MCAL_EXTI_GPIO_Init) refers to stm32_f103c6_exti_driver.o(.text.Update_EXTI) for Update_EXTI
    stm32_f103c6_exti_driver.o(.ARM.exidx.text.MCAL_EXTI_GPIO_Init) refers to stm32_f103c6_exti_driver.o(.text.MCAL_EXTI_GPIO_Init) for [Anonymous Symbol]
    stm32_f103c6_exti_driver.o(.ARM.exidx.text.MCAL_EXTI_GPIO_DeInit) refers to stm32_f103c6_exti_driver.o(.text.MCAL_EXTI_GPIO_DeInit) for [Anonymous Symbol]
    stm32_f103c6_exti_driver.o(.text.MCAL_EXTI_GPIO_Update) refers to stm32_f103c6_exti_driver.o(.text.Update_EXTI) for Update_EXTI
    stm32_f103c6_exti_driver.o(.ARM.exidx.text.MCAL_EXTI_GPIO_Update) refers to stm32_f103c6_exti_driver.o(.text.MCAL_EXTI_GPIO_Update) for [Anonymous Symbol]
    stm32_f103c6_exti_driver.o(.text.EXTI0_IRQHandler) refers to stm32_f103c6_exti_driver.o(.bss.GP_IRQ_Callback) for GP_IRQ_Callback
    stm32_f103c6_exti_driver.o(.ARM.exidx.text.EXTI0_IRQHandler) refers to stm32_f103c6_exti_driver.o(.text.EXTI0_IRQHandler) for [Anonymous Symbol]
    stm32_f103c6_exti_driver.o(.text.EXTI1_IRQHandler) refers to stm32_f103c6_exti_driver.o(.bss.GP_IRQ_Callback) for GP_IRQ_Callback
    stm32_f103c6_exti_driver.o(.ARM.exidx.text.EXTI1_IRQHandler) refers to stm32_f103c6_exti_driver.o(.text.EXTI1_IRQHandler) for [Anonymous Symbol]
    stm32_f103c6_exti_driver.o(.text.EXTI2_IRQHandler) refers to stm32_f103c6_exti_driver.o(.bss.GP_IRQ_Callback) for GP_IRQ_Callback
    stm32_f103c6_exti_driver.o(.ARM.exidx.text.EXTI2_IRQHandler) refers to stm32_f103c6_exti_driver.o(.text.EXTI2_IRQHandler) for [Anonymous Symbol]
    stm32_f103c6_exti_driver.o(.text.EXTI3_IRQHandler) refers to stm32_f103c6_exti_driver.o(.bss.GP_IRQ_Callback) for GP_IRQ_Callback
    stm32_f103c6_exti_driver.o(.ARM.exidx.text.EXTI3_IRQHandler) refers to stm32_f103c6_exti_driver.o(.text.EXTI3_IRQHandler) for [Anonymous Symbol]
    stm32_f103c6_exti_driver.o(.text.EXTI4_IRQHandler) refers to stm32_f103c6_exti_driver.o(.bss.GP_IRQ_Callback) for GP_IRQ_Callback
    stm32_f103c6_exti_driver.o(.ARM.exidx.text.EXTI4_IRQHandler) refers to stm32_f103c6_exti_driver.o(.text.EXTI4_IRQHandler) for [Anonymous Symbol]
    stm32_f103c6_exti_driver.o(.text.EXTI9_5_IRQHandler) refers to stm32_f103c6_exti_driver.o(.bss.GP_IRQ_Callback) for GP_IRQ_Callback
    stm32_f103c6_exti_driver.o(.ARM.exidx.text.EXTI9_5_IRQHandler) refers to stm32_f103c6_exti_driver.o(.text.EXTI9_5_IRQHandler) for [Anonymous Symbol]
    stm32_f103c6_exti_driver.o(.text.EXTI10_15_IRQHandler) refers to stm32_f103c6_exti_driver.o(.bss.GP_IRQ_Callback) for GP_IRQ_Callback
    stm32_f103c6_exti_driver.o(.ARM.exidx.text.EXTI10_15_IRQHandler) refers to stm32_f103c6_exti_driver.o(.text.EXTI10_15_IRQHandler) for [Anonymous Symbol]
    startup_stm32f10x_ld.o(STACK) refers (Special) to heapauxi.o(.text) for __use_two_region_memory
    startup_stm32f10x_ld.o(HEAP) refers (Special) to heapauxi.o(.text) for __use_two_region_memory
    startup_stm32f10x_ld.o(RESET) refers (Special) to heapauxi.o(.text) for __use_two_region_memory
    startup_stm32f10x_ld.o(RESET) refers to startup_stm32f10x_ld.o(STACK) for __initial_sp
    startup_stm32f10x_ld.o(RESET) refers to startup_stm32f10x_ld.o(.text) for Reset_Handler
    startup_stm32f10x_ld.o(RESET) refers to stm32_f103c6_exti_driver.o(.text.EXTI0_IRQHandler) for EXTI0_IRQHandler
    startup_stm32f10x_ld.o(RESET) refers to stm32_f103c6_exti_driver.o(.text.EXTI1_IRQHandler) for EXTI1_IRQHandler
    startup_stm32f10x_ld.o(RESET) refers to stm32_f103c6_exti_driver.o(.text.EXTI2_IRQHandler) for EXTI2_IRQHandler
    startup_stm32f10x_ld.o(RESET) refers to stm32_f103c6_exti_driver.o(.text.EXTI3_IRQHandler) for EXTI3_IRQHandler
    startup_stm32f10x_ld.o(RESET) refers to stm32_f103c6_exti_driver.o(.text.EXTI4_IRQHandler) for EXTI4_IRQHandler
    startup_stm32f10x_ld.o(RESET) refers to stm32_f103c6_exti_driver.o(.text.EXTI9_5_IRQHandler) for EXTI9_5_IRQHandler
    startup_stm32f10x_ld.o(.text) refers (Special) to heapauxi.o(.text) for __use_two_region_memory
    startup_stm32f10x_ld.o(.text) refers to system_stm32f10x.o(.text.SystemInit) for SystemInit
    startup_stm32f10x_ld.o(.text) refers to __main.o(!!!main) for __main
    startup_stm32f10x_ld.o(.text) refers to startup_stm32f10x_ld.o(HEAP) for Heap_Mem
    startup_stm32f10x_ld.o(.text) refers to startup_stm32f10x_ld.o(STACK) for Stack_Mem
    system_stm32f10x.o(.text.SystemInit) refers to system_stm32f10x.o(.text.SetSysClock) for SetSysClock
    system_stm32f10x.o(.ARM.exidx.text.SystemInit) refers to system_stm32f10x.o(.text.SystemInit) for [Anonymous Symbol]
    system_stm32f10x.o(.text.SetSysClock) refers to system_stm32f10x.o(.text.SetSysClockTo72) for SetSysClockTo72
    system_stm32f10x.o(.ARM.exidx.text.SetSysClock) refers to system_stm32f10x.o(.text.SetSysClock) for [Anonymous Symbol]
    system_stm32f10x.o(.text.SystemCoreClockUpdate) refers to system_stm32f10x.o(.data.SystemCoreClock) for SystemCoreClock
    system_stm32f10x.o(.text.SystemCoreClockUpdate) refers to system_stm32f10x.o(.rodata.AHBPrescTable) for AHBPrescTable
    system_stm32f10x.o(.ARM.exidx.text.SystemCoreClockUpdate) refers to system_stm32f10x.o(.text.SystemCoreClockUpdate) for [Anonymous Symbol]
    system_stm32f10x.o(.ARM.exidx.text.SetSysClockTo72) refers to system_stm32f10x.o(.text.SetSysClockTo72) for [Anonymous Symbol]
    __main.o(!!!main) refers to __rtentry.o(.ARM.Collect$$rtentry$$00000000) for __rt_entry
    __rtentry.o(.ARM.Collect$$rtentry$$00000000) refers (Special) to __rtentry2.o(.ARM.Collect$$rtentry$$0000000A) for __rt_entry_li
    __rtentry.o(.ARM.Collect$$rtentry$$00000000) refers (Special) to __rtentry2.o(.ARM.Collect$$rtentry$$0000000D) for __rt_entry_main
    __rtentry.o(.ARM.Collect$$rtentry$$00000000) refers (Special) to __rtentry2.o(.ARM.Collect$$rtentry$$0000000C) for __rt_entry_postli_1
    __rtentry.o(.ARM.Collect$$rtentry$$00000000) refers (Special) to __rtentry2.o(.ARM.Collect$$rtentry$$00000009) for __rt_entry_postsh_1
    __rtentry.o(.ARM.Collect$$rtentry$$00000000) refers (Special) to __rtentry2.o(.ARM.Collect$$rtentry$$00000002) for __rt_entry_presh_1
    __rtentry.o(.ARM.Collect$$rtentry$$00000000) refers (Special) to __rtentry4.o(.ARM.Collect$$rtentry$$00000004) for __rt_entry_sh
    __rtentry2.o(.ARM.Collect$$rtentry$$00000008) refers to boardinit2.o(.text) for _platform_post_stackheap_init
    __rtentry2.o(.ARM.Collect$$rtentry$$0000000A) refers to libinit.o(.ARM.Collect$$libinit$$00000000) for __rt_lib_init
    __rtentry2.o(.ARM.Collect$$rtentry$$0000000B) refers to boardinit3.o(.text) for _platform_post_lib_init
    __rtentry2.o(.ARM.Collect$$rtentry$$0000000D) refers to main.o(.text.main) for main
    __rtentry2.o(.ARM.Collect$$rtentry$$0000000D) refers to exit.o(.text) for exit
    __rtentry2.o(.ARM.exidx) refers to __rtentry2.o(.ARM.Collect$$rtentry$$00000001) for .ARM.Collect$$rtentry$$00000001
    __rtentry2.o(.ARM.exidx) refers to __rtentry2.o(.ARM.Collect$$rtentry$$00000008) for .ARM.Collect$$rtentry$$00000008
    __rtentry2.o(.ARM.exidx) refers to __rtentry2.o(.ARM.Collect$$rtentry$$0000000A) for .ARM.Collect$$rtentry$$0000000A
    __rtentry2.o(.ARM.exidx) refers to __rtentry2.o(.ARM.Collect$$rtentry$$0000000B) for .ARM.Collect$$rtentry$$0000000B
    __rtentry2.o(.ARM.exidx) refers to __rtentry2.o(.ARM.Collect$$rtentry$$0000000D) for .ARM.Collect$$rtentry$$0000000D
    __rtentry4.o(.ARM.Collect$$rtentry$$00000004) refers to sys_stackheap_outer.o(.text) for __user_setup_stackheap
    __rtentry4.o(.ARM.exidx) refers to __rtentry4.o(.ARM.Collect$$rtentry$$00000004) for .ARM.Collect$$rtentry$$00000004
    sys_stackheap_outer.o(.text) refers to libspace.o(.text) for __user_perproc_libspace
    sys_stackheap_outer.o(.text) refers to startup_stm32f10x_ld.o(.text) for __user_initial_stackheap
    exit.o(.text) refers to rtexit.o(.ARM.Collect$$rtexit$$00000000) for __rt_exit
    libinit.o(.ARM.Collect$$libinit$$00000000) refers (Special) to libinit2.o(.ARM.Collect$$libinit$$0000002E) for __rt_lib_init_alloca_1
    libinit.o(.ARM.Collect$$libinit$$00000000) refers (Special) to libinit2.o(.ARM.Collect$$libinit$$00000027) for __rt_lib_init_argv_1
    libinit.o(.ARM.Collect$$libinit$$00000000) refers (Special) to libinit2.o(.ARM.Collect$$libinit$$0000001B) for __rt_lib_init_atexit_1
    libinit.o(.ARM.Collect$$libinit$$00000000) refers (Special) to libinit2.o(.ARM.Collect$$libinit$$00000021) for __rt_lib_init_clock_1
    libinit.o(.ARM.Collect$$libinit$$00000000) refers (Special) to libinit2.o(.ARM.Collect$$libinit$$00000032) for __rt_lib_init_cpp_1
    libinit.o(.ARM.Collect$$libinit$$00000000) refers (Special) to libinit2.o(.ARM.Collect$$libinit$$00000030) for __rt_lib_init_exceptions_1
    libinit.o(.ARM.Collect$$libinit$$00000000) refers (Special) to libinit2.o(.ARM.Collect$$libinit$$00000002) for __rt_lib_init_fp_1
    libinit.o(.ARM.Collect$$libinit$$00000000) refers (Special) to libinit2.o(.ARM.Collect$$libinit$$0000001F) for __rt_lib_init_fp_trap_1
    libinit.o(.ARM.Collect$$libinit$$00000000) refers (Special) to libinit2.o(.ARM.Collect$$libinit$$00000023) for __rt_lib_init_getenv_1
    libinit.o(.ARM.Collect$$libinit$$00000000) refers (Special) to libinit2.o(.ARM.Collect$$libinit$$0000000A) for __rt_lib_init_heap_1
    libinit.o(.ARM.Collect$$libinit$$00000000) refers (Special) to libinit2.o(.ARM.Collect$$libinit$$00000011) for __rt_lib_init_lc_collate_1
    libinit.o(.ARM.Collect$$libinit$$00000000) refers (Special) to libinit2.o(.ARM.Collect$$libinit$$00000013) for __rt_lib_init_lc_ctype_1
    libinit.o(.ARM.Collect$$libinit$$00000000) refers (Special) to libinit2.o(.ARM.Collect$$libinit$$00000015) for __rt_lib_init_lc_monetary_1
    libinit.o(.ARM.Collect$$libinit$$00000000) refers (Special) to libinit2.o(.ARM.Collect$$libinit$$00000017) for __rt_lib_init_lc_numeric_1
    libinit.o(.ARM.Collect$$libinit$$00000000) refers (Special) to libinit2.o(.ARM.Collect$$libinit$$00000019) for __rt_lib_init_lc_time_1
    libinit.o(.ARM.Collect$$libinit$$00000000) refers (Special) to libinit2.o(.ARM.Collect$$libinit$$00000004) for __rt_lib_init_preinit_1
    libinit.o(.ARM.Collect$$libinit$$00000000) refers (Special) to libinit2.o(.ARM.Collect$$libinit$$0000000E) for __rt_lib_init_rand_1
    libinit.o(.ARM.Collect$$libinit$$00000000) refers (Special) to libinit2.o(.ARM.Collect$$libinit$$00000033) for __rt_lib_init_return
    libinit.o(.ARM.Collect$$libinit$$00000000) refers (Special) to libinit2.o(.ARM.Collect$$libinit$$0000001D) for __rt_lib_init_signal_1
    libinit.o(.ARM.Collect$$libinit$$00000000) refers (Special) to libinit2.o(.ARM.Collect$$libinit$$00000025) for __rt_lib_init_stdio_1
    libinit.o(.ARM.Collect$$libinit$$00000000) refers (Special) to libinit2.o(.ARM.Collect$$libinit$$0000000C) for __rt_lib_init_user_alloc_1
    libspace.o(.text) refers to libspace.o(.bss) for __libspace_start
    rtexit.o(.ARM.Collect$$rtexit$$00000000) refers (Special) to rtexit2.o(.ARM.Collect$$rtexit$$00000004) for __rt_exit_exit
    rtexit.o(.ARM.Collect$$rtexit$$00000000) refers (Special) to rtexit2.o(.ARM.Collect$$rtexit$$00000003) for __rt_exit_ls
    rtexit.o(.ARM.Collect$$rtexit$$00000000) refers (Special) to rtexit2.o(.ARM.Collect$$rtexit$$00000002) for __rt_exit_prels_1
    rtexit.o(.ARM.exidx) refers (Special) to rtexit2.o(.ARM.Collect$$rtexit$$00000004) for __rt_exit_exit
    rtexit.o(.ARM.exidx) refers (Special) to rtexit2.o(.ARM.Collect$$rtexit$$00000003) for __rt_exit_ls
    rtexit.o(.ARM.exidx) refers (Special) to rtexit2.o(.ARM.Collect$$rtexit$$00000002) for __rt_exit_prels_1
    rtexit.o(.ARM.exidx) refers to rtexit.o(.ARM.Collect$$rtexit$$00000000) for .ARM.Collect$$rtexit$$00000000
    libinit2.o(.ARM.Collect$$libinit$$00000010) refers to libinit2.o(.ARM.Collect$$libinit$$0000000F) for .ARM.Collect$$libinit$$0000000F
    libinit2.o(.ARM.Collect$$libinit$$00000012) refers to libinit2.o(.ARM.Collect$$libinit$$0000000F) for .ARM.Collect$$libinit$$0000000F
    libinit2.o(.ARM.Collect$$libinit$$00000014) refers to libinit2.o(.ARM.Collect$$libinit$$0000000F) for .ARM.Collect$$libinit$$0000000F
    libinit2.o(.ARM.Collect$$libinit$$00000016) refers to libinit2.o(.ARM.Collect$$libinit$$0000000F) for .ARM.Collect$$libinit$$0000000F
    libinit2.o(.ARM.Collect$$libinit$$00000018) refers to libinit2.o(.ARM.Collect$$libinit$$0000000F) for .ARM.Collect$$libinit$$0000000F
    libinit2.o(.ARM.Collect$$libinit$$00000026) refers to argv_veneer.o(.emb_text) for __ARM_argv_veneer
    libinit2.o(.ARM.Collect$$libinit$$00000027) refers to argv_veneer.o(.emb_text) for __ARM_argv_veneer
    rtexit2.o(.ARM.Collect$$rtexit$$00000003) refers to libshutdown.o(.ARM.Collect$$libshutdown$$00000000) for __rt_lib_shutdown
    rtexit2.o(.ARM.Collect$$rtexit$$00000004) refers to sys_exit.o(.text) for _sys_exit
    rtexit2.o(.ARM.exidx) refers to rtexit2.o(.ARM.Collect$$rtexit$$00000001) for .ARM.Collect$$rtexit$$00000001
    rtexit2.o(.ARM.exidx) refers to rtexit2.o(.ARM.Collect$$rtexit$$00000003) for .ARM.Collect$$rtexit$$00000003
    rtexit2.o(.ARM.exidx) refers to rtexit2.o(.ARM.Collect$$rtexit$$00000004) for .ARM.Collect$$rtexit$$00000004
    argv_veneer.o(.emb_text) refers to _get_argv_nomalloc.o(.text) for __ARM_get_argv
    sys_exit.o(.text) refers (Special) to use_no_semi.o(.text) for __I$use$semihosting
    sys_exit.o(.text) refers (Special) to indicate_semi.o(.text) for __semihosting_library_function
    sys_exit_hlt.o(.text) refers (Special) to use_no_semi.o(.text) for __I$use$semihosting
    sys_exit_hlt.o(.text) refers (Special) to indicate_semi.o(.text) for __semihosting_library_function
    _get_argv_nomalloc.o(.text) refers (Special) to hrguard.o(.text) for __heap_region$guard
    _get_argv_nomalloc.o(.text) refers to defsig_rtmem_outer.o(.text) for __rt_SIGRTMEM
    _get_argv_nomalloc.o(.text) refers to sys_command.o(.text) for _sys_command_string
    libshutdown.o(.ARM.Collect$$libshutdown$$00000000) refers (Special) to libshutdown2.o(.ARM.Collect$$libshutdown$$00000002) for __rt_lib_shutdown_cpp_1
    libshutdown.o(.ARM.Collect$$libshutdown$$00000000) refers (Special) to libshutdown2.o(.ARM.Collect$$libshutdown$$00000007) for __rt_lib_shutdown_fp_trap_1
    libshutdown.o(.ARM.Collect$$libshutdown$$00000000) refers (Special) to libshutdown2.o(.ARM.Collect$$libshutdown$$0000000F) for __rt_lib_shutdown_heap_1
    libshutdown.o(.ARM.Collect$$libshutdown$$00000000) refers (Special) to libshutdown2.o(.ARM.Collect$$libshutdown$$00000010) for __rt_lib_shutdown_return
    libshutdown.o(.ARM.Collect$$libshutdown$$00000000) refers (Special) to libshutdown2.o(.ARM.Collect$$libshutdown$$0000000A) for __rt_lib_shutdown_signal_1
    libshutdown.o(.ARM.Collect$$libshutdown$$00000000) refers (Special) to libshutdown2.o(.ARM.Collect$$libshutdown$$00000004) for __rt_lib_shutdown_stdio_1
    libshutdown.o(.ARM.Collect$$libshutdown$$00000000) refers (Special) to libshutdown2.o(.ARM.Collect$$libshutdown$$0000000C) for __rt_lib_shutdown_user_alloc_1
    sys_command.o(.text) refers (Special) to use_no_semi.o(.text) for __I$use$semihosting
    sys_command.o(.text) refers (Special) to indicate_semi.o(.text) for __semihosting_library_function
    sys_command_hlt.o(.text) refers (Special) to use_no_semi.o(.text) for __I$use$semihosting
    sys_command_hlt.o(.text) refers (Special) to indicate_semi.o(.text) for __semihosting_library_function
    defsig_rtmem_outer.o(.text) refers to defsig_rtmem_inner.o(.text) for __rt_SIGRTMEM_inner
    defsig_rtmem_outer.o(.text) refers to defsig_exit.o(.text) for __sig_exit
    defsig_rtmem_formal.o(.text) refers to rt_raise.o(.text) for __rt_raise
    rt_raise.o(.text) refers to __raise.o(.text) for __raise
    rt_raise.o(.text) refers to sys_exit.o(.text) for _sys_exit
    defsig_exit.o(.text) refers to sys_exit.o(.text) for _sys_exit
    defsig_rtmem_inner.o(.text) refers to defsig_general.o(.text) for __default_signal_display
    __raise.o(.text) refers to defsig.o(CL$$defsig) for __default_signal_handler
    defsig_general.o(.text) refers to sys_wrch.o(.text) for _ttywrch
    sys_wrch.o(.text) refers (Special) to use_no_semi.o(.text) for __I$use$semihosting
    sys_wrch.o(.text) refers (Special) to indicate_semi.o(.text) for __semihosting_library_function
    sys_wrch_hlt.o(.text) refers (Special) to use_no_semi.o(.text) for __I$use$semihosting
    sys_wrch_hlt.o(.text) refers (Special) to indicate_semi.o(.text) for __semihosting_library_function
    defsig.o(CL$$defsig) refers to defsig_rtmem_inner.o(.text) for __rt_SIGRTMEM_inner
    defsig_abrt_inner.o(.text) refers to defsig_general.o(.text) for __default_signal_display
    defsig_fpe_inner.o(.text) refers to defsig_general.o(.text) for __default_signal_display
    defsig_rtred_inner.o(.text) refers to defsig_general.o(.text) for __default_signal_display
    defsig_stak_inner.o(.text) refers to defsig_general.o(.text) for __default_signal_display
    defsig_pvfn_inner.o(.text) refers to defsig_general.o(.text) for __default_signal_display
    defsig_cppl_inner.o(.text) refers to defsig_general.o(.text) for __default_signal_display
    defsig_segv_inner.o(.text) refers to defsig_general.o(.text) for __default_signal_display
    defsig_other.o(.text) refers to defsig_general.o(.text) for __default_signal_display


==============================================================================

Removing Unused input sections from the image.

    Removing main.o(.text), (0 bytes).
    Removing main.o(.ARM.exidx.text.my_wait), (8 bytes).
    Removing main.o(.ARM.exidx.text.EXTI9_Callback), (8 bytes).
    Removing main.o(.ARM.exidx.text.main), (8 bytes).
    Removing stm32_f103c6_gpio_driver.o(.text), (0 bytes).
    Removing stm32_f103c6_gpio_driver.o(.ARM.exidx.text.Get_CRLH_Position), (8 bytes).
    Removing stm32_f103c6_gpio_driver.o(.ARM.exidx.text.MCAL_GPIO_Init), (8 bytes).
    Removing stm32_f103c6_gpio_driver.o(.text.MCAL_GPIO_DeInit), (226 bytes).
    Removing stm32_f103c6_gpio_driver.o(.ARM.exidx.text.MCAL_GPIO_DeInit), (8 bytes).
    Removing stm32_f103c6_gpio_driver.o(.text.MCAL_GPIO_ReadPin), (48 bytes).
    Removing stm32_f103c6_gpio_driver.o(.ARM.exidx.text.MCAL_GPIO_ReadPin), (8 bytes).
    Removing stm32_f103c6_gpio_driver.o(.text.MCAL_GPIO_ReadPort), (20 bytes).
    Removing stm32_f103c6_gpio_driver.o(.ARM.exidx.text.MCAL_GPIO_ReadPort), (8 bytes).
    Removing stm32_f103c6_gpio_driver.o(.ARM.exidx.text.MCAL_GPIO_WritePin), (8 bytes).
    Removing stm32_f103c6_gpio_driver.o(.ARM.exidx.text.MCAL_GPIO_WritePort), (8 bytes).
    Removing stm32_f103c6_gpio_driver.o(.text.MCAL_GPIO_TogglePin), (26 bytes).
    Removing stm32_f103c6_gpio_driver.o(.ARM.exidx.text.MCAL_GPIO_TogglePin), (8 bytes).
    Removing stm32_f103c6_gpio_driver.o(.text.MCAL_GPIO_LockPin), (88 bytes).
    Removing stm32_f103c6_gpio_driver.o(.ARM.exidx.text.MCAL_GPIO_LockPin), (8 bytes).
    Removing lcd.o(.text), (0 bytes).
    Removing lcd.o(.ARM.exidx.text.delay_ms), (8 bytes).
    Removing lcd.o(.ARM.exidx.text.LCD_GPIO_init), (8 bytes).
    Removing lcd.o(.ARM.exidx.text.LCD_clear_screen), (8 bytes).
    Removing lcd.o(.ARM.exidx.text.LCD_WRITE_COMMAND), (8 bytes).
    Removing lcd.o(.ARM.exidx.text.LCD_lcd_kick), (8 bytes).
    Removing lcd.o(.ARM.exidx.text.LCD_GOTO_XY), (8 bytes).
    Removing lcd.o(.ARM.exidx.text.LCD_INIT), (8 bytes).
    Removing lcd.o(.text.LCD_check_lcd_isbusy), (208 bytes).
    Removing lcd.o(.ARM.exidx.text.LCD_check_lcd_isbusy), (8 bytes).
    Removing lcd.o(.ARM.exidx.text.LCD_WRITE_CHAR), (8 bytes).
    Removing lcd.o(.ARM.exidx.text.LCD_WRITE_STRING), (8 bytes).
    Removing keypad.o(.text), (0 bytes).
    Removing keypad.o(.text.delay_mss), (58 bytes).
    Removing keypad.o(.ARM.exidx.text.delay_mss), (8 bytes).
    Removing keypad.o(.text.Keypad_init), (204 bytes).
    Removing keypad.o(.ARM.exidx.text.Keypad_init), (8 bytes).
    Removing keypad.o(.text.Keypad_getkey), (544 bytes).
    Removing keypad.o(.ARM.exidx.text.Keypad_getkey), (8 bytes).
    Removing keypad.o(.data.Key_padCol), (8 bytes).
    Removing keypad.o(.data.Key_padRow), (8 bytes).
    Removing stm32_f103c6_exti_driver.o(.text), (0 bytes).
    Removing stm32_f103c6_exti_driver.o(.ARM.exidx.text.Enable_NVIC), (8 bytes).
    Removing stm32_f103c6_exti_driver.o(.ARM.exidx.text.Disable_NVIC), (8 bytes).
    Removing stm32_f103c6_exti_driver.o(.ARM.exidx.text.Update_EXTI), (8 bytes).
    Removing stm32_f103c6_exti_driver.o(.ARM.exidx.text.MCAL_EXTI_GPIO_Init), (8 bytes).
    Removing stm32_f103c6_exti_driver.o(.text.MCAL_EXTI_GPIO_DeInit), (68 bytes).
    Removing stm32_f103c6_exti_driver.o(.ARM.exidx.text.MCAL_EXTI_GPIO_DeInit), (8 bytes).
    Removing stm32_f103c6_exti_driver.o(.text.MCAL_EXTI_GPIO_Update), (16 bytes).
    Removing stm32_f103c6_exti_driver.o(.ARM.exidx.text.MCAL_EXTI_GPIO_Update), (8 bytes).
    Removing stm32_f103c6_exti_driver.o(.ARM.exidx.text.EXTI0_IRQHandler), (8 bytes).
    Removing stm32_f103c6_exti_driver.o(.ARM.exidx.text.EXTI1_IRQHandler), (8 bytes).
    Removing stm32_f103c6_exti_driver.o(.ARM.exidx.text.EXTI2_IRQHandler), (8 bytes).
    Removing stm32_f103c6_exti_driver.o(.ARM.exidx.text.EXTI3_IRQHandler), (8 bytes).
    Removing stm32_f103c6_exti_driver.o(.ARM.exidx.text.EXTI4_IRQHandler), (8 bytes).
    Removing stm32_f103c6_exti_driver.o(.ARM.exidx.text.EXTI9_5_IRQHandler), (8 bytes).
    Removing stm32_f103c6_exti_driver.o(.text.EXTI10_15_IRQHandler), (292 bytes).
    Removing stm32_f103c6_exti_driver.o(.ARM.exidx.text.EXTI10_15_IRQHandler), (8 bytes).
    Removing system_stm32f10x.o(.text), (0 bytes).
    Removing system_stm32f10x.o(.ARM.exidx.text.SystemInit), (8 bytes).
    Removing system_stm32f10x.o(.ARM.exidx.text.SetSysClock), (8 bytes).
    Removing system_stm32f10x.o(.text.SystemCoreClockUpdate), (296 bytes).
    Removing system_stm32f10x.o(.ARM.exidx.text.SystemCoreClockUpdate), (8 bytes).
    Removing system_stm32f10x.o(.ARM.exidx.text.SetSysClockTo72), (8 bytes).
    Removing system_stm32f10x.o(.data.SystemCoreClock), (4 bytes).
    Removing system_stm32f10x.o(.rodata.AHBPrescTable), (16 bytes).

65 unused section(s) (total 2466 bytes) removed from the image.

==============================================================================

Image Symbol Table

    Local Symbols

    Symbol Name                              Value     Ov Type        Size  Object(Section)

    ../clib/angel/boardlib.s                 0x00000000   Number         0  boardinit1.o ABSOLUTE
    ../clib/angel/boardlib.s                 0x00000000   Number         0  boardinit2.o ABSOLUTE
    ../clib/angel/boardlib.s                 0x00000000   Number         0  boardinit3.o ABSOLUTE
    ../clib/angel/boardlib.s                 0x00000000   Number         0  boardshut.o ABSOLUTE
    ../clib/angel/handlers.s                 0x00000000   Number         0  __scatter_zi.o ABSOLUTE
    ../clib/angel/kernel.s                   0x00000000   Number         0  __rtentry.o ABSOLUTE
    ../clib/angel/kernel.s                   0x00000000   Number         0  __rtentry2.o ABSOLUTE
    ../clib/angel/kernel.s                   0x00000000   Number         0  __rtentry4.o ABSOLUTE
    ../clib/angel/kernel.s                   0x00000000   Number         0  rtexit.o ABSOLUTE
    ../clib/angel/kernel.s                   0x00000000   Number         0  rtexit2.o ABSOLUTE
    ../clib/angel/rt.s                       0x00000000   Number         0  rt_raise.o ABSOLUTE
    ../clib/angel/scatter.s                  0x00000000   Number         0  __scatter.o ABSOLUTE
    ../clib/angel/startup.s                  0x00000000   Number         0  __main.o ABSOLUTE
    ../clib/angel/sys.s                      0x00000000   Number         0  sys_stackheap_outer.o ABSOLUTE
    ../clib/angel/sys.s                      0x00000000   Number         0  libspace.o ABSOLUTE
    ../clib/angel/sys.s                      0x00000000   Number         0  use_no_semi.o ABSOLUTE
    ../clib/angel/sys.s                      0x00000000   Number         0  indicate_semi.o ABSOLUTE
    ../clib/angel/sysapp.c                   0x00000000   Number         0  sys_exit.o ABSOLUTE
    ../clib/angel/sysapp.c                   0x00000000   Number         0  sys_exit_hlt.o ABSOLUTE
    ../clib/angel/sysapp.c                   0x00000000   Number         0  sys_command.o ABSOLUTE
    ../clib/angel/sysapp.c                   0x00000000   Number         0  sys_command_hlt.o ABSOLUTE
    ../clib/angel/sysapp.c                   0x00000000   Number         0  sys_wrch.o ABSOLUTE
    ../clib/angel/sysapp.c                   0x00000000   Number         0  sys_wrch_hlt.o ABSOLUTE
    ../clib/armsys.c                         0x00000000   Number         0  argv_veneer.o ABSOLUTE
    ../clib/armsys.c                         0x00000000   Number         0  argv_veneer.o ABSOLUTE
    ../clib/armsys.c                         0x00000000   Number         0  _get_argv_nomalloc.o ABSOLUTE
    ../clib/armsys.c                         0x00000000   Number         0  no_argv.o ABSOLUTE
    ../clib/heapalloc.c                      0x00000000   Number         0  hrguard.o ABSOLUTE
    ../clib/heapaux.c                        0x00000000   Number         0  heapauxi.o ABSOLUTE
    ../clib/libinit.s                        0x00000000   Number         0  libinit.o ABSOLUTE
    ../clib/libinit.s                        0x00000000   Number         0  libinit2.o ABSOLUTE
    ../clib/libinit.s                        0x00000000   Number         0  libshutdown.o ABSOLUTE
    ../clib/libinit.s                        0x00000000   Number         0  libshutdown2.o ABSOLUTE
    ../clib/signal.c                         0x00000000   Number         0  defsig_rtmem_outer.o ABSOLUTE
    ../clib/signal.c                         0x00000000   Number         0  defsig_rtmem_formal.o ABSOLUTE
    ../clib/signal.c                         0x00000000   Number         0  defsig_exit.o ABSOLUTE
    ../clib/signal.c                         0x00000000   Number         0  defsig_rtmem_inner.o ABSOLUTE
    ../clib/signal.c                         0x00000000   Number         0  __raise.o ABSOLUTE
    ../clib/signal.c                         0x00000000   Number         0  defsig_general.o ABSOLUTE
    ../clib/signal.c                         0x00000000   Number         0  defsig_abrt_inner.o ABSOLUTE
    ../clib/signal.c                         0x00000000   Number         0  defsig_fpe_inner.o ABSOLUTE
    ../clib/signal.c                         0x00000000   Number         0  defsig_rtred_inner.o ABSOLUTE
    ../clib/signal.c                         0x00000000   Number         0  defsig_stak_inner.o ABSOLUTE
    ../clib/signal.c                         0x00000000   Number         0  defsig_pvfn_inner.o ABSOLUTE
    ../clib/signal.c                         0x00000000   Number         0  defsig_cppl_inner.o ABSOLUTE
    ../clib/signal.c                         0x00000000   Number         0  defsig_segv_inner.o ABSOLUTE
    ../clib/signal.c                         0x00000000   Number         0  defsig_other.o ABSOLUTE
    ../clib/signal.s                         0x00000000   Number         0  defsig.o ABSOLUTE
    ../clib/stdlib.c                         0x00000000   Number         0  exit.o ABSOLUTE
    ../fplib/fpinit.s                        0x00000000   Number         0  fpinit.o ABSOLUTE
    ../fplib/fpinit_empty.s                  0x00000000   Number         0  fpinit_empty.o ABSOLUTE
    RTE/Device/STM32F103C6/startup_stm32f10x_ld.s 0x00000000   Number         0  startup_stm32f10x_ld.o ABSOLUTE
    Stm32_F103C6_EXTI_Driver.c               0x00000000   Number         0  stm32_f103c6_exti_driver.o ABSOLUTE
    Stm32_F103C6_gpio_driver.c               0x00000000   Number         0  stm32_f103c6_gpio_driver.o ABSOLUTE
    dc.s                                     0x00000000   Number         0  dc.o ABSOLUTE
    keypad.c                                 0x00000000   Number         0  keypad.o ABSOLUTE
    lcd.c                                    0x00000000   Number         0  lcd.o ABSOLUTE
    main.c                                   0x00000000   Number         0  main.o ABSOLUTE
    system_stm32f10x.c                       0x00000000   Number         0  system_stm32f10x.o ABSOLUTE
    RESET                                    0x08000000   Section      236  startup_stm32f10x_ld.o(RESET)
    !!!main                                  0x080000ec   Section        8  __main.o(!!!main)
    !!!scatter                               0x080000f4   Section       52  __scatter.o(!!!scatter)
    !!handler_zi                             0x08000128   Section       28  __scatter_zi.o(!!handler_zi)
    .ARM.Collect$$libinit$$00000000          0x08000144   Section        2  libinit.o(.ARM.Collect$$libinit$$00000000)
    .ARM.Collect$$libinit$$00000002          0x08000146   Section        0  libinit2.o(.ARM.Collect$$libinit$$00000002)
    .ARM.Collect$$libinit$$00000004          0x08000146   Section        0  libinit2.o(.ARM.Collect$$libinit$$00000004)
    .ARM.Collect$$libinit$$0000000A          0x08000146   Section        0  libinit2.o(.ARM.Collect$$libinit$$0000000A)
    .ARM.Collect$$libinit$$0000000C          0x08000146   Section        0  libinit2.o(.ARM.Collect$$libinit$$0000000C)
    .ARM.Collect$$libinit$$0000000E          0x08000146   Section        0  libinit2.o(.ARM.Collect$$libinit$$0000000E)
    .ARM.Collect$$libinit$$00000011          0x08000146   Section        0  libinit2.o(.ARM.Collect$$libinit$$00000011)
    .ARM.Collect$$libinit$$00000013          0x08000146   Section        0  libinit2.o(.ARM.Collect$$libinit$$00000013)
    .ARM.Collect$$libinit$$00000015          0x08000146   Section        0  libinit2.o(.ARM.Collect$$libinit$$00000015)
    .ARM.Collect$$libinit$$00000017          0x08000146   Section        0  libinit2.o(.ARM.Collect$$libinit$$00000017)
    .ARM.Collect$$libinit$$00000019          0x08000146   Section        0  libinit2.o(.ARM.Collect$$libinit$$00000019)
    .ARM.Collect$$libinit$$0000001B          0x08000146   Section        0  libinit2.o(.ARM.Collect$$libinit$$0000001B)
    .ARM.Collect$$libinit$$0000001D          0x08000146   Section        0  libinit2.o(.ARM.Collect$$libinit$$0000001D)
    .ARM.Collect$$libinit$$0000001F          0x08000146   Section        0  libinit2.o(.ARM.Collect$$libinit$$0000001F)
    .ARM.Collect$$libinit$$00000021          0x08000146   Section        0  libinit2.o(.ARM.Collect$$libinit$$00000021)
    .ARM.Collect$$libinit$$00000023          0x08000146   Section        0  libinit2.o(.ARM.Collect$$libinit$$00000023)
    .ARM.Collect$$libinit$$00000025          0x08000146   Section        0  libinit2.o(.ARM.Collect$$libinit$$00000025)
    .ARM.Collect$$libinit$$00000027          0x08000146   Section        8  libinit2.o(.ARM.Collect$$libinit$$00000027)
    .ARM.Collect$$libinit$$0000002E          0x0800014e   Section        0  libinit2.o(.ARM.Collect$$libinit$$0000002E)
    .ARM.Collect$$libinit$$00000030          0x0800014e   Section        0  libinit2.o(.ARM.Collect$$libinit$$00000030)
    .ARM.Collect$$libinit$$00000032          0x0800014e   Section        0  libinit2.o(.ARM.Collect$$libinit$$00000032)
    .ARM.Collect$$libinit$$00000033          0x0800014e   Section        2  libinit2.o(.ARM.Collect$$libinit$$00000033)
    .ARM.Collect$$libshutdown$$00000000      0x08000150   Section        2  libshutdown.o(.ARM.Collect$$libshutdown$$00000000)
    .ARM.Collect$$libshutdown$$00000002      0x08000152   Section        0  libshutdown2.o(.ARM.Collect$$libshutdown$$00000002)
    .ARM.Collect$$libshutdown$$00000004      0x08000152   Section        0  libshutdown2.o(.ARM.Collect$$libshutdown$$00000004)
    .ARM.Collect$$libshutdown$$00000007      0x08000152   Section        0  libshutdown2.o(.ARM.Collect$$libshutdown$$00000007)
    .ARM.Collect$$libshutdown$$0000000A      0x08000152   Section        0  libshutdown2.o(.ARM.Collect$$libshutdown$$0000000A)
    .ARM.Collect$$libshutdown$$0000000C      0x08000152   Section        0  libshutdown2.o(.ARM.Collect$$libshutdown$$0000000C)
    .ARM.Collect$$libshutdown$$0000000F      0x08000152   Section        0  libshutdown2.o(.ARM.Collect$$libshutdown$$0000000F)
    .ARM.Collect$$libshutdown$$00000010      0x08000152   Section        2  libshutdown2.o(.ARM.Collect$$libshutdown$$00000010)
    .ARM.Collect$$rtentry$$00000000          0x08000154   Section        0  __rtentry.o(.ARM.Collect$$rtentry$$00000000)
    .ARM.Collect$$rtentry$$00000002          0x08000154   Section        0  __rtentry2.o(.ARM.Collect$$rtentry$$00000002)
    .ARM.Collect$$rtentry$$00000004          0x08000154   Section        6  __rtentry4.o(.ARM.Collect$$rtentry$$00000004)
    .ARM.Collect$$rtentry$$00000009          0x0800015a   Section        0  __rtentry2.o(.ARM.Collect$$rtentry$$00000009)
    .ARM.Collect$$rtentry$$0000000A          0x0800015a   Section        4  __rtentry2.o(.ARM.Collect$$rtentry$$0000000A)
    .ARM.Collect$$rtentry$$0000000C          0x0800015e   Section        0  __rtentry2.o(.ARM.Collect$$rtentry$$0000000C)
    .ARM.Collect$$rtentry$$0000000D          0x0800015e   Section        8  __rtentry2.o(.ARM.Collect$$rtentry$$0000000D)
    .ARM.Collect$$rtexit$$00000000           0x08000166   Section        2  rtexit.o(.ARM.Collect$$rtexit$$00000000)
    .ARM.Collect$$rtexit$$00000002           0x08000168   Section        0  rtexit2.o(.ARM.Collect$$rtexit$$00000002)
    .ARM.Collect$$rtexit$$00000003           0x08000168   Section        4  rtexit2.o(.ARM.Collect$$rtexit$$00000003)
    .ARM.Collect$$rtexit$$00000004           0x0800016c   Section        6  rtexit2.o(.ARM.Collect$$rtexit$$00000004)
    .emb_text                                0x08000174   Section        4  argv_veneer.o(.emb_text)
    .text                                    0x08000178   Section       64  startup_stm32f10x_ld.o(.text)
    .text                                    0x080001b8   Section        0  heapauxi.o(.text)
    .text                                    0x080001be   Section       74  sys_stackheap_outer.o(.text)
    .text                                    0x08000208   Section        0  exit.o(.text)
    .text                                    0x0800021c   Section        8  libspace.o(.text)
    .text                                    0x08000224   Section        0  sys_exit.o(.text)
    .text                                    0x08000230   Section        0  _get_argv_nomalloc.o(.text)
    .text                                    0x0800035e   Section        0  sys_command.o(.text)
    .text                                    0x08000376   Section        2  use_no_semi.o(.text)
    .text                                    0x08000378   Section        0  indicate_semi.o(.text)
    .text                                    0x08000378   Section        0  hrguard.o(.text)
    .text                                    0x0800037c   Section        0  defsig_rtmem_outer.o(.text)
    .text                                    0x0800038a   Section        0  defsig_exit.o(.text)
    .text                                    0x08000394   Section        0  defsig_rtmem_inner.o(.text)
    .text                                    0x080003e4   Section        0  defsig_general.o(.text)
    .text                                    0x08000416   Section        0  sys_wrch.o(.text)
    [Anonymous Symbol]                       0x08000424   Section        0  stm32_f103c6_exti_driver.o(.text.Disable_NVIC)
    [Anonymous Symbol]                       0x080004d0   Section        0  stm32_f103c6_exti_driver.o(.text.EXTI0_IRQHandler)
    [Anonymous Symbol]                       0x080004f0   Section        0  stm32_f103c6_exti_driver.o(.text.EXTI1_IRQHandler)
    [Anonymous Symbol]                       0x08000510   Section        0  stm32_f103c6_exti_driver.o(.text.EXTI2_IRQHandler)
    [Anonymous Symbol]                       0x08000530   Section        0  stm32_f103c6_exti_driver.o(.text.EXTI3_IRQHandler)
    [Anonymous Symbol]                       0x08000550   Section        0  stm32_f103c6_exti_driver.o(.text.EXTI4_IRQHandler)
    [Anonymous Symbol]                       0x08000570   Section        0  stm32_f103c6_exti_driver.o(.text.EXTI9_5_IRQHandler)
    [Anonymous Symbol]                       0x08000664   Section        0  main.o(.text.EXTI9_Callback)
    [Anonymous Symbol]                       0x08000688   Section        0  stm32_f103c6_exti_driver.o(.text.Enable_NVIC)
    [Anonymous Symbol]                       0x08000734   Section        0  stm32_f103c6_gpio_driver.o(.text.Get_CRLH_Position)
    [Anonymous Symbol]                       0x08000864   Section        0  lcd.o(.text.LCD_GOTO_XY)
    [Anonymous Symbol]                       0x080008d4   Section        0  lcd.o(.text.LCD_GPIO_init)
    [Anonymous Symbol]                       0x08000a0c   Section        0  lcd.o(.text.LCD_INIT)
    [Anonymous Symbol]                       0x08000a44   Section        0  lcd.o(.text.LCD_WRITE_CHAR)
    [Anonymous Symbol]                       0x08000a98   Section        0  lcd.o(.text.LCD_WRITE_COMMAND)
    [Anonymous Symbol]                       0x08000aec   Section        0  lcd.o(.text.LCD_WRITE_STRING)
    [Anonymous Symbol]                       0x08000b4c   Section        0  lcd.o(.text.LCD_clear_screen)
    [Anonymous Symbol]                       0x08000b58   Section        0  lcd.o(.text.LCD_lcd_kick)
    [Anonymous Symbol]                       0x08000b88   Section        0  stm32_f103c6_exti_driver.o(.text.MCAL_EXTI_GPIO_Init)
    [Anonymous Symbol]                       0x08000b98   Section        0  stm32_f103c6_gpio_driver.o(.text.MCAL_GPIO_Init)
    [Anonymous Symbol]                       0x08000cac   Section        0  stm32_f103c6_gpio_driver.o(.text.MCAL_GPIO_WritePin)
    [Anonymous Symbol]                       0x08000ce0   Section        0  stm32_f103c6_gpio_driver.o(.text.MCAL_GPIO_WritePort)
    SetSysClock                              0x08000cf9   Thumb Code     8  system_stm32f10x.o(.text.SetSysClock)
    [Anonymous Symbol]                       0x08000cf8   Section        0  system_stm32f10x.o(.text.SetSysClock)
    SetSysClockTo72                          0x08000d01   Thumb Code   290  system_stm32f10x.o(.text.SetSysClockTo72)
    [Anonymous Symbol]                       0x08000d00   Section        0  system_stm32f10x.o(.text.SetSysClockTo72)
    [Anonymous Symbol]                       0x08000e24   Section        0  system_stm32f10x.o(.text.SystemInit)
    [Anonymous Symbol]                       0x08000e8c   Section        0  stm32_f103c6_exti_driver.o(.text.Update_EXTI)
    [Anonymous Symbol]                       0x0800108c   Section        0  lcd.o(.text.delay_ms)
    [Anonymous Symbol]                       0x080010c8   Section        0  main.o(.text.main)
    [Anonymous Symbol]                       0x0800117c   Section        0  main.o(.text.my_wait)
    .L.str                                   0x080011b6   Data          24  main.o(.rodata.str1.1)
    [Anonymous Symbol]                       0x080011b6   Section        0  main.o(.rodata.str1.1)
    .bss                                     0x20000000   Section       96  libspace.o(.bss)
    Heap_Mem                                 0x200000a8   Data         512  startup_stm32f10x_ld.o(HEAP)
    HEAP                                     0x200000a8   Section      512  startup_stm32f10x_ld.o(HEAP)
    Stack_Mem                                0x200002a8   Data        1024  startup_stm32f10x_ld.o(STACK)
    STACK                                    0x200002a8   Section     1024  startup_stm32f10x_ld.o(STACK)
    __initial_sp                             0x200006a8   Data           0  startup_stm32f10x_ld.o(STACK)

    Global Symbols

    Symbol Name                              Value     Ov Type        Size  Object(Section)

    BuildAttributes$$THM_ISAv4$P$D$K$B$S$PE$A:L22UL41UL21$X:L11$S22US41US21$IEEE1$IW$~IW$USESV6$~STKCKD$USESV7$~SHL$OSPACE$ROPI$EBA8$UX$STANDARDLIB$REQ8$PRES8$EABIv2 0x00000000   Number         0  anon$$obj.o ABSOLUTE
    __fp_init_empty                          0x00000000   Number         0  fpinit_empty.o ABSOLUTE
    __ARM_exceptions_init                     - Undefined Weak Reference
    __alloca_initialize                       - Undefined Weak Reference
    __arm_preinit_                            - Undefined Weak Reference
    __cpp_initialize__aeabi_                  - Undefined Weak Reference
    __cxa_finalize                            - Undefined Weak Reference
    __rt_locale                               - Undefined Weak Reference
    __sigvec_lookup                           - Undefined Weak Reference
    _atexit_init                              - Undefined Weak Reference
    _call_atexit_fns                          - Undefined Weak Reference
    _clock_init                               - Undefined Weak Reference
    _fp_trap_init                             - Undefined Weak Reference
    _fp_trap_shutdown                         - Undefined Weak Reference
    _get_lc_collate                           - Undefined Weak Reference
    _get_lc_ctype                             - Undefined Weak Reference
    _get_lc_monetary                          - Undefined Weak Reference
    _get_lc_numeric                           - Undefined Weak Reference
    _get_lc_time                              - Undefined Weak Reference
    _getenv_init                              - Undefined Weak Reference
    _handle_redirection                       - Undefined Weak Reference
    _init_alloc                               - Undefined Weak Reference
    _init_user_alloc                          - Undefined Weak Reference
    _initio                                   - Undefined Weak Reference
    _rand_init                                - Undefined Weak Reference
    _signal_finish                            - Undefined Weak Reference
    _signal_init                              - Undefined Weak Reference
    _terminate_alloc                          - Undefined Weak Reference
    _terminate_user_alloc                     - Undefined Weak Reference
    _terminateio                              - Undefined Weak Reference
    __Vectors_Size                           0x000000ec   Number         0  startup_stm32f10x_ld.o ABSOLUTE
    __Vectors                                0x08000000   Data           4  startup_stm32f10x_ld.o(RESET)
    __Vectors_End                            0x080000ec   Data           0  startup_stm32f10x_ld.o(RESET)
    __main                                   0x080000ed   Thumb Code     8  __main.o(!!!main)
    __scatterload                            0x080000f5   Thumb Code     0  __scatter.o(!!!scatter)
    __scatterload_rt2                        0x080000f5   Thumb Code    44  __scatter.o(!!!scatter)
    __scatterload_rt2_thumb_only             0x080000f5   Thumb Code     0  __scatter.o(!!!scatter)
    __scatterload_null                       0x08000103   Thumb Code     0  __scatter.o(!!!scatter)
    __scatterload_zeroinit                   0x08000129   Thumb Code    28  __scatter_zi.o(!!handler_zi)
    __rt_lib_init                            0x08000145   Thumb Code     0  libinit.o(.ARM.Collect$$libinit$$00000000)
    __rt_lib_init_argv_1                     0x08000147   Thumb Code     0  libinit2.o(.ARM.Collect$$libinit$$00000027)
    __rt_lib_init_atexit_1                   0x08000147   Thumb Code     0  libinit2.o(.ARM.Collect$$libinit$$0000001B)
    __rt_lib_init_clock_1                    0x08000147   Thumb Code     0  libinit2.o(.ARM.Collect$$libinit$$00000021)
    __rt_lib_init_fp_1                       0x08000147   Thumb Code     0  libinit2.o(.ARM.Collect$$libinit$$00000002)
    __rt_lib_init_fp_trap_1                  0x08000147   Thumb Code     0  libinit2.o(.ARM.Collect$$libinit$$0000001F)
    __rt_lib_init_getenv_1                   0x08000147   Thumb Code     0  libinit2.o(.ARM.Collect$$libinit$$00000023)
    __rt_lib_init_heap_1                     0x08000147   Thumb Code     0  libinit2.o(.ARM.Collect$$libinit$$0000000A)
    __rt_lib_init_heapregion_libspace_used   0x08000147   Thumb Code     0  libinit2.o(.ARM.Collect$$libinit$$00000027)
    __rt_lib_init_lc_collate_1               0x08000147   Thumb Code     0  libinit2.o(.ARM.Collect$$libinit$$00000011)
    __rt_lib_init_lc_ctype_1                 0x08000147   Thumb Code     0  libinit2.o(.ARM.Collect$$libinit$$00000013)
    __rt_lib_init_lc_monetary_1              0x08000147   Thumb Code     0  libinit2.o(.ARM.Collect$$libinit$$00000015)
    __rt_lib_init_lc_numeric_1               0x08000147   Thumb Code     0  libinit2.o(.ARM.Collect$$libinit$$00000017)
    __rt_lib_init_lc_time_1                  0x08000147   Thumb Code     0  libinit2.o(.ARM.Collect$$libinit$$00000019)
    __rt_lib_init_preinit_1                  0x08000147   Thumb Code     0  libinit2.o(.ARM.Collect$$libinit$$00000004)
    __rt_lib_init_rand_1                     0x08000147   Thumb Code     0  libinit2.o(.ARM.Collect$$libinit$$0000000E)
    __rt_lib_init_signal_1                   0x08000147   Thumb Code     0  libinit2.o(.ARM.Collect$$libinit$$0000001D)
    __rt_lib_init_stdio_1                    0x08000147   Thumb Code     0  libinit2.o(.ARM.Collect$$libinit$$00000025)
    __rt_lib_init_user_alloc_1               0x08000147   Thumb Code     0  libinit2.o(.ARM.Collect$$libinit$$0000000C)
    __rt_lib_init_alloca_1                   0x0800014f   Thumb Code     0  libinit2.o(.ARM.Collect$$libinit$$0000002E)
    __rt_lib_init_cpp_1                      0x0800014f   Thumb Code     0  libinit2.o(.ARM.Collect$$libinit$$00000032)
    __rt_lib_init_exceptions_1               0x0800014f   Thumb Code     0  libinit2.o(.ARM.Collect$$libinit$$00000030)
    __rt_lib_init_return                     0x0800014f   Thumb Code     0  libinit2.o(.ARM.Collect$$libinit$$00000033)
    __rt_lib_shutdown                        0x08000151   Thumb Code     0  libshutdown.o(.ARM.Collect$$libshutdown$$00000000)
    __rt_lib_shutdown_cpp_1                  0x08000153   Thumb Code     0  libshutdown2.o(.ARM.Collect$$libshutdown$$00000002)
    __rt_lib_shutdown_fp_trap_1              0x08000153   Thumb Code     0  libshutdown2.o(.ARM.Collect$$libshutdown$$00000007)
    __rt_lib_shutdown_heap_1                 0x08000153   Thumb Code     0  libshutdown2.o(.ARM.Collect$$libshutdown$$0000000F)
    __rt_lib_shutdown_return                 0x08000153   Thumb Code     0  libshutdown2.o(.ARM.Collect$$libshutdown$$00000010)
    __rt_lib_shutdown_signal_1               0x08000153   Thumb Code     0  libshutdown2.o(.ARM.Collect$$libshutdown$$0000000A)
    __rt_lib_shutdown_stdio_1                0x08000153   Thumb Code     0  libshutdown2.o(.ARM.Collect$$libshutdown$$00000004)
    __rt_lib_shutdown_user_alloc_1           0x08000153   Thumb Code     0  libshutdown2.o(.ARM.Collect$$libshutdown$$0000000C)
    __rt_entry                               0x08000155   Thumb Code     0  __rtentry.o(.ARM.Collect$$rtentry$$00000000)
    __rt_entry_presh_1                       0x08000155   Thumb Code     0  __rtentry2.o(.ARM.Collect$$rtentry$$00000002)
    __rt_entry_sh                            0x08000155   Thumb Code     0  __rtentry4.o(.ARM.Collect$$rtentry$$00000004)
    __rt_entry_li                            0x0800015b   Thumb Code     0  __rtentry2.o(.ARM.Collect$$rtentry$$0000000A)
    __rt_entry_postsh_1                      0x0800015b   Thumb Code     0  __rtentry2.o(.ARM.Collect$$rtentry$$00000009)
    __rt_entry_main                          0x0800015f   Thumb Code     0  __rtentry2.o(.ARM.Collect$$rtentry$$0000000D)
    __rt_entry_postli_1                      0x0800015f   Thumb Code     0  __rtentry2.o(.ARM.Collect$$rtentry$$0000000C)
    __rt_exit                                0x08000167   Thumb Code     0  rtexit.o(.ARM.Collect$$rtexit$$00000000)
    __rt_exit_ls                             0x08000169   Thumb Code     0  rtexit2.o(.ARM.Collect$$rtexit$$00000003)
    __rt_exit_prels_1                        0x08000169   Thumb Code     0  rtexit2.o(.ARM.Collect$$rtexit$$00000002)
    __rt_exit_exit                           0x0800016d   Thumb Code     0  rtexit2.o(.ARM.Collect$$rtexit$$00000004)
    __ARM_argv_veneer                        0x08000175   Thumb Code     4  argv_veneer.o(.emb_text)
    Reset_Handler                            0x08000179   Thumb Code     8  startup_stm32f10x_ld.o(.text)
    NMI_Handler                              0x08000181   Thumb Code     2  startup_stm32f10x_ld.o(.text)
    HardFault_Handler                        0x08000183   Thumb Code     2  startup_stm32f10x_ld.o(.text)
    MemManage_Handler                        0x08000185   Thumb Code     2  startup_stm32f10x_ld.o(.text)
    BusFault_Handler                         0x08000187   Thumb Code     2  startup_stm32f10x_ld.o(.text)
    UsageFault_Handler                       0x08000189   Thumb Code     2  startup_stm32f10x_ld.o(.text)
    SVC_Handler                              0x0800018b   Thumb Code     2  startup_stm32f10x_ld.o(.text)
    DebugMon_Handler                         0x0800018d   Thumb Code     2  startup_stm32f10x_ld.o(.text)
    PendSV_Handler                           0x0800018f   Thumb Code     2  startup_stm32f10x_ld.o(.text)
    SysTick_Handler                          0x08000191   Thumb Code     2  startup_stm32f10x_ld.o(.text)
    ADC1_2_IRQHandler                        0x08000193   Thumb Code     0  startup_stm32f10x_ld.o(.text)
    CAN1_RX1_IRQHandler                      0x08000193   Thumb Code     0  startup_stm32f10x_ld.o(.text)
    CAN1_SCE_IRQHandler                      0x08000193   Thumb Code     0  startup_stm32f10x_ld.o(.text)
    DMA1_Channel1_IRQHandler                 0x08000193   Thumb Code     0  startup_stm32f10x_ld.o(.text)
    DMA1_Channel2_IRQHandler                 0x08000193   Thumb Code     0  startup_stm32f10x_ld.o(.text)
    DMA1_Channel3_IRQHandler                 0x08000193   Thumb Code     0  startup_stm32f10x_ld.o(.text)
    DMA1_Channel4_IRQHandler                 0x08000193   Thumb Code     0  startup_stm32f10x_ld.o(.text)
    DMA1_Channel5_IRQHandler                 0x08000193   Thumb Code     0  startup_stm32f10x_ld.o(.text)
    DMA1_Channel6_IRQHandler                 0x08000193   Thumb Code     0  startup_stm32f10x_ld.o(.text)
    DMA1_Channel7_IRQHandler                 0x08000193   Thumb Code     0  startup_stm32f10x_ld.o(.text)
    EXTI15_10_IRQHandler                     0x08000193   Thumb Code     0  startup_stm32f10x_ld.o(.text)
    FLASH_IRQHandler                         0x08000193   Thumb Code     0  startup_stm32f10x_ld.o(.text)
    I2C1_ER_IRQHandler                       0x08000193   Thumb Code     0  startup_stm32f10x_ld.o(.text)
    I2C1_EV_IRQHandler                       0x08000193   Thumb Code     0  startup_stm32f10x_ld.o(.text)
    PVD_IRQHandler                           0x08000193   Thumb Code     0  startup_stm32f10x_ld.o(.text)
    RCC_IRQHandler                           0x08000193   Thumb Code     0  startup_stm32f10x_ld.o(.text)
    RTCAlarm_IRQHandler                      0x08000193   Thumb Code     0  startup_stm32f10x_ld.o(.text)
    RTC_IRQHandler                           0x08000193   Thumb Code     0  startup_stm32f10x_ld.o(.text)
    SPI1_IRQHandler                          0x08000193   Thumb Code     0  startup_stm32f10x_ld.o(.text)
    TAMPER_IRQHandler                        0x08000193   Thumb Code     0  startup_stm32f10x_ld.o(.text)
    TIM1_BRK_IRQHandler                      0x08000193   Thumb Code     0  startup_stm32f10x_ld.o(.text)
    TIM1_CC_IRQHandler                       0x08000193   Thumb Code     0  startup_stm32f10x_ld.o(.text)
    TIM1_TRG_COM_IRQHandler                  0x08000193   Thumb Code     0  startup_stm32f10x_ld.o(.text)
    TIM1_UP_IRQHandler                       0x08000193   Thumb Code     0  startup_stm32f10x_ld.o(.text)
    TIM2_IRQHandler                          0x08000193   Thumb Code     0  startup_stm32f10x_ld.o(.text)
    TIM3_IRQHandler                          0x08000193   Thumb Code     0  startup_stm32f10x_ld.o(.text)
    USART1_IRQHandler                        0x08000193   Thumb Code     0  startup_stm32f10x_ld.o(.text)
    USART2_IRQHandler                        0x08000193   Thumb Code     0  startup_stm32f10x_ld.o(.text)
    USBWakeUp_IRQHandler                     0x08000193   Thumb Code     0  startup_stm32f10x_ld.o(.text)
    USB_HP_CAN1_TX_IRQHandler                0x08000193   Thumb Code     0  startup_stm32f10x_ld.o(.text)
    USB_LP_CAN1_RX0_IRQHandler               0x08000193   Thumb Code     0  startup_stm32f10x_ld.o(.text)
    WWDG_IRQHandler                          0x08000193   Thumb Code     0  startup_stm32f10x_ld.o(.text)
    __user_initial_stackheap                 0x08000195   Thumb Code     0  startup_stm32f10x_ld.o(.text)
    __use_two_region_memory                  0x080001b9   Thumb Code     2  heapauxi.o(.text)
    __rt_heap_escrow$2region                 0x080001bb   Thumb Code     2  heapauxi.o(.text)
    __rt_heap_expand$2region                 0x080001bd   Thumb Code     2  heapauxi.o(.text)
    __user_setup_stackheap                   0x080001bf   Thumb Code    74  sys_stackheap_outer.o(.text)
    exit                                     0x08000209   Thumb Code    18  exit.o(.text)
    __user_libspace                          0x0800021d   Thumb Code     8  libspace.o(.text)
    __user_perproc_libspace                  0x0800021d   Thumb Code     0  libspace.o(.text)
    __user_perthread_libspace                0x0800021d   Thumb Code     0  libspace.o(.text)
    _sys_exit                                0x08000225   Thumb Code     8  sys_exit.o(.text)
    __argv_alloc                             0x08000231   Thumb Code    34  _get_argv_nomalloc.o(.text)
    __ARM_get_argv                           0x08000253   Thumb Code   268  _get_argv_nomalloc.o(.text)
    _sys_command_string                      0x0800035f   Thumb Code    24  sys_command.o(.text)
    __I$use$semihosting                      0x08000377   Thumb Code     0  use_no_semi.o(.text)
    __use_no_semihosting_swi                 0x08000377   Thumb Code     2  use_no_semi.o(.text)
    __semihosting_library_function           0x08000379   Thumb Code     0  indicate_semi.o(.text)
    __use_no_heap_region                     0x08000379   Thumb Code     2  hrguard.o(.text)
    __heap_region$guard                      0x0800037b   Thumb Code     2  hrguard.o(.text)
    __rt_SIGRTMEM                            0x0800037d   Thumb Code    14  defsig_rtmem_outer.o(.text)
    __sig_exit                               0x0800038b   Thumb Code    10  defsig_exit.o(.text)
    __rt_SIGRTMEM_inner                      0x08000395   Thumb Code    22  defsig_rtmem_inner.o(.text)
    __default_signal_display                 0x080003e5   Thumb Code    50  defsig_general.o(.text)
    _ttywrch                                 0x08000417   Thumb Code    14  sys_wrch.o(.text)
    Disable_NVIC                             0x08000425   Thumb Code   172  stm32_f103c6_exti_driver.o(.text.Disable_NVIC)
    EXTI0_IRQHandler                         0x080004d1   Thumb Code    32  stm32_f103c6_exti_driver.o(.text.EXTI0_IRQHandler)
    EXTI1_IRQHandler                         0x080004f1   Thumb Code    32  stm32_f103c6_exti_driver.o(.text.EXTI1_IRQHandler)
    EXTI2_IRQHandler                         0x08000511   Thumb Code    32  stm32_f103c6_exti_driver.o(.text.EXTI2_IRQHandler)
    EXTI3_IRQHandler                         0x08000531   Thumb Code    32  stm32_f103c6_exti_driver.o(.text.EXTI3_IRQHandler)
    EXTI4_IRQHandler                         0x08000551   Thumb Code    32  stm32_f103c6_exti_driver.o(.text.EXTI4_IRQHandler)
    EXTI9_5_IRQHandler                       0x08000571   Thumb Code   244  stm32_f103c6_exti_driver.o(.text.EXTI9_5_IRQHandler)
    EXTI9_Callback                           0x08000665   Thumb Code    36  main.o(.text.EXTI9_Callback)
    Enable_NVIC                              0x08000689   Thumb Code   172  stm32_f103c6_exti_driver.o(.text.Enable_NVIC)
    Get_CRLH_Position                        0x08000735   Thumb Code   302  stm32_f103c6_gpio_driver.o(.text.Get_CRLH_Position)
    LCD_GOTO_XY                              0x08000865   Thumb Code   112  lcd.o(.text.LCD_GOTO_XY)
    LCD_GPIO_init                            0x080008d5   Thumb Code   310  lcd.o(.text.LCD_GPIO_init)
    LCD_INIT                                 0x08000a0d   Thumb Code    54  lcd.o(.text.LCD_INIT)
    LCD_WRITE_CHAR                           0x08000a45   Thumb Code    82  lcd.o(.text.LCD_WRITE_CHAR)
    LCD_WRITE_COMMAND                        0x08000a99   Thumb Code    82  lcd.o(.text.LCD_WRITE_COMMAND)
    LCD_WRITE_STRING                         0x08000aed   Thumb Code    94  lcd.o(.text.LCD_WRITE_STRING)
    LCD_clear_screen                         0x08000b4d   Thumb Code    10  lcd.o(.text.LCD_clear_screen)
    LCD_lcd_kick                             0x08000b59   Thumb Code    46  lcd.o(.text.LCD_lcd_kick)
    MCAL_EXTI_GPIO_Init                      0x08000b89   Thumb Code    16  stm32_f103c6_exti_driver.o(.text.MCAL_EXTI_GPIO_Init)
    MCAL_GPIO_Init                           0x08000b99   Thumb Code   274  stm32_f103c6_gpio_driver.o(.text.MCAL_GPIO_Init)
    MCAL_GPIO_WritePin                       0x08000cad   Thumb Code    50  stm32_f103c6_gpio_driver.o(.text.MCAL_GPIO_WritePin)
    MCAL_GPIO_WritePort                      0x08000ce1   Thumb Code    22  stm32_f103c6_gpio_driver.o(.text.MCAL_GPIO_WritePort)
    SystemInit                               0x08000e25   Thumb Code   102  system_stm32f10x.o(.text.SystemInit)
    Update_EXTI                              0x08000e8d   Thumb Code   512  stm32_f103c6_exti_driver.o(.text.Update_EXTI)
    delay_ms                                 0x0800108d   Thumb Code    58  lcd.o(.text.delay_ms)
    main                                     0x080010c9   Thumb Code   178  main.o(.text.main)
    my_wait                                  0x0800117d   Thumb Code    58  main.o(.text.my_wait)
    Region$$Table$$Base                      0x080011d0   Number         0  anon$$obj.o(Region$$Table)
    Region$$Table$$Limit                     0x080011e0   Number         0  anon$$obj.o(Region$$Table)
    __libspace_start                         0x20000000   Data          96  libspace.o(.bss)
    GP_IRQ_Callback                          0x20000060   Data          60  stm32_f103c6_exti_driver.o(.bss.GP_IRQ_Callback)
    __temporary_stack_top$libspace           0x20000060   Data           0  libspace.o(.bss)
    IRQ_Flag                                 0x2000009c   Data           4  main.o(.bss.IRQ_Flag)
    PinCfg                                   0x200000a0   Data           4  stm32_f103c6_gpio_driver.o(.bss.PinCfg)



==============================================================================

Memory Map of the image

  Image Entry point : 0x08000179

  Load Region LR_1 (Base: 0x08000000, Size: 0x000011e0, Max: 0xffffffff, ABSOLUTE)

    Execution Region ER_RO (Exec base: 0x08000000, Load base: 0x08000000, Size: 0x000011e0, Max: 0xffffffff, ABSOLUTE)

    Exec Addr    Load Addr    Size         Type   Attr      Idx    E Section Name        Object

    0x08000000   0x08000000   0x000000ec   Data   RO          120    RESET               startup_stm32f10x_ld.o
    0x080000ec   0x080000ec   0x00000008   Code   RO          148  * !!!main             c_w.l(__main.o)
    0x080000f4   0x080000f4   0x00000034   Code   RO          311    !!!scatter          c_w.l(__scatter.o)
    0x08000128   0x08000128   0x0000001c   Code   RO          313    !!handler_zi        c_w.l(__scatter_zi.o)
    0x08000144   0x08000144   0x00000002   Code   RO          175    .ARM.Collect$$libinit$$00000000  c_w.l(libinit.o)
    0x08000146   0x08000146   0x00000000   Code   RO          182    .ARM.Collect$$libinit$$00000002  c_w.l(libinit2.o)
    0x08000146   0x08000146   0x00000000   Code   RO          184    .ARM.Collect$$libinit$$00000004  c_w.l(libinit2.o)
    0x08000146   0x08000146   0x00000000   Code   RO          187    .ARM.Collect$$libinit$$0000000A  c_w.l(libinit2.o)
    0x08000146   0x08000146   0x00000000   Code   RO          189    .ARM.Collect$$libinit$$0000000C  c_w.l(libinit2.o)
    0x08000146   0x08000146   0x00000000   Code   RO          191    .ARM.Collect$$libinit$$0000000E  c_w.l(libinit2.o)
    0x08000146   0x08000146   0x00000000   Code   RO          194    .ARM.Collect$$libinit$$00000011  c_w.l(libinit2.o)
    0x08000146   0x08000146   0x00000000   Code   RO          196    .ARM.Collect$$libinit$$00000013  c_w.l(libinit2.o)
    0x08000146   0x08000146   0x00000000   Code   RO          198    .ARM.Collect$$libinit$$00000015  c_w.l(libinit2.o)
    0x08000146   0x08000146   0x00000000   Code   RO          200    .ARM.Collect$$libinit$$00000017  c_w.l(libinit2.o)
    0x08000146   0x08000146   0x00000000   Code   RO          202    .ARM.Collect$$libinit$$00000019  c_w.l(libinit2.o)
    0x08000146   0x08000146   0x00000000   Code   RO          204    .ARM.Collect$$libinit$$0000001B  c_w.l(libinit2.o)
    0x08000146   0x08000146   0x00000000   Code   RO          206    .ARM.Collect$$libinit$$0000001D  c_w.l(libinit2.o)
    0x08000146   0x08000146   0x00000000   Code   RO          208    .ARM.Collect$$libinit$$0000001F  c_w.l(libinit2.o)
    0x08000146   0x08000146   0x00000000   Code   RO          210    .ARM.Collect$$libinit$$00000021  c_w.l(libinit2.o)
    0x08000146   0x08000146   0x00000000   Code   RO          212    .ARM.Collect$$libinit$$00000023  c_w.l(libinit2.o)
    0x08000146   0x08000146   0x00000000   Code   RO          214    .ARM.Collect$$libinit$$00000025  c_w.l(libinit2.o)
    0x08000146   0x08000146   0x00000008   Code   RO          216    .ARM.Collect$$libinit$$00000027  c_w.l(libinit2.o)
    0x0800014e   0x0800014e   0x00000000   Code   RO          220    .ARM.Collect$$libinit$$0000002E  c_w.l(libinit2.o)
    0x0800014e   0x0800014e   0x00000000   Code   RO          222    .ARM.Collect$$libinit$$00000030  c_w.l(libinit2.o)
    0x0800014e   0x0800014e   0x00000000   Code   RO          224    .ARM.Collect$$libinit$$00000032  c_w.l(libinit2.o)
    0x0800014e   0x0800014e   0x00000002   Code   RO          225    .ARM.Collect$$libinit$$00000033  c_w.l(libinit2.o)
    0x08000150   0x08000150   0x00000002   Code   RO          247    .ARM.Collect$$libshutdown$$00000000  c_w.l(libshutdown.o)
    0x08000152   0x08000152   0x00000000   Code   RO          262    .ARM.Collect$$libshutdown$$00000002  c_w.l(libshutdown2.o)
    0x08000152   0x08000152   0x00000000   Code   RO          264    .ARM.Collect$$libshutdown$$00000004  c_w.l(libshutdown2.o)
    0x08000152   0x08000152   0x00000000   Code   RO          267    .ARM.Collect$$libshutdown$$00000007  c_w.l(libshutdown2.o)
    0x08000152   0x08000152   0x00000000   Code   RO          270    .ARM.Collect$$libshutdown$$0000000A  c_w.l(libshutdown2.o)
    0x08000152   0x08000152   0x00000000   Code   RO          272    .ARM.Collect$$libshutdown$$0000000C  c_w.l(libshutdown2.o)
    0x08000152   0x08000152   0x00000000   Code   RO          275    .ARM.Collect$$libshutdown$$0000000F  c_w.l(libshutdown2.o)
    0x08000152   0x08000152   0x00000002   Code   RO          276    .ARM.Collect$$libshutdown$$00000010  c_w.l(libshutdown2.o)
    0x08000154   0x08000154   0x00000000   Code   RO          150    .ARM.Collect$$rtentry$$00000000  c_w.l(__rtentry.o)
    0x08000154   0x08000154   0x00000000   Code   RO          152    .ARM.Collect$$rtentry$$00000002  c_w.l(__rtentry2.o)
    0x08000154   0x08000154   0x00000006   Code   RO          164    .ARM.Collect$$rtentry$$00000004  c_w.l(__rtentry4.o)
    0x0800015a   0x0800015a   0x00000000   Code   RO          154    .ARM.Collect$$rtentry$$00000009  c_w.l(__rtentry2.o)
    0x0800015a   0x0800015a   0x00000004   Code   RO          155    .ARM.Collect$$rtentry$$0000000A  c_w.l(__rtentry2.o)
    0x0800015e   0x0800015e   0x00000000   Code   RO          157    .ARM.Collect$$rtentry$$0000000C  c_w.l(__rtentry2.o)
    0x0800015e   0x0800015e   0x00000008   Code   RO          158    .ARM.Collect$$rtentry$$0000000D  c_w.l(__rtentry2.o)
    0x08000166   0x08000166   0x00000002   Code   RO          179    .ARM.Collect$$rtexit$$00000000  c_w.l(rtexit.o)
    0x08000168   0x08000168   0x00000000   Code   RO          227    .ARM.Collect$$rtexit$$00000002  c_w.l(rtexit2.o)
    0x08000168   0x08000168   0x00000004   Code   RO          228    .ARM.Collect$$rtexit$$00000003  c_w.l(rtexit2.o)
    0x0800016c   0x0800016c   0x00000006   Code   RO          229    .ARM.Collect$$rtexit$$00000004  c_w.l(rtexit2.o)
    0x08000172   0x08000172   0x00000002   PAD
    0x08000174   0x08000174   0x00000004   Code   RO          233    .emb_text           c_w.l(argv_veneer.o)
    0x08000178   0x08000178   0x00000040   Code   RO          121  * .text               startup_stm32f10x_ld.o
    0x080001b8   0x080001b8   0x00000006   Code   RO          146    .text               c_w.l(heapauxi.o)
    0x080001be   0x080001be   0x0000004a   Code   RO          166    .text               c_w.l(sys_stackheap_outer.o)
    0x08000208   0x08000208   0x00000012   Code   RO          168    .text               c_w.l(exit.o)
    0x0800021a   0x0800021a   0x00000002   PAD
    0x0800021c   0x0800021c   0x00000008   Code   RO          176    .text               c_w.l(libspace.o)
    0x08000224   0x08000224   0x0000000c   Code   RO          237    .text               c_w.l(sys_exit.o)
    0x08000230   0x08000230   0x0000012e   Code   RO          243    .text               c_w.l(_get_argv_nomalloc.o)
    0x0800035e   0x0800035e   0x00000018   Code   RO          248    .text               c_w.l(sys_command.o)
    0x08000376   0x08000376   0x00000002   Code   RO          252    .text               c_w.l(use_no_semi.o)
    0x08000378   0x08000378   0x00000000   Code   RO          254    .text               c_w.l(indicate_semi.o)
    0x08000378   0x08000378   0x00000004   Code   RO          255    .text               c_w.l(hrguard.o)
    0x0800037c   0x0800037c   0x0000000e   Code   RO          257    .text               c_w.l(defsig_rtmem_outer.o)
    0x0800038a   0x0800038a   0x0000000a   Code   RO          279    .text               c_w.l(defsig_exit.o)
    0x08000394   0x08000394   0x00000050   Code   RO          281    .text               c_w.l(defsig_rtmem_inner.o)
    0x080003e4   0x080003e4   0x00000032   Code   RO          285    .text               c_w.l(defsig_general.o)
    0x08000416   0x08000416   0x0000000e   Code   RO          287    .text               c_w.l(sys_wrch.o)
    0x08000424   0x08000424   0x000000ac   Code   RO           87    .text.Disable_NVIC  stm32_f103c6_exti_driver.o
    0x080004d0   0x080004d0   0x00000020   Code   RO           97    .text.EXTI0_IRQHandler  stm32_f103c6_exti_driver.o
    0x080004f0   0x080004f0   0x00000020   Code   RO           99    .text.EXTI1_IRQHandler  stm32_f103c6_exti_driver.o
    0x08000510   0x08000510   0x00000020   Code   RO          101    .text.EXTI2_IRQHandler  stm32_f103c6_exti_driver.o
    0x08000530   0x08000530   0x00000020   Code   RO          103    .text.EXTI3_IRQHandler  stm32_f103c6_exti_driver.o
    0x08000550   0x08000550   0x00000020   Code   RO          105    .text.EXTI4_IRQHandler  stm32_f103c6_exti_driver.o
    0x08000570   0x08000570   0x000000f4   Code   RO          107    .text.EXTI9_5_IRQHandler  stm32_f103c6_exti_driver.o
    0x08000664   0x08000664   0x00000024   Code   RO            4    .text.EXTI9_Callback  main.o
    0x08000688   0x08000688   0x000000ac   Code   RO           85    .text.Enable_NVIC   stm32_f103c6_exti_driver.o
    0x08000734   0x08000734   0x0000012e   Code   RO           17    .text.Get_CRLH_Position  stm32_f103c6_gpio_driver.o
    0x08000862   0x08000862   0x00000002   PAD
    0x08000864   0x08000864   0x00000070   Code   RO           53    .text.LCD_GOTO_XY   lcd.o
    0x080008d4   0x080008d4   0x00000136   Code   RO           45    .text.LCD_GPIO_init  lcd.o
    0x08000a0a   0x08000a0a   0x00000002   PAD
    0x08000a0c   0x08000a0c   0x00000036   Code   RO           55    .text.LCD_INIT      lcd.o
    0x08000a42   0x08000a42   0x00000002   PAD
    0x08000a44   0x08000a44   0x00000052   Code   RO           59    .text.LCD_WRITE_CHAR  lcd.o
    0x08000a96   0x08000a96   0x00000002   PAD
    0x08000a98   0x08000a98   0x00000052   Code   RO           49    .text.LCD_WRITE_COMMAND  lcd.o
    0x08000aea   0x08000aea   0x00000002   PAD
    0x08000aec   0x08000aec   0x0000005e   Code   RO           61    .text.LCD_WRITE_STRING  lcd.o
    0x08000b4a   0x08000b4a   0x00000002   PAD
    0x08000b4c   0x08000b4c   0x0000000a   Code   RO           47    .text.LCD_clear_screen  lcd.o
    0x08000b56   0x08000b56   0x00000002   PAD
    0x08000b58   0x08000b58   0x0000002e   Code   RO           51    .text.LCD_lcd_kick  lcd.o
    0x08000b86   0x08000b86   0x00000002   PAD
    0x08000b88   0x08000b88   0x00000010   Code   RO           91    .text.MCAL_EXTI_GPIO_Init  stm32_f103c6_exti_driver.o
    0x08000b98   0x08000b98   0x00000112   Code   RO           19    .text.MCAL_GPIO_Init  stm32_f103c6_gpio_driver.o
    0x08000caa   0x08000caa   0x00000002   PAD
    0x08000cac   0x08000cac   0x00000032   Code   RO           27    .text.MCAL_GPIO_WritePin  stm32_f103c6_gpio_driver.o
    0x08000cde   0x08000cde   0x00000002   PAD
    0x08000ce0   0x08000ce0   0x00000016   Code   RO           29    .text.MCAL_GPIO_WritePort  stm32_f103c6_gpio_driver.o
    0x08000cf6   0x08000cf6   0x00000002   PAD
    0x08000cf8   0x08000cf8   0x00000008   Code   RO          130    .text.SetSysClock   system_stm32f10x.o
    0x08000d00   0x08000d00   0x00000122   Code   RO          134    .text.SetSysClockTo72  system_stm32f10x.o
    0x08000e22   0x08000e22   0x00000002   PAD
    0x08000e24   0x08000e24   0x00000066   Code   RO          128    .text.SystemInit    system_stm32f10x.o
    0x08000e8a   0x08000e8a   0x00000002   PAD
    0x08000e8c   0x08000e8c   0x00000200   Code   RO           89    .text.Update_EXTI   stm32_f103c6_exti_driver.o
    0x0800108c   0x0800108c   0x0000003a   Code   RO           43    .text.delay_ms      lcd.o
    0x080010c6   0x080010c6   0x00000002   PAD
    0x080010c8   0x080010c8   0x000000b2   Code   RO            6    .text.main          main.o
    0x0800117a   0x0800117a   0x00000002   PAD
    0x0800117c   0x0800117c   0x0000003a   Code   RO            2    .text.my_wait       main.o
    0x080011b6   0x080011b6   0x00000018   Data   RO            9    .rodata.str1.1      main.o
    0x080011ce   0x080011ce   0x00000002   PAD
    0x080011d0   0x080011d0   0x00000010   Data   RO          310    Region$$Table       anon$$obj.o


    Execution Region ER_RW (Exec base: 0x20000000, Load base: 0x080011e0, Size: 0x00000000, Max: 0xffffffff, ABSOLUTE)

    **** No section assigned to this execution region ****


    Execution Region ER_ZI (Exec base: 0x20000000, Load base: 0x080011e0, Size: 0x000006a8, Max: 0xffffffff, ABSOLUTE)

    Exec Addr    Load Addr    Size         Type   Attr      Idx    E Section Name        Object

    0x20000000        -       0x00000060   Zero   RW          177    .bss                c_w.l(libspace.o)
    0x20000060        -       0x0000003c   Zero   RW          111    .bss.GP_IRQ_Callback  stm32_f103c6_exti_driver.o
    0x2000009c        -       0x00000004   Zero   RW            8    .bss.IRQ_Flag       main.o
    0x200000a0        -       0x00000004   Zero   RW           35    .bss.PinCfg         stm32_f103c6_gpio_driver.o
    0x200000a4   0x080011e0   0x00000004   PAD
    0x200000a8        -       0x00000200   Zero   RW          119    HEAP                startup_stm32f10x_ld.o
    0x200002a8        -       0x00000400   Zero   RW          118    STACK               startup_stm32f10x_ld.o


==============================================================================

Image component sizes


      Code (inc. data)   RO Data    RW Data    ZI Data      Debug   Object Name

       848          0          0          0          0       2379   lcd.o
       272          0         24          0          4       1825   main.o
        64         26        236          0       1536        884   startup_stm32f10x_ld.o
      1276         32          0          0         60       3962   stm32_f103c6_exti_driver.o
       648          0          0          0          4       3262   stm32_f103c6_gpio_driver.o
       400          0          0          0          0       2958   system_stm32f10x.o

    ----------------------------------------------------------------------
      3538         58        278          0       1608      15270   Object Totals
         0          0         16          0          0          0   (incl. Generated)
        30          0          2          0          4          0   (incl. Padding)

    ----------------------------------------------------------------------

      Code (inc. data)   RO Data    RW Data    ZI Data      Debug   Library Member Name

         8          0          0          0          0         68   __main.o
         0          0          0          0          0          0   __rtentry.o
        12          0          0          0          0          0   __rtentry2.o
         6          0          0          0          0          0   __rtentry4.o
        52          8          0          0          0          0   __scatter.o
        28          0          0          0          0          0   __scatter_zi.o
       302          0          0          0          0        168   _get_argv_nomalloc.o
         4          0          0          0          0         68   argv_veneer.o
        10          0          0          0          0         68   defsig_exit.o
        50          0          0          0          0         88   defsig_general.o
        80         58          0          0          0         76   defsig_rtmem_inner.o
        14          0          0          0          0         80   defsig_rtmem_outer.o
        18          0          0          0          0         80   exit.o
         6          0          0          0          0        152   heapauxi.o
         4          0          0          0          0        136   hrguard.o
         0          0          0          0          0          0   indicate_semi.o
         2          0          0          0          0          0   libinit.o
        10          0          0          0          0          0   libinit2.o
         2          0          0          0          0          0   libshutdown.o
         2          0          0          0          0          0   libshutdown2.o
         8          4          0          0         96         68   libspace.o
         2          0          0          0          0          0   rtexit.o
        10          0          0          0          0          0   rtexit2.o
        24          0          0          0          0         76   sys_command.o
        12          4          0          0          0         68   sys_exit.o
        74          0          0          0          0         80   sys_stackheap_outer.o
        14          0          0          0          0         76   sys_wrch.o
         2          0          0          0          0         68   use_no_semi.o

    ----------------------------------------------------------------------
       760         74          0          0         96       1420   Library Totals
         4          0          0          0          0          0   (incl. Padding)

    ----------------------------------------------------------------------

      Code (inc. data)   RO Data    RW Data    ZI Data      Debug   Library Name

       756         74          0          0         96       1420   c_w.l

    ----------------------------------------------------------------------
       760         74          0          0         96       1420   Library Totals

    ----------------------------------------------------------------------

==============================================================================


      Code (inc. data)   RO Data    RW Data    ZI Data      Debug   

      4298        132        278          0       1704      15930   Grand Totals
      4298        132        278          0       1704      15930   ELF Image Totals
      4298        132        278          0          0          0   ROM Totals

==============================================================================

    Total RO  Size (Code + RO Data)                 4576 (   4.47kB)
    Total RW  Size (RW Data + ZI Data)              1704 (   1.66kB)
    Total ROM Size (Code + RO Data + RW Data)       4576 (   4.47kB)

==============================================================================

