
Memory Configuration

Name             Origin             Length             Attributes
FLASH            0x08000000         0x00020000         xr
SRAM             0x20000000         0x00005000         xrw
*default*        0x00000000         0xffffffff

Linker script and memory map


.TEXT           0x08000000      0x294
 *(.VECTORS*)
 .VECTORS       0x08000000       0x1c startup.o
                0x08000000                vectors
 *(.text*)
 .text          0x0800001c       0x30 alarm.o
                0x0800001c                Alarm_Init
                0x0800002c                Alarm_On
                0x0800003c                Alarm_Off
 .text          0x0800004c      0x10c driver.o
                0x0800004c                Delay
                0x08000070                getPressureVal
                0x08000088                Set_Alarm_actuator
                0x080000d8                GPIO_INITIALIZATION
 .text          0x08000158       0x38 main.o
                0x08000158                main
 .text          0x08000190       0x1c pressure_sensor.o
                0x08000190                PressureSensor_Init
                0x0800019c                PressureSensor_Read
 .text          0x080001ac       0xe8 startup.o
                0x080001ac                RESET
                0x08000288                BUS_FAULT
                0x08000288                DEFAULT_HANDLER
                0x08000288                NMI
                0x08000288                USGE_FAULT
                0x08000288                MEM_MANAGE
                0x08000288                HARD_FAULT
 *(.rodata)
                0x08000294                E_TEXT = .

.glue_7         0x08000294        0x0
 .glue_7        0x00000000        0x0 linker stubs

.glue_7t        0x08000294        0x0
 .glue_7t       0x00000000        0x0 linker stubs

.vfp11_veneer   0x08000294        0x0
 .vfp11_veneer  0x00000000        0x0 linker stubs

.v4_bx          0x08000294        0x0
 .v4_bx         0x00000000        0x0 linker stubs

.iplt           0x08000294        0x0
 .iplt          0x00000000        0x0 alarm.o

.igot.plt       0x08000294        0x0
 .igot.plt      0x00000000        0x0 alarm.o

.rel.dyn        0x08000294        0x0
 .rel.iplt      0x00000000        0x0 alarm.o

.DATA           0x20000000        0x0 load address 0x08000294
                0x20000000                S_DATA = .
 *(.data*)
 .data          0x20000000        0x0 alarm.o
 .data          0x20000000        0x0 driver.o
 .data          0x20000000        0x0 main.o
 .data          0x20000000        0x0 pressure_sensor.o
 .data          0x20000000        0x0 startup.o
                0x20000000                E_DATA = .

.BSS            0x20000000      0x3ec load address 0x08000294
                0x20000000                S_BSS = .
 *(.bss*)
 .bss           0x20000000        0x0 alarm.o
 .bss           0x20000000        0x0 driver.o
 .bss           0x20000000        0x0 main.o
 .bss           0x20000000        0x0 pressure_sensor.o
 .bss           0x20000000        0x4 startup.o
                0x20000000                i
                0x20000004                E_BSS = .
                0x200003ec                . = (. + 0x3e8)
 *fill*         0x20000004      0x3e8 
                0x200003ec                STACK_TOP = .
LOAD alarm.o
LOAD driver.o
LOAD main.o
LOAD pressure_sensor.o
LOAD startup.o
OUTPUT(PressureSystem.elf elf32-littlearm)

.debug_info     0x00000000      0x42b
 .debug_info    0x00000000       0xbc alarm.o
 .debug_info    0x000000bc      0x103 driver.o
 .debug_info    0x000001bf       0xa3 main.o
 .debug_info    0x00000262       0x5d pressure_sensor.o
 .debug_info    0x000002bf      0x16c startup.o

.debug_abbrev   0x00000000      0x247
 .debug_abbrev  0x00000000       0x42 alarm.o
 .debug_abbrev  0x00000042       0x9d driver.o
 .debug_abbrev  0x000000df       0x53 main.o
 .debug_abbrev  0x00000132       0x51 pressure_sensor.o
 .debug_abbrev  0x00000183       0xc4 startup.o

.debug_loc      0x00000000      0x240
 .debug_loc     0x00000000       0x84 alarm.o
 .debug_loc     0x00000084       0xc8 driver.o
 .debug_loc     0x0000014c       0x38 main.o
 .debug_loc     0x00000184       0x58 pressure_sensor.o
 .debug_loc     0x000001dc       0x64 startup.o

.debug_aranges  0x00000000       0xa0
 .debug_aranges
                0x00000000       0x20 alarm.o
 .debug_aranges
                0x00000020       0x20 driver.o
 .debug_aranges
                0x00000040       0x20 main.o
 .debug_aranges
                0x00000060       0x20 pressure_sensor.o
 .debug_aranges
                0x00000080       0x20 startup.o

.debug_line     0x00000000      0x20e
 .debug_line    0x00000000       0x3d alarm.o
 .debug_line    0x0000003d       0x9c driver.o
 .debug_line    0x000000d9       0x40 main.o
 .debug_line    0x00000119       0x43 pressure_sensor.o
 .debug_line    0x0000015c       0xb2 startup.o

.debug_str      0x00000000      0x206
 .debug_str     0x00000000       0xef alarm.o
                                0x128 (size before relaxing)
 .debug_str     0x000000ef       0x55 driver.o
                                0x157 (size before relaxing)
 .debug_str     0x00000144       0x15 main.o
                                0x117 (size before relaxing)
 .debug_str     0x00000159       0x3a pressure_sensor.o
                                 0xaa (size before relaxing)
 .debug_str     0x00000193       0x73 startup.o
                                0x179 (size before relaxing)

.comment        0x00000000       0x11
 .comment       0x00000000       0x11 alarm.o
                                 0x12 (size before relaxing)
 .comment       0x00000000       0x12 driver.o
 .comment       0x00000000       0x12 main.o
 .comment       0x00000000       0x12 pressure_sensor.o
 .comment       0x00000000       0x12 startup.o

.ARM.attributes
                0x00000000       0x33
 .ARM.attributes
                0x00000000       0x33 alarm.o
 .ARM.attributes
                0x00000033       0x33 driver.o
 .ARM.attributes
                0x00000066       0x33 main.o
 .ARM.attributes
                0x00000099       0x33 pressure_sensor.o
 .ARM.attributes
                0x000000cc       0x33 startup.o

.debug_frame    0x00000000      0x19c
 .debug_frame   0x00000000       0x64 alarm.o
 .debug_frame   0x00000064       0x78 driver.o
 .debug_frame   0x000000dc       0x30 main.o
 .debug_frame   0x0000010c       0x44 pressure_sensor.o
 .debug_frame   0x00000150       0x4c startup.o
