
Memory Configuration

Name             Origin             Length             Attributes
flash            0x08000000         0x00020000         xr
sram             0x20000000         0x00005000         xrw
*default*        0x00000000         0xffffffff

Linker script and memory map


.text           0x08000000       0xf4
 *(.vectors*)
 .vectors       0x08000000       0x18 startup.o
                0x08000000                vectors
 *(.text*)
 .text          0x08000018       0xa8 main.o
                0x08000018                main
 .text          0x080000c0       0x34 startup.o
                0x080000c0                H_Fault_Handler
                0x080000c0                Usage_Fault_Handler
                0x080000c0                Bus_Fault
                0x080000c0                Default_Handler
                0x080000c0                NMI_Handler
                0x080000cc                Reset_Handler
 *(.rodata)
                0x080000f4                _E_text = .

.glue_7         0x080000f4        0x0
 .glue_7        0x00000000        0x0 linker stubs

.glue_7t        0x080000f4        0x0
 .glue_7t       0x00000000        0x0 linker stubs

.vfp11_veneer   0x080000f4        0x0
 .vfp11_veneer  0x00000000        0x0 linker stubs

.v4_bx          0x080000f4        0x0
 .v4_bx         0x00000000        0x0 linker stubs

.iplt           0x080000f4        0x0
 .iplt          0x00000000        0x0 main.o

.rel.dyn        0x080000f4        0x0
 .rel.iplt      0x00000000        0x0 main.o

.data           0x20000000        0x4 load address 0x080000f4
                0x20000000                _S_DATA = .
 *(.data)
 .data          0x20000000        0x4 main.o
                0x20000000                R_ODR
 .data          0x20000004        0x0 startup.o
                0x20000004                . = ALIGN (0x4)
                0x20000004                _E_DATA = .

.igot.plt       0x20000004        0x0 load address 0x080000f8
 .igot.plt      0x00000000        0x0 main.o

.bss            0x20000004        0x0 load address 0x080000f8
                0x20000004                _S_bss = .
 *(.bss)
 .bss           0x20000004        0x0 main.o
 .bss           0x20000004        0x0 startup.o
                0x20000004                _E_bss = .
LOAD main.o
LOAD startup.o
OUTPUT(learn-in-depth.elf elf32-littlearm)

.debug_info     0x00000000      0x240
 .debug_info    0x00000000      0x148 main.o
 .debug_info    0x00000148       0xf8 startup.o

.debug_abbrev   0x00000000      0x18a
 .debug_abbrev  0x00000000       0xe0 main.o
 .debug_abbrev  0x000000e0       0xaa startup.o

.debug_loc      0x00000000       0x9c
 .debug_loc     0x00000000       0x38 main.o
 .debug_loc     0x00000038       0x64 startup.o

.debug_aranges  0x00000000       0x40
 .debug_aranges
                0x00000000       0x20 main.o
 .debug_aranges
                0x00000020       0x20 startup.o

.debug_line     0x00000000      0x127
 .debug_line    0x00000000       0x9e main.o
 .debug_line    0x0000009e       0x89 startup.o

.debug_str      0x00000000      0x151
 .debug_str     0x00000000       0xfe main.o
                                0x13b (size before relaxing)
 .debug_str     0x000000fe       0x53 startup.o
                                0x151 (size before relaxing)

.comment        0x00000000       0x11
 .comment       0x00000000       0x11 main.o
                                 0x12 (size before relaxing)
 .comment       0x00000000       0x12 startup.o

.ARM.attributes
                0x00000000       0x33
 .ARM.attributes
                0x00000000       0x33 main.o
 .ARM.attributes
                0x00000033       0x33 startup.o

.debug_frame    0x00000000       0x78
 .debug_frame   0x00000000       0x2c main.o
 .debug_frame   0x0000002c       0x4c startup.o
