<html>
<body>
<pre>
<h1>µVision Build Log</h1>
<h2>Tool Versions:</h2>
IDE-Version: µVision V5.32.0.0
Copyright (C) 2020 ARM Ltd and ARM Germany GmbH. All rights reserved.
License Information: Mahmoud Elyamani, Shouman, LIC=----
 
Tool Versions:
Toolchain:       MDK-Lite  Version: 5.32.0.0
Toolchain Path:  C:\Keil_v5\ARM\ARMCLANG\Bin
C Compiler:      ArmClang.exe V6.14.1
Assembler:       Armasm.exe V6.14.1
Linker/Locator:  ArmLink.exe V6.14.1
Library Manager: ArmAr.exe V6.14.1
Hex Converter:   FromElf.exe V6.14.1
CPU DLL:         SARMCM3.DLL V5.32.0.0
Dialog DLL:      DARMSTM.DLL V1.68.0.0
Target DLL:      UL2CM3.DLL V1.163.9.0
Dialog DLL:      TARMSTM.DLL V1.66.0.0
 
<h2>Project:</h2>
D:\Mahmoud's Stuff\Mastering-Embedded-Diploma\Unit8_MCU Interfacing\Lesson3_UART Controller\UART_Controller.uvprojx
Project File Date:  09/22/2026

<h2>Output:</h2>
*** Using Compiler 'V6.14.1', folder: 'C:\Keil_v5\ARM\ARMCLANG\Bin'
Build target 'Target 1'
MCAL/RCC_Drivers/Stm32_F103C6_RCC_driver.c(12): warning: non-void function does not return a value [-Wreturn-type]
}
^
MCAL/RCC_Drivers/Stm32_F103C6_RCC_driver.c(30): warning: non-void function does not return a value [-Wreturn-type]
}
^
MCAL/RCC_Drivers/Stm32_F103C6_RCC_driver.c(41): warning: non-void function does not return a value [-Wreturn-type]
}
^
3 warnings generated.
compiling Stm32_F103C6_RCC_driver.c...
linking...
Program Size: Code=880 RO-data=252 RW-data=0 ZI-data=1696  
FromELF: creating hex file...
".\Objects\UART_Controller.axf" - 0 Error(s), 3 Warning(s).

<h2>Software Packages used:</h2>

Package Vendor: ARM
                https://www.keil.com/pack/ARM.CMSIS.6.3.0.pack
                ARM.CMSIS.6.3.0
                CMSIS (Common Microcontroller Software Interface Standard)
   * Component: CORE Version: 6.2.0

Package Vendor: Keil
                https://www.keil.com/pack/Keil.STM32F1xx_DFP.2.4.1.pack
                Keil.STM32F1xx_DFP.2.4.1
                STMicroelectronics STM32F1 Series Device Support, Drivers and Examples
   * Component: Startup Version: 1.0.0

<h2>Collection of Component include folders:</h2>
  .\RTE\Device\STM32F103C8
  .\RTE\_Target_1
  C:\Users\Mahmoud Elyamani\Local\ARM\Packs\ARM\CMSIS\6.3.0\CMSIS\Core\Include
  C:\Users\Mahmoud Elyamani\Local\ARM\Packs\Keil\STM32F1xx_DFP\2.4.1\Device\Include

<h2>Collection of Component Files used:</h2>

   * Component: ARM::CMSIS:CORE:6.2.0

   * Component: Keil::Device:Startup:1.0.0
      Source file:   Device\Source\ARM\startup_stm32f10x_md.s
      Source file:   Device\Source\ARM\STM32F1xx_OPT.s
      Source file:   Device\Source\system_stm32f10x.c
      Include file:  RTE_Driver\Config\RTE_Device.h
Build Time Elapsed:  00:00:01
</pre>
</body>
</html>
